<?xml version="1.0" encoding="ISO-8859-1" ?>
<link_info>
   <banner>TI ARM Linker PC v18.12.4.LTS</banner>
   <copyright>Copyright (c) 1996-2018 Texas Instruments Incorporated</copyright>
   <link_time>0x5e4994f1</link_time>
   <link_errors>0x0</link_errors>
   <output_file>get_time.out</output_file>
   <entry_point>
      <name>_c_int00_noargs</name>
      <address>0x20010161</address>
   </entry_point>
   <input_file_list>
      <input_file id="fl-2">
         <path>.\</path>
         <kind>object</kind>
         <file>gpio_if.obj</file>
         <name>gpio_if.obj</name>
      </input_file>
      <input_file id="fl-3">
         <path>.\</path>
         <kind>object</kind>
         <file>main.obj</file>
         <name>main.obj</name>
      </input_file>
      <input_file id="fl-4">
         <path>.\</path>
         <kind>object</kind>
         <file>network_common.obj</file>
         <name>network_common.obj</name>
      </input_file>
      <input_file id="fl-5">
         <path>.\</path>
         <kind>object</kind>
         <file>network_if.obj</file>
         <name>network_if.obj</name>
      </input_file>
      <input_file id="fl-6">
         <path>.\</path>
         <kind>object</kind>
         <file>pinmux.obj</file>
         <name>pinmux.obj</name>
      </input_file>
      <input_file id="fl-7">
         <path>.\</path>
         <kind>object</kind>
         <file>startup_ccs.obj</file>
         <name>startup_ccs.obj</name>
      </input_file>
      <input_file id="fl-8">
         <path>.\</path>
         <kind>object</kind>
         <file>timer_if.obj</file>
         <name>timer_if.obj</name>
      </input_file>
      <input_file id="fl-9">
         <path>.\</path>
         <kind>object</kind>
         <file>uart_if.obj</file>
         <name>uart_if.obj</name>
      </input_file>
      <input_file id="fl-a">
         <path>.\</path>
         <kind>object</kind>
         <file>udma_if.obj</file>
         <name>udma_if.obj</name>
      </input_file>
      <input_file id="fl-11">
         <kind>object</kind>
         <file>&lt;internal&gt;</file>
         <name>&lt;internal&gt;</name>
      </input_file>
      <input_file id="fl-12">
         <path>C:\ti\CC3200SDK_1.5.0\cc3200-sdk\simplelink\ccs\OS_debug\</path>
         <kind>archive</kind>
         <file>simplelink.a</file>
         <name>device.obj</name>
      </input_file>
      <input_file id="fl-13">
         <path>C:\ti\CC3200SDK_1.5.0\cc3200-sdk\simplelink\ccs\OS_debug\</path>
         <kind>archive</kind>
         <file>simplelink.a</file>
         <name>driver.obj</name>
      </input_file>
      <input_file id="fl-14">
         <path>C:\ti\CC3200SDK_1.5.0\cc3200-sdk\simplelink\ccs\OS_debug\</path>
         <kind>archive</kind>
         <file>simplelink.a</file>
         <name>netapp.obj</name>
      </input_file>
      <input_file id="fl-15">
         <path>C:\ti\CC3200SDK_1.5.0\cc3200-sdk\simplelink\ccs\OS_debug\</path>
         <kind>archive</kind>
         <file>simplelink.a</file>
         <name>netcfg.obj</name>
      </input_file>
      <input_file id="fl-16">
         <path>C:\ti\CC3200SDK_1.5.0\cc3200-sdk\simplelink\ccs\OS_debug\</path>
         <kind>archive</kind>
         <file>simplelink.a</file>
         <name>socket.obj</name>
      </input_file>
      <input_file id="fl-17">
         <path>C:\ti\CC3200SDK_1.5.0\cc3200-sdk\simplelink\ccs\OS_debug\</path>
         <kind>archive</kind>
         <file>simplelink.a</file>
         <name>wlan.obj</name>
      </input_file>
      <input_file id="fl-18">
         <path>C:\ti\CC3200SDK_1.5.0\cc3200-sdk\simplelink\ccs\OS_debug\</path>
         <kind>archive</kind>
         <file>simplelink.a</file>
         <name>cc_pal.obj</name>
      </input_file>
      <input_file id="fl-19">
         <path>C:\ti\CC3200SDK_1.5.0\cc3200-sdk\driverlib\ccs\Release\</path>
         <kind>archive</kind>
         <file>driverlib.a</file>
         <name>gpio.obj</name>
      </input_file>
      <input_file id="fl-1a">
         <path>C:\ti\CC3200SDK_1.5.0\cc3200-sdk\driverlib\ccs\Release\</path>
         <kind>archive</kind>
         <file>driverlib.a</file>
         <name>interrupt.obj</name>
      </input_file>
      <input_file id="fl-1b">
         <path>C:\ti\CC3200SDK_1.5.0\cc3200-sdk\driverlib\ccs\Release\</path>
         <kind>archive</kind>
         <file>driverlib.a</file>
         <name>pin.obj</name>
      </input_file>
      <input_file id="fl-1c">
         <path>C:\ti\CC3200SDK_1.5.0\cc3200-sdk\driverlib\ccs\Release\</path>
         <kind>archive</kind>
         <file>driverlib.a</file>
         <name>prcm.obj</name>
      </input_file>
      <input_file id="fl-1d">
         <path>C:\ti\CC3200SDK_1.5.0\cc3200-sdk\driverlib\ccs\Release\</path>
         <kind>archive</kind>
         <file>driverlib.a</file>
         <name>spi.obj</name>
      </input_file>
      <input_file id="fl-1e">
         <path>C:\ti\CC3200SDK_1.5.0\cc3200-sdk\driverlib\ccs\Release\</path>
         <kind>archive</kind>
         <file>driverlib.a</file>
         <name>timer.obj</name>
      </input_file>
      <input_file id="fl-1f">
         <path>C:\ti\CC3200SDK_1.5.0\cc3200-sdk\driverlib\ccs\Release\</path>
         <kind>archive</kind>
         <file>driverlib.a</file>
         <name>uart.obj</name>
      </input_file>
      <input_file id="fl-20">
         <path>C:\ti\CC3200SDK_1.5.0\cc3200-sdk\driverlib\ccs\Release\</path>
         <kind>archive</kind>
         <file>driverlib.a</file>
         <name>udma.obj</name>
      </input_file>
      <input_file id="fl-21">
         <path>C:\ti\CC3200SDK_1.5.0\cc3200-sdk\driverlib\ccs\Release\</path>
         <kind>archive</kind>
         <file>driverlib.a</file>
         <name>utils.obj</name>
      </input_file>
      <input_file id="fl-22">
         <path>C:\ti\CC3200SDK_1.5.0\cc3200-sdk\driverlib\ccs\Release\</path>
         <kind>archive</kind>
         <file>driverlib.a</file>
         <name>cpu.obj</name>
      </input_file>
      <input_file id="fl-23">
         <path>C:\ti\CC3200SDK_1.5.0\cc3200-sdk\driverlib\ccs\Release\</path>
         <kind>archive</kind>
         <file>driverlib.a</file>
         <name>flash.obj</name>
      </input_file>
      <input_file id="fl-24">
         <path>C:\ti\CC3200SDK_1.5.0\cc3200-sdk\oslib\ccs\free_rtos\</path>
         <kind>archive</kind>
         <file>free_rtos.a</file>
         <name>osi_freertos.obj</name>
      </input_file>
      <input_file id="fl-25">
         <path>C:\ti\CC3200SDK_1.5.0\cc3200-sdk\oslib\ccs\free_rtos\</path>
         <kind>archive</kind>
         <file>free_rtos.a</file>
         <name>port.obj</name>
      </input_file>
      <input_file id="fl-26">
         <path>C:\ti\CC3200SDK_1.5.0\cc3200-sdk\oslib\ccs\free_rtos\</path>
         <kind>archive</kind>
         <file>free_rtos.a</file>
         <name>portasm.obj</name>
      </input_file>
      <input_file id="fl-27">
         <path>C:\ti\CC3200SDK_1.5.0\cc3200-sdk\oslib\ccs\free_rtos\</path>
         <kind>archive</kind>
         <file>free_rtos.a</file>
         <name>queue.obj</name>
      </input_file>
      <input_file id="fl-28">
         <path>C:\ti\CC3200SDK_1.5.0\cc3200-sdk\oslib\ccs\free_rtos\</path>
         <kind>archive</kind>
         <file>free_rtos.a</file>
         <name>tasks.obj</name>
      </input_file>
      <input_file id="fl-29">
         <path>C:\ti\CC3200SDK_1.5.0\cc3200-sdk\oslib\ccs\free_rtos\</path>
         <kind>archive</kind>
         <file>free_rtos.a</file>
         <name>heap_3.obj</name>
      </input_file>
      <input_file id="fl-2a">
         <path>C:\ti\CC3200SDK_1.5.0\cc3200-sdk\oslib\ccs\free_rtos\</path>
         <kind>archive</kind>
         <file>free_rtos.a</file>
         <name>list.obj</name>
      </input_file>
      <input_file id="fl-e0">
         <path>C:\ti\ccs930\ccs\tools\compiler\ti-cgt-arm_18.12.4.LTS\lib\</path>
         <kind>archive</kind>
         <file>rtsv7M4_T_le_eabi.lib</file>
         <name>vsnprintf.c.obj</name>
      </input_file>
      <input_file id="fl-e1">
         <path>C:\ti\ccs930\ccs\tools\compiler\ti-cgt-arm_18.12.4.LTS\lib\</path>
         <kind>archive</kind>
         <file>rtsv7M4_T_le_eabi.lib</file>
         <name>memcpy_t2.asm.obj</name>
      </input_file>
      <input_file id="fl-e2">
         <path>C:\ti\ccs930\ccs\tools\compiler\ti-cgt-arm_18.12.4.LTS\lib\</path>
         <kind>archive</kind>
         <file>rtsv7M4_T_le_eabi.lib</file>
         <name>ull_div_t2.asm.obj</name>
      </input_file>
      <input_file id="fl-e3">
         <path>C:\ti\ccs930\ccs\tools\compiler\ti-cgt-arm_18.12.4.LTS\lib\</path>
         <kind>archive</kind>
         <file>rtsv7M4_T_le_eabi.lib</file>
         <name>memset_t2.asm.obj</name>
      </input_file>
      <input_file id="fl-e4">
         <path>C:\ti\ccs930\ccs\tools\compiler\ti-cgt-arm_18.12.4.LTS\lib\</path>
         <kind>archive</kind>
         <file>rtsv7M4_T_le_eabi.lib</file>
         <name>copy_zero_init.c.obj</name>
      </input_file>
      <input_file id="fl-e5">
         <path>C:\ti\ccs930\ccs\tools\compiler\ti-cgt-arm_18.12.4.LTS\lib\</path>
         <kind>archive</kind>
         <file>rtsv7M4_T_le_eabi.lib</file>
         <name>copy_decompress_none.c.obj</name>
      </input_file>
      <input_file id="fl-e6">
         <path>C:\ti\ccs930\ccs\tools\compiler\ti-cgt-arm_18.12.4.LTS\lib\</path>
         <kind>archive</kind>
         <file>rtsv7M4_T_le_eabi.lib</file>
         <name>copy_decompress_lzss.c.obj</name>
      </input_file>
      <input_file id="fl-e7">
         <path>C:\ti\ccs930\ccs\tools\compiler\ti-cgt-arm_18.12.4.LTS\lib\</path>
         <kind>archive</kind>
         <file>rtsv7M4_T_le_eabi.lib</file>
         <name>memmov.c.obj</name>
      </input_file>
      <input_file id="fl-e8">
         <path>C:\ti\ccs930\ccs\tools\compiler\ti-cgt-arm_18.12.4.LTS\lib\</path>
         <kind>archive</kind>
         <file>rtsv7M4_T_le_eabi.lib</file>
         <name>memory.c.obj</name>
      </input_file>
      <input_file id="fl-e9">
         <path>C:\ti\ccs930\ccs\tools\compiler\ti-cgt-arm_18.12.4.LTS\lib\</path>
         <kind>archive</kind>
         <file>rtsv7M4_T_le_eabi.lib</file>
         <name>strlen.c.obj</name>
      </input_file>
      <input_file id="fl-ea">
         <path>C:\ti\ccs930\ccs\tools\compiler\ti-cgt-arm_18.12.4.LTS\lib\</path>
         <kind>archive</kind>
         <file>rtsv7M4_T_le_eabi.lib</file>
         <name>strncpy.c.obj</name>
      </input_file>
      <input_file id="fl-eb">
         <path>C:\ti\ccs930\ccs\tools\compiler\ti-cgt-arm_18.12.4.LTS\lib\</path>
         <kind>archive</kind>
         <file>rtsv7M4_T_le_eabi.lib</file>
         <name>boot_cortex_m.c.obj</name>
      </input_file>
      <input_file id="fl-ec">
         <path>C:\ti\ccs930\ccs\tools\compiler\ti-cgt-arm_18.12.4.LTS\lib\</path>
         <kind>archive</kind>
         <file>rtsv7M4_T_le_eabi.lib</file>
         <name>_printfi.c.obj</name>
      </input_file>
      <input_file id="fl-ed">
         <path>C:\ti\ccs930\ccs\tools\compiler\ti-cgt-arm_18.12.4.LTS\lib\</path>
         <kind>archive</kind>
         <file>rtsv7M4_T_le_eabi.lib</file>
         <name>div0.asm.obj</name>
      </input_file>
      <input_file id="fl-ee">
         <path>C:\ti\ccs930\ccs\tools\compiler\ti-cgt-arm_18.12.4.LTS\lib\</path>
         <kind>archive</kind>
         <file>rtsv7M4_T_le_eabi.lib</file>
         <name>fd_add_t2.asm.obj</name>
      </input_file>
      <input_file id="fl-ef">
         <path>C:\ti\ccs930\ccs\tools\compiler\ti-cgt-arm_18.12.4.LTS\lib\</path>
         <kind>archive</kind>
         <file>rtsv7M4_T_le_eabi.lib</file>
         <name>fd_cmp_t2.asm.obj</name>
      </input_file>
      <input_file id="fl-f0">
         <path>C:\ti\ccs930\ccs\tools\compiler\ti-cgt-arm_18.12.4.LTS\lib\</path>
         <kind>archive</kind>
         <file>rtsv7M4_T_le_eabi.lib</file>
         <name>fd_div_t2.asm.obj</name>
      </input_file>
      <input_file id="fl-f1">
         <path>C:\ti\ccs930\ccs\tools\compiler\ti-cgt-arm_18.12.4.LTS\lib\</path>
         <kind>archive</kind>
         <file>rtsv7M4_T_le_eabi.lib</file>
         <name>fd_mul_t2.asm.obj</name>
      </input_file>
      <input_file id="fl-f2">
         <path>C:\ti\ccs930\ccs\tools\compiler\ti-cgt-arm_18.12.4.LTS\lib\</path>
         <kind>archive</kind>
         <file>rtsv7M4_T_le_eabi.lib</file>
         <name>fd_toi_t2.asm.obj</name>
      </input_file>
      <input_file id="fl-f3">
         <path>C:\ti\ccs930\ccs\tools\compiler\ti-cgt-arm_18.12.4.LTS\lib\</path>
         <kind>archive</kind>
         <file>rtsv7M4_T_le_eabi.lib</file>
         <name>i_tofd_t2.asm.obj</name>
      </input_file>
      <input_file id="fl-f4">
         <path>C:\ti\ccs930\ccs\tools\compiler\ti-cgt-arm_18.12.4.LTS\lib\</path>
         <kind>archive</kind>
         <file>rtsv7M4_T_le_eabi.lib</file>
         <name>autoinit.c.obj</name>
      </input_file>
      <input_file id="fl-f5">
         <path>C:\ti\ccs930\ccs\tools\compiler\ti-cgt-arm_18.12.4.LTS\lib\</path>
         <kind>archive</kind>
         <file>rtsv7M4_T_le_eabi.lib</file>
         <name>pre_init.c.obj</name>
      </input_file>
      <input_file id="fl-f6">
         <path>C:\ti\ccs930\ccs\tools\compiler\ti-cgt-arm_18.12.4.LTS\lib\</path>
         <kind>archive</kind>
         <file>rtsv7M4_T_le_eabi.lib</file>
         <name>cpy_tbl.c.obj</name>
      </input_file>
      <input_file id="fl-f7">
         <path>C:\ti\ccs930\ccs\tools\compiler\ti-cgt-arm_18.12.4.LTS\lib\</path>
         <kind>archive</kind>
         <file>rtsv7M4_T_le_eabi.lib</file>
         <name>exit.c.obj</name>
      </input_file>
      <input_file id="fl-f8">
         <path>C:\ti\ccs930\ccs\tools\compiler\ti-cgt-arm_18.12.4.LTS\lib\</path>
         <kind>archive</kind>
         <file>rtsv7M4_T_le_eabi.lib</file>
         <name>_lock.c.obj</name>
      </input_file>
      <input_file id="fl-f9">
         <path>C:\ti\ccs930\ccs\tools\compiler\ti-cgt-arm_18.12.4.LTS\lib\</path>
         <kind>archive</kind>
         <file>rtsv7M4_T_le_eabi.lib</file>
         <name>args_main.c.obj</name>
      </input_file>
      <input_file id="fl-fa">
         <path>C:\ti\ccs930\ccs\tools\compiler\ti-cgt-arm_18.12.4.LTS\lib\</path>
         <kind>archive</kind>
         <file>rtsv7M4_T_le_eabi.lib</file>
         <name>atoi.c.obj</name>
      </input_file>
      <input_file id="fl-fb">
         <path>C:\ti\ccs930\ccs\tools\compiler\ti-cgt-arm_18.12.4.LTS\lib\</path>
         <kind>archive</kind>
         <file>rtsv7M4_T_le_eabi.lib</file>
         <name>ctype.c.obj</name>
      </input_file>
      <input_file id="fl-fc">
         <path>C:\ti\ccs930\ccs\tools\compiler\ti-cgt-arm_18.12.4.LTS\lib\</path>
         <kind>archive</kind>
         <file>rtsv7M4_T_le_eabi.lib</file>
         <name>ltoa.c.obj</name>
      </input_file>
      <input_file id="fl-fd">
         <path>C:\ti\ccs930\ccs\tools\compiler\ti-cgt-arm_18.12.4.LTS\lib\</path>
         <kind>archive</kind>
         <file>rtsv7M4_T_le_eabi.lib</file>
         <name>memccpy.c.obj</name>
      </input_file>
      <input_file id="fl-fe">
         <path>C:\ti\ccs930\ccs\tools\compiler\ti-cgt-arm_18.12.4.LTS\lib\</path>
         <kind>archive</kind>
         <file>rtsv7M4_T_le_eabi.lib</file>
         <name>strchr.c.obj</name>
      </input_file>
      <input_file id="fl-ff">
         <path>C:\ti\ccs930\ccs\tools\compiler\ti-cgt-arm_18.12.4.LTS\lib\</path>
         <kind>archive</kind>
         <file>rtsv7M4_T_le_eabi.lib</file>
         <name>errno.c.obj</name>
      </input_file>
      <input_file id="fl-100">
         <path>C:\ti\ccs930\ccs\tools\compiler\ti-cgt-arm_18.12.4.LTS\lib\</path>
         <kind>archive</kind>
         <file>rtsv7M4_T_le_eabi.lib</file>
         <name>wcslen.c.obj</name>
      </input_file>
      <input_file id="fl-101">
         <path>C:\ti\ccs930\ccs\tools\compiler\ti-cgt-arm_18.12.4.LTS\lib\</path>
         <kind>archive</kind>
         <file>rtsv7M4_T_le_eabi.lib</file>
         <name>s_frexp.c.obj</name>
      </input_file>
      <input_file id="fl-102">
         <path>C:\ti\ccs930\ccs\tools\compiler\ti-cgt-arm_18.12.4.LTS\lib\</path>
         <kind>archive</kind>
         <file>rtsv7M4_T_le_eabi.lib</file>
         <name>s_scalbn.c.obj</name>
      </input_file>
      <input_file id="fl-103">
         <path>C:\ti\ccs930\ccs\tools\compiler\ti-cgt-arm_18.12.4.LTS\lib\</path>
         <kind>archive</kind>
         <file>rtsv7M4_T_le_eabi.lib</file>
         <name>s_copysign.c.obj</name>
      </input_file>
   </input_file_list>
   <object_component_list>
      <object_component id="oc-f">
         <name>.intvecs</name>
         <load_address>0x20004000</load_address>
         <run_address>0x20004000</run_address>
         <size>0x400</size>
         <input_file_ref idref="fl-7"/>
      </object_component>
      <object_component id="oc-82">
         <name>.text</name>
         <load_address>0x20004400</load_address>
         <run_address>0x20004400</run_address>
         <size>0x1888</size>
         <input_file_ref idref="fl-28"/>
      </object_component>
      <object_component id="oc-fe">
         <name>.text</name>
         <load_address>0x20005c88</load_address>
         <run_address>0x20005c88</run_address>
         <size>0x12e8</size>
         <input_file_ref idref="fl-5"/>
      </object_component>
      <object_component id="oc-4ac">
         <name>.text</name>
         <load_address>0x20006f70</load_address>
         <run_address>0x20006f70</run_address>
         <size>0xdc8</size>
         <input_file_ref idref="fl-27"/>
      </object_component>
      <object_component id="oc-61a">
         <name>.text:__TI_printfi</name>
         <load_address>0x20007d38</load_address>
         <run_address>0x20007d38</run_address>
         <size>0xa4e</size>
         <input_file_ref idref="fl-ec"/>
      </object_component>
      <object_component id="oc-6ab">
         <name>.text:IntDefaultHandler</name>
         <load_address>0x20008786</load_address>
         <run_address>0x20008786</run_address>
         <size>0x2</size>
         <input_file_ref idref="fl-1a"/>
      </object_component>
      <object_component id="oc-bb">
         <name>.text</name>
         <load_address>0x20008788</load_address>
         <run_address>0x20008788</run_address>
         <size>0x8e8</size>
         <input_file_ref idref="fl-3"/>
      </object_component>
      <object_component id="oc-808">
         <name>.text:_SlDrvMsgRead</name>
         <load_address>0x20009070</load_address>
         <run_address>0x20009070</run_address>
         <size>0x590</size>
         <input_file_ref idref="fl-13"/>
      </object_component>
      <object_component id="oc-1bc">
         <name>.text</name>
         <load_address>0x20009600</load_address>
         <run_address>0x20009600</run_address>
         <size>0x464</size>
         <input_file_ref idref="fl-24"/>
      </object_component>
      <object_component id="oc-163">
         <name>.text</name>
         <load_address>0x20009a64</load_address>
         <run_address>0x20009a64</run_address>
         <size>0x390</size>
         <input_file_ref idref="fl-2"/>
      </object_component>
      <object_component id="oc-13f">
         <name>.text</name>
         <load_address>0x20009df4</load_address>
         <run_address>0x20009df4</run_address>
         <size>0x290</size>
         <input_file_ref idref="fl-9"/>
      </object_component>
      <object_component id="oc-289">
         <name>.text:sl_WlanConnect</name>
         <load_address>0x2000a084</load_address>
         <run_address>0x2000a084</run_address>
         <size>0x280</size>
         <input_file_ref idref="fl-17"/>
      </object_component>
      <object_component id="oc-7dd">
         <name>.text:_pconv_a</name>
         <load_address>0x2000a304</load_address>
         <run_address>0x2000a304</run_address>
         <size>0x268</size>
         <input_file_ref idref="fl-ec"/>
      </object_component>
      <object_component id="oc-904">
         <name>.text:_SlDrvRxHdrRead</name>
         <load_address>0x2000a56c</load_address>
         <run_address>0x2000a56c</run_address>
         <size>0x248</size>
         <input_file_ref idref="fl-13"/>
      </object_component>
      <object_component id="oc-35c">
         <name>.text:_SlDrvDataReadOp</name>
         <load_address>0x2000a7b4</load_address>
         <run_address>0x2000a7b4</run_address>
         <size>0x1e0</size>
         <input_file_ref idref="fl-13"/>
      </object_component>
      <object_component id="oc-524">
         <name>.text:_SlDrvReleasePoolObj</name>
         <load_address>0x2000a994</load_address>
         <run_address>0x2000a994</run_address>
         <size>0x1d0</size>
         <input_file_ref idref="fl-13"/>
      </object_component>
      <object_component id="oc-7cb">
         <name>.text:_pconv_g</name>
         <load_address>0x2000ab64</load_address>
         <run_address>0x2000ab64</run_address>
         <size>0x1cc</size>
         <input_file_ref idref="fl-ec"/>
      </object_component>
      <object_component id="oc-169">
         <name>.text</name>
         <load_address>0x2000ad30</load_address>
         <run_address>0x2000ad30</run_address>
         <size>0x1c0</size>
         <input_file_ref idref="fl-8"/>
      </object_component>
      <object_component id="oc-1b0">
         <name>.text</name>
         <load_address>0x2000aef0</load_address>
         <run_address>0x2000aef0</run_address>
         <size>0x1c0</size>
         <input_file_ref idref="fl-a"/>
      </object_component>
      <object_component id="oc-8b7">
         <name>.text</name>
         <load_address>0x2000b0b0</load_address>
         <run_address>0x2000b0b0</run_address>
         <size>0x1b6</size>
         <input_file_ref idref="fl-ee"/>
      </object_component>
      <object_component id="oc-6b8">
         <name>.text:_nop</name>
         <load_address>0x2000b266</load_address>
         <run_address>0x2000b266</run_address>
         <size>0x2</size>
         <input_file_ref idref="fl-f8"/>
      </object_component>
      <object_component id="oc-5e8">
         <name>.text:_SlDrvMsgWrite</name>
         <load_address>0x2000b268</load_address>
         <run_address>0x2000b268</run_address>
         <size>0x19c</size>
         <input_file_ref idref="fl-13"/>
      </object_component>
      <object_component id="oc-4fa">
         <name>.text:_SlDrvDriverCBInit</name>
         <load_address>0x2000b404</load_address>
         <run_address>0x2000b404</run_address>
         <size>0x190</size>
         <input_file_ref idref="fl-13"/>
      </object_component>
      <object_component id="oc-5a3">
         <name>.text:_SlDrvWaitForPoolObj</name>
         <load_address>0x2000b594</load_address>
         <run_address>0x2000b594</run_address>
         <size>0x190</size>
         <input_file_ref idref="fl-13"/>
      </object_component>
      <object_component id="oc-1a7">
         <name>.text:PRCMCC3200MCUInit</name>
         <load_address>0x2000b724</load_address>
         <run_address>0x2000b724</run_address>
         <size>0x178</size>
         <input_file_ref idref="fl-1c"/>
      </object_component>
      <object_component id="oc-916">
         <name>.text:_SlFindAndSetActiveObj</name>
         <load_address>0x2000b89c</load_address>
         <run_address>0x2000b89c</run_address>
         <size>0x170</size>
         <input_file_ref idref="fl-13"/>
      </object_component>
      <object_component id="oc-500">
         <name>.text:spi_Open</name>
         <load_address>0x2000ba0c</load_address>
         <run_address>0x2000ba0c</run_address>
         <size>0x150</size>
         <input_file_ref idref="fl-18"/>
      </object_component>
      <object_component id="oc-2f8">
         <name>.text:_SlDrvDataWriteOp</name>
         <load_address>0x2000bb5c</load_address>
         <run_address>0x2000bb5c</run_address>
         <size>0x14c</size>
         <input_file_ref idref="fl-13"/>
      </object_component>
      <object_component id="oc-29d">
         <name>.text:sl_NetAppDnsGetHostByName</name>
         <load_address>0x2000bca8</load_address>
         <run_address>0x2000bca8</run_address>
         <size>0x144</size>
         <input_file_ref idref="fl-14"/>
      </object_component>
      <object_component id="oc-139">
         <name>.text:sl_SendTo</name>
         <load_address>0x2000bdec</load_address>
         <run_address>0x2000bdec</run_address>
         <size>0x144</size>
         <input_file_ref idref="fl-16"/>
      </object_component>
      <object_component id="oc-647">
         <name>.text:_SlDrvMsgReadCmdCtx</name>
         <load_address>0x2000bf30</load_address>
         <run_address>0x2000bf30</run_address>
         <size>0x13c</size>
         <input_file_ref idref="fl-13"/>
      </object_component>
      <object_component id="oc-7d7">
         <name>.text:_pconv_e</name>
         <load_address>0x2000c06c</load_address>
         <run_address>0x2000c06c</run_address>
         <size>0x13c</size>
         <input_file_ref idref="fl-ec"/>
      </object_component>
      <object_component id="oc-14b">
         <name>.text:sl_RecvFrom</name>
         <load_address>0x2000c1a8</load_address>
         <run_address>0x2000c1a8</run_address>
         <size>0x13c</size>
         <input_file_ref idref="fl-16"/>
      </object_component>
      <object_component id="oc-89d">
         <name>.text</name>
         <load_address>0x2000c2e4</load_address>
         <run_address>0x2000c2e4</run_address>
         <size>0x136</size>
         <input_file_ref idref="fl-f0"/>
      </object_component>
      <object_component id="oc-e9">
         <name>.text</name>
         <load_address>0x2000c41a</load_address>
         <run_address>0x2000c41a</run_address>
         <size>0x12a</size>
         <input_file_ref idref="fl-2a"/>
      </object_component>
      <object_component id="oc-553">
         <name>.text:_SlDrvDriverCBDeinit</name>
         <load_address>0x2000c544</load_address>
         <run_address>0x2000c544</run_address>
         <size>0x124</size>
         <input_file_ref idref="fl-13"/>
      </object_component>
      <object_component id="oc-8c9">
         <name>.text:fcvt</name>
         <load_address>0x2000c668</load_address>
         <run_address>0x2000c668</run_address>
         <size>0x120</size>
         <input_file_ref idref="fl-ec"/>
      </object_component>
      <object_component id="oc-31">
         <name>.text</name>
         <load_address>0x2000c788</load_address>
         <run_address>0x2000c788</run_address>
         <size>0x11c</size>
         <input_file_ref idref="fl-25"/>
      </object_component>
      <object_component id="oc-4d8">
         <name>.text:aligned_alloc</name>
         <load_address>0x2000c8a4</load_address>
         <run_address>0x2000c8a4</run_address>
         <size>0x118</size>
         <input_file_ref idref="fl-e8"/>
      </object_component>
      <object_component id="oc-985">
         <name>.text:_SlDrvNetAppEventHandler</name>
         <load_address>0x2000c9bc</load_address>
         <run_address>0x2000c9bc</run_address>
         <size>0x104</size>
         <input_file_ref idref="fl-14"/>
      </object_component>
      <object_component id="oc-898">
         <name>.text</name>
         <load_address>0x2000cac0</load_address>
         <run_address>0x2000cac0</run_address>
         <size>0xfc</size>
         <input_file_ref idref="fl-f1"/>
      </object_component>
      <object_component id="oc-23f">
         <name>.text:sl_Start</name>
         <load_address>0x2000cbbc</load_address>
         <run_address>0x2000cbbc</run_address>
         <size>0xf0</size>
         <input_file_ref idref="fl-12"/>
      </object_component>
      <object_component id="oc-24b">
         <name>.text:sl_Stop</name>
         <load_address>0x2000ccac</load_address>
         <run_address>0x2000ccac</run_address>
         <size>0xf0</size>
         <input_file_ref idref="fl-12"/>
      </object_component>
      <object_component id="oc-46a">
         <name>.text:uDMAChannelTransferSet</name>
         <load_address>0x2000cd9c</load_address>
         <run_address>0x2000cd9c</run_address>
         <size>0xf0</size>
         <input_file_ref idref="fl-20"/>
      </object_component>
      <object_component id="oc-80e">
         <name>.text:_SlAsyncEventGenericHandler</name>
         <load_address>0x2000ce8c</load_address>
         <run_address>0x2000ce8c</run_address>
         <size>0xe8</size>
         <input_file_ref idref="fl-13"/>
      </object_component>
      <object_component id="oc-768">
         <name>.text:_SlDrvMsgReadSpawnCtx</name>
         <load_address>0x2000cf74</load_address>
         <run_address>0x2000cf74</run_address>
         <size>0xe8</size>
         <input_file_ref idref="fl-13"/>
      </object_component>
      <object_component id="oc-33d">
         <name>.text:realloc</name>
         <load_address>0x2000d05c</load_address>
         <run_address>0x2000d05c</run_address>
         <size>0xe8</size>
         <input_file_ref idref="fl-e8"/>
      </object_component>
      <object_component id="oc-224">
         <name>.text:free</name>
         <load_address>0x2000d144</load_address>
         <run_address>0x2000d144</run_address>
         <size>0xe4</size>
         <input_file_ref idref="fl-e8"/>
      </object_component>
      <object_component id="oc-583">
         <name>.text:sl_NetAppMDNSRegisterUnregisterService</name>
         <load_address>0x2000d228</load_address>
         <run_address>0x2000d228</run_address>
         <size>0xe4</size>
         <input_file_ref idref="fl-14"/>
      </object_component>
      <object_component id="oc-90a">
         <name>.text:_SlDrvClassifyRxMsg</name>
         <load_address>0x2000d30c</load_address>
         <run_address>0x2000d30c</run_address>
         <size>0xdc</size>
         <input_file_ref idref="fl-13"/>
      </object_component>
      <object_component id="oc-910">
         <name>.text:spi_Read</name>
         <load_address>0x2000d3e8</load_address>
         <run_address>0x2000d3e8</run_address>
         <size>0xdc</size>
         <input_file_ref idref="fl-18"/>
      </object_component>
      <object_component id="oc-297">
         <name>.text:sl_NetCfgGet</name>
         <load_address>0x2000d4c4</load_address>
         <run_address>0x2000d4c4</run_address>
         <size>0xd8</size>
         <input_file_ref idref="fl-15"/>
      </object_component>
      <object_component id="oc-8dd">
         <name>.text:scalbn</name>
         <load_address>0x2000d59c</load_address>
         <run_address>0x2000d59c</run_address>
         <size>0xd0</size>
         <input_file_ref idref="fl-102"/>
      </object_component>
      <object_component id="oc-9e2">
         <name>.text:_sl_HandleAsync_DnsGetHostByService</name>
         <load_address>0x2000d66c</load_address>
         <run_address>0x2000d66c</run_address>
         <size>0xcc</size>
         <input_file_ref idref="fl-14"/>
      </object_component>
      <object_component id="oc-251">
         <name>.text:sl_DevGet</name>
         <load_address>0x2000d738</load_address>
         <run_address>0x2000d738</run_address>
         <size>0xcc</size>
         <input_file_ref idref="fl-12"/>
      </object_component>
      <object_component id="oc-757">
         <name>.text:_SlRemoveFromList</name>
         <load_address>0x2000d804</load_address>
         <run_address>0x2000d804</run_address>
         <size>0xc4</size>
         <input_file_ref idref="fl-13"/>
      </object_component>
      <object_component id="oc-34d">
         <name>.text:_SlDrvCmdOp</name>
         <load_address>0x2000d8c8</load_address>
         <run_address>0x2000d8c8</run_address>
         <size>0xc0</size>
         <input_file_ref idref="fl-13"/>
      </object_component>
      <object_component id="oc-2c">
         <name>.text</name>
         <load_address>0x2000d988</load_address>
         <run_address>0x2000d988</run_address>
         <size>0xba</size>
         <input_file_ref idref="fl-26"/>
      </object_component>
      <object_component id="oc-93a">
         <name>.text</name>
         <load_address>0x2000da42</load_address>
         <run_address>0x2000da42</run_address>
         <size>0x2</size>
         <input_file_ref idref="fl-ed"/>
      </object_component>
      <object_component id="oc-145">
         <name>.text:sl_Bind</name>
         <load_address>0x2000da44</load_address>
         <run_address>0x2000da44</run_address>
         <size>0xb8</size>
         <input_file_ref idref="fl-16"/>
      </object_component>
      <object_component id="oc-7c0">
         <name>.text:_ltostr</name>
         <load_address>0x2000dafc</load_address>
         <run_address>0x2000dafc</run_address>
         <size>0xb1</size>
         <input_file_ref idref="fl-ec"/>
      </object_component>
      <object_component id="oc-4a0">
         <name>.text:IntDisable</name>
         <load_address>0x2000dbb0</load_address>
         <run_address>0x2000dbb0</run_address>
         <size>0xa8</size>
         <input_file_ref idref="fl-1a"/>
      </object_component>
      <object_component id="oc-1a1">
         <name>.text:IntEnable</name>
         <load_address>0x2000dc58</load_address>
         <run_address>0x2000dc58</run_address>
         <size>0xa8</size>
         <input_file_ref idref="fl-1a"/>
      </object_component>
      <object_component id="oc-6fc">
         <name>.text:SPIConfigSetExpClk</name>
         <load_address>0x2000dd00</load_address>
         <run_address>0x2000dd00</run_address>
         <size>0xa0</size>
         <input_file_ref idref="fl-1d"/>
      </object_component>
      <object_component id="oc-750">
         <name>.text:_SlDriverHandleError</name>
         <load_address>0x2000dda0</load_address>
         <run_address>0x2000dda0</run_address>
         <size>0xa0</size>
         <input_file_ref idref="fl-13"/>
      </object_component>
      <object_component id="oc-45">
         <name>.text</name>
         <load_address>0x2000de40</load_address>
         <run_address>0x2000de40</run_address>
         <size>0x9c</size>
         <input_file_ref idref="fl-e1"/>
      </object_component>
      <object_component id="oc-9c8">
         <name>.text:_SlDrvDeviceEventHandler</name>
         <load_address>0x2000dedc</load_address>
         <run_address>0x2000dedc</run_address>
         <size>0x9a</size>
         <input_file_ref idref="fl-12"/>
      </object_component>
      <object_component id="oc-269">
         <name>.text:sl_NetCfgSet</name>
         <load_address>0x2000df78</load_address>
         <run_address>0x2000df78</run_address>
         <size>0x98</size>
         <input_file_ref idref="fl-15"/>
      </object_component>
      <object_component id="oc-184">
         <name>.text:sl_SetSockOpt</name>
         <load_address>0x2000e010</load_address>
         <run_address>0x2000e010</run_address>
         <size>0x98</size>
         <input_file_ref idref="fl-16"/>
      </object_component>
      <object_component id="oc-26f">
         <name>.text:sl_WlanSet</name>
         <load_address>0x2000e0a8</load_address>
         <run_address>0x2000e0a8</run_address>
         <size>0x98</size>
         <input_file_ref idref="fl-17"/>
      </object_component>
      <object_component id="oc-891">
         <name>.text</name>
         <load_address>0x2000e140</load_address>
         <run_address>0x2000e140</run_address>
         <size>0x96</size>
         <input_file_ref idref="fl-e2"/>
      </object_component>
      <object_component id="oc-313">
         <name>.text:PRCMPeripheralClockGet</name>
         <load_address>0x2000e1d8</load_address>
         <run_address>0x2000e1d8</run_address>
         <size>0x94</size>
         <input_file_ref idref="fl-1c"/>
      </object_component>
      <object_component id="oc-9dc">
         <name>.text:_sl_HandleAsync_DnsGetHostByName</name>
         <load_address>0x2000e26c</load_address>
         <run_address>0x2000e26c</run_address>
         <size>0x90</size>
         <input_file_ref idref="fl-14"/>
      </object_component>
      <object_component id="oc-98b">
         <name>.text:_sl_HandleAsync_PingResponse</name>
         <load_address>0x2000e2fc</load_address>
         <run_address>0x2000e2fc</run_address>
         <size>0x90</size>
         <input_file_ref idref="fl-14"/>
      </object_component>
      <object_component id="oc-257">
         <name>.text:sl_WlanPolicySet</name>
         <load_address>0x2000e38c</load_address>
         <run_address>0x2000e38c</run_address>
         <size>0x90</size>
         <input_file_ref idref="fl-17"/>
      </object_component>
      <object_component id="oc-992">
         <name>.text:SetupDMAReceive</name>
         <load_address>0x2000e41c</load_address>
         <run_address>0x2000e41c</run_address>
         <size>0x8c</size>
         <input_file_ref idref="fl-18"/>
      </object_component>
      <object_component id="oc-871">
         <name>.text:SetupDMASend</name>
         <load_address>0x2000e4a8</load_address>
         <run_address>0x2000e4a8</run_address>
         <size>0x8c</size>
         <input_file_ref idref="fl-18"/>
      </object_component>
      <object_component id="oc-975">
         <name>.text:_SlDrvIsTimeoutExpired</name>
         <load_address>0x2000e534</load_address>
         <run_address>0x2000e534</run_address>
         <size>0x8c</size>
         <input_file_ref idref="fl-13"/>
      </object_component>
      <object_component id="oc-a21">
         <name>.text:_sl_HandleAsync_InitComplete</name>
         <load_address>0x2000e5c0</load_address>
         <run_address>0x2000e5c0</run_address>
         <size>0x8c</size>
         <input_file_ref idref="fl-12"/>
      </object_component>
      <object_component id="oc-17e">
         <name>.text:sl_Socket</name>
         <load_address>0x2000e64c</load_address>
         <run_address>0x2000e64c</run_address>
         <size>0x8c</size>
         <input_file_ref idref="fl-16"/>
      </object_component>
      <object_component id="oc-7ae">
         <name>.text:spi_Write</name>
         <load_address>0x2000e6d8</load_address>
         <run_address>0x2000e6d8</run_address>
         <size>0x8c</size>
         <input_file_ref idref="fl-18"/>
      </object_component>
      <object_component id="oc-699">
         <name>.text:PinConfigSet</name>
         <load_address>0x2000e764</load_address>
         <run_address>0x2000e764</run_address>
         <size>0x88</size>
         <input_file_ref idref="fl-1b"/>
      </object_component>
      <object_component id="oc-7c6">
         <name>.text:__aeabi_cdcmple</name>
         <load_address>0x2000e7ec</load_address>
         <run_address>0x2000e7ec</run_address>
         <size>0x86</size>
         <input_file_ref idref="fl-ef"/>
      </object_component>
      <object_component id="oc-8a2">
         <name>.text:__aeabi_cdrcmple</name>
         <load_address>0x2000e872</load_address>
         <run_address>0x2000e872</run_address>
         <size>0x86</size>
         <input_file_ref idref="fl-ef"/>
      </object_component>
      <object_component id="oc-4f4">
         <name>.text:NwpPowerOnPreamble</name>
         <load_address>0x2000e8f8</load_address>
         <run_address>0x2000e8f8</run_address>
         <size>0x84</size>
         <input_file_ref idref="fl-18"/>
      </object_component>
      <object_component id="oc-281">
         <name>.text:sl_WlanRxFilterSet</name>
         <load_address>0x2000e97c</load_address>
         <run_address>0x2000e97c</run_address>
         <size>0x84</size>
         <input_file_ref idref="fl-17"/>
      </object_component>
      <object_component id="oc-379">
         <name>.text:GPIOIntTypeSet</name>
         <load_address>0x2000ea00</load_address>
         <run_address>0x2000ea00</run_address>
         <size>0x82</size>
         <input_file_ref idref="fl-19"/>
      </object_component>
      <object_component id="oc-a04">
         <name>.text:_sl_HandleAsync_Connect</name>
         <load_address>0x2000ea84</load_address>
         <run_address>0x2000ea84</run_address>
         <size>0x80</size>
         <input_file_ref idref="fl-16"/>
      </object_component>
      <object_component id="oc-998">
         <name>.text:spi_Read_CPU</name>
         <load_address>0x2000eb04</load_address>
         <run_address>0x2000eb04</run_address>
         <size>0x80</size>
         <input_file_ref idref="fl-18"/>
      </object_component>
      <object_component id="oc-883">
         <name>.text:spi_Write_CPU</name>
         <load_address>0x2000eb84</load_address>
         <run_address>0x2000eb84</run_address>
         <size>0x80</size>
         <input_file_ref idref="fl-18"/>
      </object_component>
      <object_component id="oc-af">
         <name>.text</name>
         <load_address>0x2000ec04</load_address>
         <run_address>0x2000ec04</run_address>
         <size>0x7a</size>
         <input_file_ref idref="fl-e3"/>
      </object_component>
      <object_component id="oc-54d">
         <name>.text:spi_Close</name>
         <load_address>0x2000ec80</load_address>
         <run_address>0x2000ec80</run_address>
         <size>0x78</size>
         <input_file_ref idref="fl-18"/>
      </object_component>
      <object_component id="oc-319">
         <name>.text:UARTConfigSetExpClk</name>
         <load_address>0x2000ecf8</load_address>
         <run_address>0x2000ecf8</run_address>
         <size>0x76</size>
         <input_file_ref idref="fl-1f"/>
      </object_component>
      <object_component id="oc-63c">
         <name>.text:split</name>
         <load_address>0x2000ed70</load_address>
         <run_address>0x2000ed70</run_address>
         <size>0x70</size>
         <input_file_ref idref="fl-e8"/>
      </object_component>
      <object_component id="oc-8c2">
         <name>.text:_mcpy</name>
         <load_address>0x2000ede0</load_address>
         <run_address>0x2000ede0</run_address>
         <size>0x6e</size>
         <input_file_ref idref="fl-ec"/>
      </object_component>
      <object_component id="oc-a39">
         <name>.text:_SlDrvCmdSend</name>
         <load_address>0x2000ee50</load_address>
         <run_address>0x2000ee50</run_address>
         <size>0x6c</size>
         <input_file_ref idref="fl-13"/>
      </object_component>
      <object_component id="oc-9ee">
         <name>.text:_sl_NetAppSendTokenValue</name>
         <load_address>0x2000eebc</load_address>
         <run_address>0x2000eebc</run_address>
         <size>0x6c</size>
         <input_file_ref idref="fl-14"/>
      </object_component>
      <object_component id="oc-3d7">
         <name>.text:TimerIntUnregister</name>
         <load_address>0x2000ef28</load_address>
         <run_address>0x2000ef28</run_address>
         <size>0x68</size>
         <input_file_ref idref="fl-1e"/>
      </object_component>
      <object_component id="oc-12">
         <name>.text:decompress:lzss:__TI_decompress_lzss</name>
         <load_address>0x2000ef90</load_address>
         <run_address>0x2000ef90</run_address>
         <size>0x68</size>
         <input_file_ref idref="fl-e6"/>
      </object_component>
      <object_component id="oc-9fe">
         <name>.text:_sl_HandleAsync_Accept</name>
         <load_address>0x2000eff8</load_address>
         <run_address>0x2000eff8</run_address>
         <size>0x64</size>
         <input_file_ref idref="fl-16"/>
      </object_component>
      <object_component id="oc-275">
         <name>.text:sl_NetAppMDNSUnRegisterService</name>
         <load_address>0x2000f05c</load_address>
         <run_address>0x2000f05c</run_address>
         <size>0x64</size>
         <input_file_ref idref="fl-14"/>
      </object_component>
      <object_component id="oc-440">
         <name>.text:uDMAChannelAttributeDisable</name>
         <load_address>0x2000f0c0</load_address>
         <run_address>0x2000f0c0</run_address>
         <size>0x64</size>
         <input_file_ref idref="fl-20"/>
      </object_component>
      <object_component id="oc-464">
         <name>.text:uDMAChannelAttributeEnable</name>
         <load_address>0x2000f124</load_address>
         <run_address>0x2000f124</run_address>
         <size>0x64</size>
         <input_file_ref idref="fl-20"/>
      </object_component>
      <object_component id="oc-18b">
         <name>.text:sl_Close</name>
         <load_address>0x2000f188</load_address>
         <run_address>0x2000f188</run_address>
         <size>0x60</size>
         <input_file_ref idref="fl-16"/>
      </object_component>
      <object_component id="oc-25d">
         <name>.text:sl_WlanProfileDel</name>
         <load_address>0x2000f1e8</load_address>
         <run_address>0x2000f1e8</run_address>
         <size>0x60</size>
         <input_file_ref idref="fl-17"/>
      </object_component>
      <object_component id="oc-245">
         <name>.text:sl_WlanSetMode</name>
         <load_address>0x2000f248</load_address>
         <run_address>0x2000f248</run_address>
         <size>0x60</size>
         <input_file_ref idref="fl-17"/>
      </object_component>
      <object_component id="oc-8d7">
         <name>.text:frexp</name>
         <load_address>0x2000f2a8</load_address>
         <run_address>0x2000f2a8</run_address>
         <size>0x5c</size>
         <input_file_ref idref="fl-101"/>
      </object_component>
      <object_component id="oc-742">
         <name>.text:IntPendClear</name>
         <load_address>0x2000f304</load_address>
         <run_address>0x2000f304</run_address>
         <size>0x58</size>
         <input_file_ref idref="fl-1a"/>
      </object_component>
      <object_component id="oc-3a7">
         <name>.text:PRCMPeripheralReset</name>
         <load_address>0x2000f35c</load_address>
         <run_address>0x2000f35c</run_address>
         <size>0x58</size>
         <input_file_ref idref="fl-1c"/>
      </object_component>
      <object_component id="oc-7d1">
         <name>.text:_pconv_f</name>
         <load_address>0x2000f3b4</load_address>
         <run_address>0x2000f3b4</run_address>
         <size>0x56</size>
         <input_file_ref idref="fl-ec"/>
      </object_component>
      <object_component id="oc-49a">
         <name>.text:IntPrioritySet</name>
         <load_address>0x2000f40c</load_address>
         <run_address>0x2000f40c</run_address>
         <size>0x54</size>
         <input_file_ref idref="fl-1a"/>
      </object_component>
      <object_component id="oc-a0a">
         <name>.text:_sl_HandleAsync_Select</name>
         <load_address>0x2000f460</load_address>
         <run_address>0x2000f460</run_address>
         <size>0x54</size>
         <input_file_ref idref="fl-16"/>
      </object_component>
      <object_component id="oc-8ac">
         <name>.text:ltoa</name>
         <load_address>0x2000f4b4</load_address>
         <run_address>0x2000f4b4</run_address>
         <size>0x54</size>
         <input_file_ref idref="fl-fc"/>
      </object_component>
      <object_component id="oc-8bc">
         <name>.text:_ecpy</name>
         <load_address>0x2000f508</load_address>
         <run_address>0x2000f508</run_address>
         <size>0x52</size>
         <input_file_ref idref="fl-ec"/>
      </object_component>
      <object_component id="oc-530">
         <name>.text:_SlDrvRxIrqHandler</name>
         <load_address>0x2000f55c</load_address>
         <run_address>0x2000f55c</run_address>
         <size>0x50</size>
         <input_file_ref idref="fl-13"/>
      </object_component>
      <object_component id="oc-a10">
         <name>.text:_sl_HandleAsync_Stop</name>
         <load_address>0x2000f5ac</load_address>
         <run_address>0x2000f5ac</run_address>
         <size>0x50</size>
         <input_file_ref idref="fl-12"/>
      </object_component>
      <object_component id="oc-1b6">
         <name>.text</name>
         <load_address>0x2000f5fc</load_address>
         <run_address>0x2000f5fc</run_address>
         <size>0x50</size>
         <input_file_ref idref="fl-6"/>
      </object_component>
      <object_component id="oc-720">
         <name>.text:SPIIntEnable</name>
         <load_address>0x2000f64c</load_address>
         <run_address>0x2000f64c</run_address>
         <size>0x4c</size>
         <input_file_ref idref="fl-1d"/>
      </object_component>
      <object_component id="oc-506">
         <name>.text:_SlDrvProtectAsyncRespSetting</name>
         <load_address>0x2000f698</load_address>
         <run_address>0x2000f698</run_address>
         <size>0x4c</size>
         <input_file_ref idref="fl-13"/>
      </object_component>
      <object_component id="oc-2f2">
         <name>.text:_sl_BuildAddress</name>
         <load_address>0x2000f6e4</load_address>
         <run_address>0x2000f6e4</run_address>
         <size>0x4c</size>
         <input_file_ref idref="fl-16"/>
      </object_component>
      <object_component id="oc-7ba">
         <name>.text:atoi</name>
         <load_address>0x2000f730</load_address>
         <run_address>0x2000f730</run_address>
         <size>0x4c</size>
         <input_file_ref idref="fl-fa"/>
      </object_component>
      <object_component id="oc-43a">
         <name>.text:uDMAChannelAssign</name>
         <load_address>0x2000f77c</load_address>
         <run_address>0x2000f77c</run_address>
         <size>0x4c</size>
         <input_file_ref idref="fl-20"/>
      </object_component>
      <object_component id="oc-859">
         <name>.text:SPIIntClear</name>
         <load_address>0x2000f7c8</load_address>
         <run_address>0x2000f7c8</run_address>
         <size>0x48</size>
         <input_file_ref idref="fl-1d"/>
      </object_component>
      <object_component id="oc-56e">
         <name>.text:_SlDrvBasicCmd</name>
         <load_address>0x2000f810</load_address>
         <run_address>0x2000f810</run_address>
         <size>0x48</size>
         <input_file_ref idref="fl-13"/>
      </object_component>
      <object_component id="oc-8a7">
         <name>.text</name>
         <load_address>0x2000f858</load_address>
         <run_address>0x2000f858</run_address>
         <size>0x48</size>
         <input_file_ref idref="fl-f2"/>
      </object_component>
      <object_component id="oc-848">
         <name>.text:SPIDmaMaskGet</name>
         <load_address>0x2000f8a0</load_address>
         <run_address>0x2000f8a0</run_address>
         <size>0x44</size>
         <input_file_ref idref="fl-1d"/>
      </object_component>
      <object_component id="oc-3ad">
         <name>.text:TimerConfigure</name>
         <load_address>0x2000f8e4</load_address>
         <run_address>0x2000f8e4</run_address>
         <size>0x44</size>
         <input_file_ref idref="fl-1e"/>
      </object_component>
      <object_component id="oc-a32">
         <name>.text:_SlDrvHandleHttpServerEvents</name>
         <load_address>0x2000f928</load_address>
         <run_address>0x2000f928</run_address>
         <size>0x44</size>
         <input_file_ref idref="fl-13"/>
      </object_component>
      <object_component id="oc-1d6">
         <name>.text:__TI_auto_init_nobinit_nopinit:__TI_auto_init_nobinit_nopinit</name>
         <load_address>0x2000f96c</load_address>
         <run_address>0x2000f96c</run_address>
         <size>0x44</size>
         <input_file_ref idref="fl-f4"/>
      </object_component>
      <object_component id="oc-92b">
         <name>.text:cc_SetupTransfer</name>
         <load_address>0x2000f9b0</load_address>
         <run_address>0x2000f9b0</run_address>
         <size>0x44</size>
         <input_file_ref idref="fl-18"/>
      </object_component>
      <object_component id="oc-693">
         <name>.text:PinModeSet</name>
         <load_address>0x2000f9f4</load_address>
         <run_address>0x2000f9f4</run_address>
         <size>0x40</size>
         <input_file_ref idref="fl-1b"/>
      </object_component>
      <object_component id="oc-9d4">
         <name>.text:_SlDrvHandleNetAppEvents</name>
         <load_address>0x2000fa34</load_address>
         <run_address>0x2000fa34</run_address>
         <size>0x40</size>
         <input_file_ref idref="fl-13"/>
      </object_component>
      <object_component id="oc-9ce">
         <name>.text:_SlDrvHandleWlanEvents</name>
         <load_address>0x2000fa74</load_address>
         <run_address>0x2000fa74</run_address>
         <size>0x40</size>
         <input_file_ref idref="fl-13"/>
      </object_component>
      <object_component id="oc-51e">
         <name>.text:_SlDrvSyncObjWaitTimeout</name>
         <load_address>0x2000fab4</load_address>
         <run_address>0x2000fab4</run_address>
         <size>0x40</size>
         <input_file_ref idref="fl-13"/>
      </object_component>
      <object_component id="oc-2ec">
         <name>.text:_sl_TruncatePayloadByProtocol</name>
         <load_address>0x2000faf4</load_address>
         <run_address>0x2000faf4</run_address>
         <size>0x40</size>
         <input_file_ref idref="fl-16"/>
      </object_component>
      <object_component id="oc-325">
         <name>.text:vsnprintf</name>
         <load_address>0x2000fb34</load_address>
         <run_address>0x2000fb34</run_address>
         <size>0x40</size>
         <input_file_ref idref="fl-e0"/>
      </object_component>
      <object_component id="oc-8cf">
         <name>.text:_fcpy</name>
         <load_address>0x2000fb74</load_address>
         <run_address>0x2000fb74</run_address>
         <size>0x3e</size>
         <input_file_ref idref="fl-ec"/>
      </object_component>
      <object_component id="oc-9f5">
         <name>.text:CopyPingResultsToReport</name>
         <load_address>0x2000fbb2</load_address>
         <run_address>0x2000fbb2</run_address>
         <size>0x3c</size>
         <input_file_ref idref="fl-14"/>
      </object_component>
      <object_component id="oc-3a1">
         <name>.text:PRCMPeripheralClkEnable</name>
         <load_address>0x2000fbf0</load_address>
         <run_address>0x2000fbf0</run_address>
         <size>0x3c</size>
         <input_file_ref idref="fl-1c"/>
      </object_component>
      <object_component id="oc-a1a">
         <name>.text:simplelink_timerA2_start</name>
         <load_address>0x2000fc2c</load_address>
         <run_address>0x2000fc2c</run_address>
         <size>0x3c</size>
         <input_file_ref idref="fl-18"/>
      </object_component>
      <object_component id="oc-45e">
         <name>.text:uDMAChannelControlSet</name>
         <load_address>0x2000fc68</load_address>
         <run_address>0x2000fc68</run_address>
         <size>0x3c</size>
         <input_file_ref idref="fl-20"/>
      </object_component>
      <object_component id="oc-50c">
         <name>.text:NwpPowerOff</name>
         <load_address>0x2000fca4</load_address>
         <run_address>0x2000fca4</run_address>
         <size>0x38</size>
         <input_file_ref idref="fl-18"/>
      </object_component>
      <object_component id="oc-e3">
         <name>.text</name>
         <load_address>0x2000fcdc</load_address>
         <run_address>0x2000fcdc</run_address>
         <size>0x38</size>
         <input_file_ref idref="fl-29"/>
      </object_component>
      <object_component id="oc-263">
         <name>.text:sl_WlanDisconnect</name>
         <load_address>0x2000fd14</load_address>
         <run_address>0x2000fd14</run_address>
         <size>0x38</size>
         <input_file_ref idref="fl-17"/>
      </object_component>
      <object_component id="oc-48d">
         <name>.text:GPIODirModeSet</name>
         <load_address>0x2000fd4c</load_address>
         <run_address>0x2000fd4c</run_address>
         <size>0x36</size>
         <input_file_ref idref="fl-19"/>
      </object_component>
      <object_component id="oc-28f">
         <name>.text:strncpy</name>
         <load_address>0x2000fd82</load_address>
         <run_address>0x2000fd82</run_address>
         <size>0x36</size>
         <input_file_ref idref="fl-ea"/>
      </object_component>
      <object_component id="oc-518">
         <name>.text:NwpPowerOn</name>
         <load_address>0x2000fdb8</load_address>
         <run_address>0x2000fdb8</run_address>
         <size>0x34</size>
         <input_file_ref idref="fl-18"/>
      </object_component>
      <object_component id="oc-702">
         <name>.text:PRCMPeripheralStatusGet</name>
         <load_address>0x2000fdec</load_address>
         <run_address>0x2000fdec</run_address>
         <size>0x34</size>
         <input_file_ref idref="fl-1c"/>
      </object_component>
      <object_component id="oc-71a">
         <name>.text:SPIFIFOLevelSet</name>
         <load_address>0x2000fe20</load_address>
         <run_address>0x2000fe20</run_address>
         <size>0x34</size>
         <input_file_ref idref="fl-1d"/>
      </object_component>
      <object_component id="oc-487">
         <name>.text:PinTypeGPIO</name>
         <load_address>0x2000fe54</load_address>
         <run_address>0x2000fe54</run_address>
         <size>0x30</size>
         <input_file_ref idref="fl-1b"/>
      </object_component>
      <object_component id="oc-60c">
         <name>.text:UARTDisable</name>
         <load_address>0x2000fe84</load_address>
         <run_address>0x2000fe84</run_address>
         <size>0x30</size>
         <input_file_ref idref="fl-1f"/>
      </object_component>
      <object_component id="oc-620">
         <name>.text:_outs</name>
         <load_address>0x2000feb4</load_address>
         <run_address>0x2000feb4</run_address>
         <size>0x30</size>
         <input_file_ref idref="fl-e0"/>
      </object_component>
      <object_component id="oc-8b2">
         <name>.text</name>
         <load_address>0x2000fee4</load_address>
         <run_address>0x2000fee4</run_address>
         <size>0x2e</size>
         <input_file_ref idref="fl-f3"/>
      </object_component>
      <object_component id="oc-732">
         <name>.text:DmaSpiSwIntHandler</name>
         <load_address>0x2000ff14</load_address>
         <run_address>0x2000ff14</run_address>
         <size>0x2c</size>
         <input_file_ref idref="fl-18"/>
      </object_component>
      <object_component id="oc-407">
         <name>.text:PRCMSysResetCauseGet</name>
         <load_address>0x2000ff40</load_address>
         <run_address>0x2000ff40</run_address>
         <size>0x2c</size>
         <input_file_ref idref="fl-1c"/>
      </object_component>
      <object_component id="oc-3bf">
         <name>.text:TimerLoadSet</name>
         <load_address>0x2000ff6c</load_address>
         <run_address>0x2000ff6c</run_address>
         <size>0x2a</size>
         <input_file_ref idref="fl-1e"/>
      </object_component>
      <object_component id="oc-3b3">
         <name>.text:TimerPrescaleSet</name>
         <load_address>0x2000ff96</load_address>
         <run_address>0x2000ff96</run_address>
         <size>0x2a</size>
         <input_file_ref idref="fl-1e"/>
      </object_component>
      <object_component id="oc-419">
         <name>.text:PRCMPeripheralClkDisable</name>
         <load_address>0x2000ffc0</load_address>
         <run_address>0x2000ffc0</run_address>
         <size>0x28</size>
         <input_file_ref idref="fl-1c"/>
      </object_component>
      <object_component id="oc-5dc">
         <name>.text:_SlDrvObjGlobalLockWaitForever</name>
         <load_address>0x2000ffe8</load_address>
         <run_address>0x2000ffe8</run_address>
         <size>0x28</size>
         <input_file_ref idref="fl-13"/>
      </object_component>
      <object_component id="oc-5a9">
         <name>.text:_SlDrvProtectionObjLockWaitForever</name>
         <load_address>0x20010010</load_address>
         <run_address>0x20010010</run_address>
         <size>0x28</size>
         <input_file_ref idref="fl-13"/>
      </object_component>
      <object_component id="oc-4e5">
         <name>.text:free_list_insert</name>
         <load_address>0x20010038</load_address>
         <run_address>0x20010038</run_address>
         <size>0x28</size>
         <input_file_ref idref="fl-e8"/>
      </object_component>
      <object_component id="oc-512">
         <name>.text:NwpRegisterInterruptHandler</name>
         <load_address>0x20010060</load_address>
         <run_address>0x20010060</run_address>
         <size>0x26</size>
         <input_file_ref idref="fl-18"/>
      </object_component>
      <object_component id="oc-a4a">
         <name>.text</name>
         <load_address>0x20010086</load_address>
         <run_address>0x20010086</run_address>
         <size>0x26</size>
         <input_file_ref idref="fl-4"/>
      </object_component>
      <object_component id="oc-4a6">
         <name>.text:IntUnregister</name>
         <load_address>0x200100ac</load_address>
         <run_address>0x200100ac</run_address>
         <size>0x24</size>
         <input_file_ref idref="fl-1a"/>
      </object_component>
      <object_component id="oc-612">
         <name>.text:UARTEnable</name>
         <load_address>0x200100d0</load_address>
         <run_address>0x200100d0</run_address>
         <size>0x24</size>
         <input_file_ref idref="fl-1f"/>
      </object_component>
      <object_component id="oc-5e2">
         <name>.text:_SlDrvGlobalObjUnLock</name>
         <load_address>0x200100f4</load_address>
         <run_address>0x200100f4</run_address>
         <size>0x24</size>
         <input_file_ref idref="fl-13"/>
      </object_component>
      <object_component id="oc-5af">
         <name>.text:_SlDrvProtectionObjUnLock</name>
         <load_address>0x20010118</load_address>
         <run_address>0x20010118</run_address>
         <size>0x24</size>
         <input_file_ref idref="fl-13"/>
      </object_component>
      <object_component id="oc-5b5">
         <name>.text:_SlDrvSyncObjWaitForever</name>
         <load_address>0x2001013c</load_address>
         <run_address>0x2001013c</run_address>
         <size>0x24</size>
         <input_file_ref idref="fl-13"/>
      </object_component>
      <object_component id="oc-63">
         <name>.text:_c_int00_noargs:_c_int00_noargs</name>
         <load_address>0x20010160</load_address>
         <run_address>0x20010160</run_address>
         <size>0x24</size>
         <input_file_ref idref="fl-eb"/>
      </object_component>
      <object_component id="oc-337">
         <name>.text:memmove</name>
         <load_address>0x20010184</load_address>
         <run_address>0x20010184</run_address>
         <size>0x24</size>
         <input_file_ref idref="fl-e7"/>
      </object_component>
      <object_component id="oc-6f6">
         <name>.text:SPIReset</name>
         <load_address>0x200101a8</load_address>
         <run_address>0x200101a8</run_address>
         <size>0x22</size>
         <input_file_ref idref="fl-1d"/>
      </object_component>
      <object_component id="oc-87d">
         <name>.text:SPIWordCountSet</name>
         <load_address>0x200101ca</load_address>
         <run_address>0x200101ca</run_address>
         <size>0x22</size>
         <input_file_ref idref="fl-1d"/>
      </object_component>
      <object_component id="oc-5d0">
         <name>.text:_SlDrvObjLockWaitForever</name>
         <load_address>0x200101ec</load_address>
         <run_address>0x200101ec</run_address>
         <size>0x22</size>
         <input_file_ref idref="fl-13"/>
      </object_component>
      <object_component id="oc-38b">
         <name>.text:GPIOPinWrite</name>
         <load_address>0x2001020e</load_address>
         <run_address>0x2001020e</run_address>
         <size>0x20</size>
         <input_file_ref idref="fl-19"/>
      </object_component>
      <object_component id="oc-494">
         <name>.text:IntRegister</name>
         <load_address>0x20010230</load_address>
         <run_address>0x20010230</run_address>
         <size>0x20</size>
         <input_file_ref idref="fl-1a"/>
      </object_component>
      <object_component id="oc-547">
         <name>.text:NwpPrePowerOffTimout0</name>
         <load_address>0x20010250</load_address>
         <run_address>0x20010250</run_address>
         <size>0x20</size>
         <input_file_ref idref="fl-18"/>
      </object_component>
      <object_component id="oc-9bc">
         <name>.text:TimerGetCurrentTimestamp</name>
         <load_address>0x20010270</load_address>
         <run_address>0x20010270</run_address>
         <size>0x20</size>
         <input_file_ref idref="fl-18"/>
      </object_component>
      <object_component id="oc-3cb">
         <name>.text:TimerDisable</name>
         <load_address>0x20010290</load_address>
         <run_address>0x20010290</run_address>
         <size>0x1e</size>
         <input_file_ref idref="fl-1e"/>
      </object_component>
      <object_component id="oc-3c5">
         <name>.text:TimerEnable</name>
         <load_address>0x200102ae</load_address>
         <run_address>0x200102ae</run_address>
         <size>0x1e</size>
         <input_file_ref idref="fl-1e"/>
      </object_component>
      <object_component id="oc-157">
         <name>.text:TimerIntStatus</name>
         <load_address>0x200102cc</load_address>
         <run_address>0x200102cc</run_address>
         <size>0x1e</size>
         <input_file_ref idref="fl-1e"/>
      </object_component>
      <object_component id="oc-31f">
         <name>.text:UARTCharPut</name>
         <load_address>0x200102ea</load_address>
         <run_address>0x200102ea</run_address>
         <size>0x1e</size>
         <input_file_ref idref="fl-1f"/>
      </object_component>
      <object_component id="oc-5d6">
         <name>.text:_SlDrvObjUnLock</name>
         <load_address>0x20010308</load_address>
         <run_address>0x20010308</run_address>
         <size>0x1e</size>
         <input_file_ref idref="fl-13"/>
      </object_component>
      <object_component id="oc-75d">
         <name>.text:_SlDrvSyncObjSignal</name>
         <load_address>0x20010326</load_address>
         <run_address>0x20010326</run_address>
         <size>0x1e</size>
         <input_file_ref idref="fl-13"/>
      </object_component>
      <object_component id="oc-708">
         <name>.text:cc_UDMAChannelSelect</name>
         <load_address>0x20010344</load_address>
         <run_address>0x20010344</run_address>
         <size>0x1e</size>
         <input_file_ref idref="fl-18"/>
      </object_component>
      <object_component id="oc-3dd">
         <name>.text:TimerValueGet</name>
         <load_address>0x20010362</load_address>
         <run_address>0x20010362</run_address>
         <size>0x1c</size>
         <input_file_ref idref="fl-1e"/>
      </object_component>
      <object_component id="oc-331">
         <name>.text:UARTCharGetNonBlocking</name>
         <load_address>0x2001037e</load_address>
         <run_address>0x2001037e</run_address>
         <size>0x1c</size>
         <input_file_ref idref="fl-1f"/>
      </object_component>
      <object_component id="oc-96f">
         <name>.text:_SlDrvStartMeasureTimeout</name>
         <load_address>0x2001039a</load_address>
         <run_address>0x2001039a</run_address>
         <size>0x1c</size>
         <input_file_ref idref="fl-13"/>
      </object_component>
      <object_component id="oc-4df">
         <name>.text:free_list_remove</name>
         <load_address>0x200103b8</load_address>
         <run_address>0x200103b8</run_address>
         <size>0x1c</size>
         <input_file_ref idref="fl-e8"/>
      </object_component>
      <object_component id="oc-7e3">
         <name>.text:memccpy</name>
         <load_address>0x200103d4</load_address>
         <run_address>0x200103d4</run_address>
         <size>0x1c</size>
         <input_file_ref idref="fl-fd"/>
      </object_component>
      <object_component id="oc-44c">
         <name>.text:uDMAChannelDisable</name>
         <load_address>0x200103f0</load_address>
         <run_address>0x200103f0</run_address>
         <size>0x1c</size>
         <input_file_ref idref="fl-20"/>
      </object_component>
      <object_component id="oc-470">
         <name>.text:uDMAChannelEnable</name>
         <load_address>0x2001040c</load_address>
         <run_address>0x2001040c</run_address>
         <size>0x1c</size>
         <input_file_ref idref="fl-20"/>
      </object_component>
      <object_component id="oc-446">
         <name>.text:uDMAChannelRequest</name>
         <load_address>0x20010428</load_address>
         <run_address>0x20010428</run_address>
         <size>0x1c</size>
         <input_file_ref idref="fl-20"/>
      </object_component>
      <object_component id="oc-385">
         <name>.text:GPIOIntEnable</name>
         <load_address>0x20010444</load_address>
         <run_address>0x20010444</run_address>
         <size>0x1a</size>
         <input_file_ref idref="fl-19"/>
      </object_component>
      <object_component id="oc-481">
         <name>.text:PinTypeUART</name>
         <load_address>0x2001045e</load_address>
         <run_address>0x2001045e</run_address>
         <size>0x1a</size>
         <input_file_ref idref="fl-1b"/>
      </object_component>
      <object_component id="oc-77c">
         <name>.text:SPIDmaDisable</name>
         <load_address>0x20010478</load_address>
         <run_address>0x20010478</run_address>
         <size>0x1a</size>
         <input_file_ref idref="fl-1d"/>
      </object_component>
      <object_component id="oc-714">
         <name>.text:SPIDmaEnable</name>
         <load_address>0x20010492</load_address>
         <run_address>0x20010492</run_address>
         <size>0x1a</size>
         <input_file_ref idref="fl-1d"/>
      </object_component>
      <object_component id="oc-776">
         <name>.text:SPIFIFODisable</name>
         <load_address>0x200104ac</load_address>
         <run_address>0x200104ac</run_address>
         <size>0x1a</size>
         <input_file_ref idref="fl-1d"/>
      </object_component>
      <object_component id="oc-70e">
         <name>.text:SPIFIFOEnable</name>
         <load_address>0x200104c6</load_address>
         <run_address>0x200104c6</run_address>
         <size>0x1a</size>
         <input_file_ref idref="fl-1d"/>
      </object_component>
      <object_component id="oc-391">
         <name>.text:GPIOPinRead</name>
         <load_address>0x200104e0</load_address>
         <run_address>0x200104e0</run_address>
         <size>0x18</size>
         <input_file_ref idref="fl-19"/>
      </object_component>
      <object_component id="oc-6ea">
         <name>.text:SPICSDisable</name>
         <load_address>0x200104f8</load_address>
         <run_address>0x200104f8</run_address>
         <size>0x18</size>
         <input_file_ref idref="fl-1d"/>
      </object_component>
      <object_component id="oc-877">
         <name>.text:SPICSEnable</name>
         <load_address>0x20010510</load_address>
         <run_address>0x20010510</run_address>
         <size>0x18</size>
         <input_file_ref idref="fl-1d"/>
      </object_component>
      <object_component id="oc-6f0">
         <name>.text:SPIDisable</name>
         <load_address>0x20010528</load_address>
         <run_address>0x20010528</run_address>
         <size>0x18</size>
         <input_file_ref idref="fl-1d"/>
      </object_component>
      <object_component id="oc-726">
         <name>.text:SPIEnable</name>
         <load_address>0x20010540</load_address>
         <run_address>0x20010540</run_address>
         <size>0x18</size>
         <input_file_ref idref="fl-1d"/>
      </object_component>
      <object_component id="oc-3d1">
         <name>.text:TimerIntDisable</name>
         <load_address>0x20010558</load_address>
         <run_address>0x20010558</run_address>
         <size>0x18</size>
         <input_file_ref idref="fl-1e"/>
      </object_component>
      <object_component id="oc-3b9">
         <name>.text:TimerIntEnable</name>
         <load_address>0x20010570</load_address>
         <run_address>0x20010570</run_address>
         <size>0x18</size>
         <input_file_ref idref="fl-1e"/>
      </object_component>
      <object_component id="oc-32b">
         <name>.text:UARTCharsAvail</name>
         <load_address>0x20010588</load_address>
         <run_address>0x20010588</run_address>
         <size>0x18</size>
         <input_file_ref idref="fl-1f"/>
      </object_component>
      <object_component id="oc-626">
         <name>.text:_outc</name>
         <load_address>0x200105a0</load_address>
         <run_address>0x200105a0</run_address>
         <size>0x18</size>
         <input_file_ref idref="fl-e0"/>
      </object_component>
      <object_component id="oc-52a">
         <name>.text:_sl_GetStartResponseConvert</name>
         <load_address>0x200105b8</load_address>
         <run_address>0x200105b8</run_address>
         <size>0x18</size>
         <input_file_ref idref="fl-12"/>
      </object_component>
      <object_component id="oc-40d">
         <name>.text:PRCMHIBRegRead</name>
         <load_address>0x200105d0</load_address>
         <run_address>0x200105d0</run_address>
         <size>0x16</size>
         <input_file_ref idref="fl-1c"/>
      </object_component>
      <object_component id="oc-413">
         <name>.text:PRCMHIBRegWrite</name>
         <load_address>0x200105e6</load_address>
         <run_address>0x200105e6</run_address>
         <size>0x16</size>
         <input_file_ref idref="fl-1c"/>
      </object_component>
      <object_component id="oc-593">
         <name>.text:_SlDrvMemZero</name>
         <load_address>0x200105fc</load_address>
         <run_address>0x200105fc</run_address>
         <size>0x16</size>
         <input_file_ref idref="fl-13"/>
      </object_component>
      <object_component id="oc-8e3">
         <name>.text:strchr</name>
         <load_address>0x20010612</load_address>
         <run_address>0x20010612</run_address>
         <size>0x16</size>
         <input_file_ref idref="fl-fe"/>
      </object_component>
      <object_component id="oc-3fc">
         <name>.text:CPUcpsie</name>
         <load_address>0x20010628</load_address>
         <run_address>0x20010628</run_address>
         <size>0x14</size>
         <input_file_ref idref="fl-22"/>
      </object_component>
      <object_component id="oc-37f">
         <name>.text:GPIOIntClear</name>
         <load_address>0x2001063c</load_address>
         <run_address>0x2001063c</run_address>
         <size>0x14</size>
         <input_file_ref idref="fl-19"/>
      </object_component>
      <object_component id="oc-195">
         <name>.text:IntVTableBaseSet</name>
         <load_address>0x20010650</load_address>
         <run_address>0x20010650</run_address>
         <size>0x14</size>
         <input_file_ref idref="fl-1a"/>
      </object_component>
      <object_component id="oc-178">
         <name>.text:strlen</name>
         <load_address>0x20010664</load_address>
         <run_address>0x20010664</run_address>
         <size>0x14</size>
         <input_file_ref idref="fl-e9"/>
      </object_component>
      <object_component id="oc-434">
         <name>.text:uDMAControlBaseSet</name>
         <load_address>0x20010678</load_address>
         <run_address>0x20010678</run_address>
         <size>0x14</size>
         <input_file_ref idref="fl-20"/>
      </object_component>
      <object_component id="oc-428">
         <name>.text:uDMAIntClear</name>
         <load_address>0x2001068c</load_address>
         <run_address>0x2001068c</run_address>
         <size>0x14</size>
         <input_file_ref idref="fl-20"/>
      </object_component>
      <object_component id="oc-15d">
         <name>.text:TimerIntClear</name>
         <load_address>0x200106a0</load_address>
         <run_address>0x200106a0</run_address>
         <size>0x12</size>
         <input_file_ref idref="fl-1e"/>
      </object_component>
      <object_component id="oc-452">
         <name>.text:uDMAIntUnregister</name>
         <load_address>0x200106b2</load_address>
         <run_address>0x200106b2</run_address>
         <size>0x12</size>
         <input_file_ref idref="fl-20"/>
      </object_component>
      <object_component id="oc-7e9">
         <name>.text:wcslen</name>
         <load_address>0x200106c4</load_address>
         <run_address>0x200106c4</run_address>
         <size>0x12</size>
         <input_file_ref idref="fl-100"/>
      </object_component>
      <object_component id="oc-9e8">
         <name>.text:_SlDrvDispatchHttpServerEvents</name>
         <load_address>0x200106d6</load_address>
         <run_address>0x200106d6</run_address>
         <size>0x10</size>
         <input_file_ref idref="fl-13"/>
      </object_component>
      <object_component id="oc-2e6">
         <name>.text:_SlDrvResetCmdExt</name>
         <load_address>0x200106e6</load_address>
         <run_address>0x200106e6</run_address>
         <size>0xe</size>
         <input_file_ref idref="fl-13"/>
      </object_component>
      <object_component id="oc-18">
         <name>.text:decompress:none:__TI_decompress_none</name>
         <load_address>0x200106f4</load_address>
         <run_address>0x200106f4</run_address>
         <size>0xe</size>
         <input_file_ref idref="fl-e5"/>
      </object_component>
      <object_component id="oc-26">
         <name>.text</name>
         <load_address>0x20010702</load_address>
         <run_address>0x20010702</run_address>
         <size>0xe</size>
         <input_file_ref idref="fl-7"/>
      </object_component>
      <object_component id="oc-73b">
         <name>.text:NwpMaskInterrupt</name>
         <load_address>0x20010710</load_address>
         <run_address>0x20010710</run_address>
         <size>0xc</size>
         <input_file_ref idref="fl-18"/>
      </object_component>
      <object_component id="oc-749">
         <name>.text:NwpUnMaskInterrupt</name>
         <load_address>0x2001071c</load_address>
         <run_address>0x2001071c</run_address>
         <size>0xc</size>
         <input_file_ref idref="fl-18"/>
      </object_component>
      <object_component id="oc-953">
[...]
      <symbol id="sm-130b">
         <name>vTaskSuspendAll</name>
         <value>0x20004c21</value>
         <object_component_ref idref="oc-82"/>
      </symbol>
      <symbol id="sm-130c">
         <name>vTaskPlaceOnEventList</name>
         <value>0x20005005</value>
         <object_component_ref idref="oc-82"/>
      </symbol>
      <symbol id="sm-130d">
         <name>vTaskSetTaskNumber</name>
         <value>0x20005239</value>
         <object_component_ref idref="oc-82"/>
      </symbol>
      <symbol id="sm-130e">
         <name>uxTaskPriorityGetFromISR</name>
         <value>0x20004839</value>
         <object_component_ref idref="oc-82"/>
      </symbol>
      <symbol id="sm-130f">
         <name>ulTaskNotifyTake</name>
         <value>0x200057c5</value>
         <object_component_ref idref="oc-82"/>
      </symbol>
      <symbol id="sm-1310">
         <name>pcTaskGetName</name>
         <value>0x20004d43</value>
         <object_component_ref idref="oc-82"/>
      </symbol>
      <symbol id="sm-1311">
         <name>xTaskCheckForTimeOut</name>
         <value>0x20005189</value>
         <object_component_ref idref="oc-82"/>
      </symbol>
      <symbol id="sm-1312">
         <name>vTaskRemoveFromUnorderedEventList</name>
         <value>0x200050d9</value>
         <object_component_ref idref="oc-82"/>
      </symbol>
      <symbol id="sm-1313">
         <name>vTaskPrioritySet</name>
         <value>0x20004885</value>
         <object_component_ref idref="oc-82"/>
      </symbol>
      <symbol id="sm-1314">
         <name>xTaskPriorityDisinherit</name>
         <value>0x20005609</value>
         <object_component_ref idref="oc-82"/>
      </symbol>
      <symbol id="sm-1315">
         <name>vTaskStartScheduler</name>
         <value>0x20004bb5</value>
         <object_component_ref idref="oc-82"/>
      </symbol>
      <symbol id="sm-1316">
         <name>vTaskInternalSetTimeOutState</name>
         <value>0x20005161</value>
         <object_component_ref idref="oc-82"/>
      </symbol>
      <symbol id="sm-1317">
         <name>xTaskNotifyStateClear</name>
         <value>0x20005b8f</value>
         <object_component_ref idref="oc-82"/>
      </symbol>
      <symbol id="sm-1318">
         <name>pvTaskIncrementMutexHeldCount</name>
         <value>0x200057a7</value>
         <object_component_ref idref="oc-82"/>
      </symbol>
      <symbol id="sm-1319">
         <name>xTaskGenericNotify</name>
         <value>0x200058e7</value>
         <object_component_ref idref="oc-82"/>
      </symbol>
      <symbol id="sm-131a">
         <name>vTaskPriorityDisinheritAfterTimeout</name>
         <value>0x200056ad</value>
         <object_component_ref idref="oc-82"/>
      </symbol>
      <symbol id="sm-131b">
         <name>xTaskCreate</name>
         <value>0x20004401</value>
         <object_component_ref idref="oc-82"/>
      </symbol>
      <symbol id="sm-131c">
         <name>vTaskDelayUntil</name>
         <value>0x200046a9</value>
         <object_component_ref idref="oc-82"/>
      </symbol>
      <symbol id="sm-131d">
         <name>uxTaskGetTaskNumber</name>
         <value>0x20005219</value>
         <object_component_ref idref="oc-82"/>
      </symbol>
      <symbol id="sm-131e">
         <name>vTaskEndScheduler</name>
         <value>0x20004bff</value>
         <object_component_ref idref="oc-82"/>
      </symbol>
      <symbol id="sm-131f">
         <name>xTaskNotifyWait</name>
         <value>0x20005845</value>
         <object_component_ref idref="oc-82"/>
      </symbol>
      <symbol id="sm-1320">
         <name>vTaskMissedYield</name>
         <value>0x20005207</value>
         <object_component_ref idref="oc-82"/>
      </symbol>
      <symbol id="sm-1321">
         <name>uxTaskGetNumberOfTasks</name>
         <value>0x20004d3d</value>
         <object_component_ref idref="oc-82"/>
      </symbol>
      <symbol id="sm-1322">
         <name>xTaskGenericNotifyFromISR</name>
         <value>0x200059d1</value>
         <object_component_ref idref="oc-82"/>
      </symbol>
      <symbol id="sm-1323">
         <name>vTaskGetInfo</name>
         <value>0x200052f9</value>
         <object_component_ref idref="oc-82"/>
      </symbol>
      <symbol id="sm-1324">
         <name>uxTaskPriorityGet</name>
         <value>0x20004809</value>
         <object_component_ref idref="oc-82"/>
      </symbol>
      <symbol id="sm-1325">
         <name>xTaskResumeAll</name>
         <value>0x20004c31</value>
         <object_component_ref idref="oc-82"/>
      </symbol>
      <symbol id="sm-1326">
         <name>xTaskGetTickCount</name>
         <value>0x20004d15</value>
         <object_component_ref idref="oc-82"/>
      </symbol>
      <symbol id="sm-1327">
         <name>uxTaskGetSystemState</name>
         <value>0x20004d69</value>
         <object_component_ref idref="oc-82"/>
      </symbol>
      <symbol id="sm-1328">
         <name>vTaskDelete</name>
         <value>0x200045fb</value>
         <object_component_ref idref="oc-82"/>
      </symbol>
      <symbol id="sm-1329">
         <name>pxCurrentTCB</name>
         <value>0x2001f8f0</value>
         <object_component_ref idref="oc-7c"/>
      </symbol>
      <symbol id="sm-132a">
         <name>vTaskNotifyGiveFromISR</name>
         <value>0x20005ae1</value>
         <object_component_ref idref="oc-82"/>
      </symbol>
      <symbol id="sm-132b">
         <name>eTaskGetState</name>
         <value>0x20004775</value>
         <object_component_ref idref="oc-82"/>
      </symbol>
      <symbol id="sm-132c">
         <name>vTaskSuspend</name>
         <value>0x2000499d</value>
         <object_component_ref idref="oc-82"/>
      </symbol>
      <symbol id="sm-132d">
         <name>xTaskGetIdleTaskHandle</name>
         <value>0x20004e3b</value>
         <object_component_ref idref="oc-82"/>
      </symbol>
      <symbol id="sm-132e">
         <name>xTaskGetTickCountFromISR</name>
         <value>0x20004d29</value>
         <object_component_ref idref="oc-82"/>
      </symbol>
      <symbol id="sm-132f">
         <name>vTaskResume</name>
         <value>0x20004aad</value>
         <object_component_ref idref="oc-82"/>
      </symbol>
      <symbol id="sm-1330">
         <name>vTaskSetTimeOutState</name>
         <value>0x2000513b</value>
         <object_component_ref idref="oc-82"/>
      </symbol>
      <symbol id="sm-1331">
         <name>xTaskIncrementTick</name>
         <value>0x20004e61</value>
         <object_component_ref idref="oc-82"/>
      </symbol>
      <symbol id="sm-1332">
         <name>vTaskSwitchContext</name>
         <value>0x20004f89</value>
         <object_component_ref idref="oc-82"/>
      </symbol>
      <symbol id="sm-1333">
         <name>uxTaskResetEventItemValue</name>
         <value>0x20005785</value>
         <object_component_ref idref="oc-82"/>
      </symbol>
      <symbol id="sm-1334">
         <name>xTaskGetSchedulerState</name>
         <value>0x200054db</value>
         <object_component_ref idref="oc-82"/>
      </symbol>
      <symbol id="sm-1335">
         <name>xTaskResumeFromISR</name>
         <value>0x20004b27</value>
         <object_component_ref idref="oc-82"/>
      </symbol>
      <symbol id="sm-1336">
         <name>xTaskGetCurrentTaskHandle</name>
         <value>0x200054cb</value>
         <object_component_ref idref="oc-82"/>
      </symbol>
      <symbol id="sm-1337">
         <name>vTaskPlaceOnUnorderedEventList</name>
         <value>0x20005021</value>
         <object_component_ref idref="oc-82"/>
      </symbol>
      <symbol id="sm-1338">
         <name>xTaskRemoveFromEventList</name>
         <value>0x2000505d</value>
         <object_component_ref idref="oc-82"/>
      </symbol>
      <symbol id="sm-1339">
         <name>xTaskPriorityInherit</name>
         <value>0x20005529</value>
         <object_component_ref idref="oc-82"/>
      </symbol>
      <symbol id="sm-1349">
         <name>pvPortMalloc</name>
         <value>0x2000fcdd</value>
         <object_component_ref idref="oc-e3"/>
      </symbol>
      <symbol id="sm-134a">
         <name>vPortFree</name>
         <value>0x2000fcfd</value>
         <object_component_ref idref="oc-e3"/>
      </symbol>
      <symbol id="sm-1360">
         <name>uxListRemove</name>
         <value>0x2000c4fd</value>
         <object_component_ref idref="oc-e9"/>
      </symbol>
      <symbol id="sm-1361">
         <name>vListInsert</name>
         <value>0x2000c497</value>
         <object_component_ref idref="oc-e9"/>
      </symbol>
      <symbol id="sm-1362">
         <name>vListInitialiseItem</name>
         <value>0x2000c44b</value>
         <object_component_ref idref="oc-e9"/>
      </symbol>
      <symbol id="sm-1363">
         <name>vListInsertEnd</name>
         <value>0x2000c45b</value>
         <object_component_ref idref="oc-e9"/>
      </symbol>
      <symbol id="sm-1364">
         <name>vListInitialise</name>
         <value>0x2000c41b</value>
         <object_component_ref idref="oc-e9"/>
      </symbol>
      <symbol id="sm-1393">
         <name>vsnprintf</name>
         <value>0x2000fb35</value>
         <object_component_ref idref="oc-325"/>
      </symbol>
      <symbol id="sm-13ae">
         <name>memcpy</name>
         <value>0x2000de41</value>
         <object_component_ref idref="oc-45"/>
      </symbol>
      <symbol id="sm-13af">
         <name>__aeabi_memcpy</name>
         <value>0x2000de41</value>
         <object_component_ref idref="oc-45"/>
      </symbol>
      <symbol id="sm-13b0">
         <name>__aeabi_memcpy8</name>
         <value>0x2000de41</value>
         <object_component_ref idref="oc-45"/>
      </symbol>
      <symbol id="sm-13b1">
         <name>__aeabi_memcpy4</name>
         <value>0x2000de41</value>
         <object_component_ref idref="oc-45"/>
      </symbol>
      <symbol id="sm-13be">
         <name>__aeabi_uldivmod</name>
         <value>0x2000e141</value>
         <object_component_ref idref="oc-891"/>
      </symbol>
      <symbol id="sm-13cd">
         <name>__aeabi_memset</name>
         <value>0x2000ec07</value>
         <object_component_ref idref="oc-af"/>
      </symbol>
      <symbol id="sm-13ce">
         <name>memset</name>
         <value>0x2000ec0d</value>
         <object_component_ref idref="oc-af"/>
      </symbol>
      <symbol id="sm-13cf">
         <name>__aeabi_memset8</name>
         <value>0x2000ec07</value>
         <object_component_ref idref="oc-af"/>
      </symbol>
      <symbol id="sm-13d0">
         <name>__aeabi_memset4</name>
         <value>0x2000ec07</value>
         <object_component_ref idref="oc-af"/>
      </symbol>
      <symbol id="sm-13d1">
         <name>__aeabi_memclr8</name>
         <value>0x2000ec05</value>
         <object_component_ref idref="oc-af"/>
      </symbol>
      <symbol id="sm-13d2">
         <name>__aeabi_memclr4</name>
         <value>0x2000ec05</value>
         <object_component_ref idref="oc-af"/>
      </symbol>
      <symbol id="sm-13d3">
         <name>__aeabi_memclr</name>
         <value>0x2000ec05</value>
         <object_component_ref idref="oc-af"/>
      </symbol>
      <symbol id="sm-13e5">
         <name>__TI_zero_init</name>
         <value>0x20010735</value>
         <object_component_ref idref="oc-57"/>
      </symbol>
      <symbol id="sm-13fc">
         <name>__TI_decompress_none</name>
         <value>0x200106f5</value>
         <object_component_ref idref="oc-18"/>
      </symbol>
      <symbol id="sm-141f">
         <name>__TI_decompress_lzss</name>
         <value>0x2000ef91</value>
         <object_component_ref idref="oc-12"/>
      </symbol>
      <symbol id="sm-142f">
         <name>memmove</name>
         <value>0x20010185</value>
         <object_component_ref idref="oc-337"/>
      </symbol>
      <symbol id="sm-14cd">
         <name>_sys_memory</name>
         <value>0x20017000</value>
         <object_component_ref idref="oc-20"/>
      </symbol>
      <symbol id="sm-14ce">
         <name>free</name>
         <value>0x2000d145</value>
         <object_component_ref idref="oc-224"/>
      </symbol>
      <symbol id="sm-14cf">
         <name>realloc</name>
         <value>0x2000d05d</value>
         <object_component_ref idref="oc-33d"/>
      </symbol>
      <symbol id="sm-14d0">
         <name>memalign</name>
         <value>0x2000c8a5</value>
         <object_component_ref idref="oc-4d8"/>
      </symbol>
      <symbol id="sm-14d1">
         <name>malloc</name>
         <value>0x20010779</value>
         <object_component_ref idref="oc-21e"/>
      </symbol>
      <symbol id="sm-14d2">
         <name>aligned_alloc</name>
         <value>0x2000c8a5</value>
         <object_component_ref idref="oc-4d8"/>
      </symbol>
      <symbol id="sm-14e0">
         <name>strlen</name>
         <value>0x20010665</value>
         <object_component_ref idref="oc-178"/>
      </symbol>
      <symbol id="sm-14f0">
         <name>strncpy</name>
         <value>0x2000fd83</value>
         <object_component_ref idref="oc-28f"/>
      </symbol>
      <symbol id="sm-1502">
         <name>__stack</name>
         <value>0x2002f800</value>
         <object_component_ref idref="oc-23"/>
      </symbol>
      <symbol id="sm-1503">
         <name>_c_int00_noargs</name>
         <value>0x20010161</value>
         <object_component_ref idref="oc-63"/>
      </symbol>
      <symbol id="sm-1668">
         <name>__TI_printfi</name>
         <value>0x20007d39</value>
         <object_component_ref idref="oc-61a"/>
      </symbol>
      <symbol id="sm-1672">
         <name>__aeabi_idiv0</name>
         <value>0x2000da43</value>
         <object_component_ref idref="oc-93a"/>
      </symbol>
      <symbol id="sm-1673">
         <name>__aeabi_ldiv0</name>
         <value>0x2000da43</value>
         <object_component_ref idref="oc-93a"/>
      </symbol>
      <symbol id="sm-168a">
         <name>__aeabi_dsub</name>
         <value>0x2000b0b1</value>
         <object_component_ref idref="oc-8b7"/>
      </symbol>
      <symbol id="sm-168b">
         <name>__aeabi_dadd</name>
         <value>0x2000b0bb</value>
         <object_component_ref idref="oc-8b7"/>
      </symbol>
      <symbol id="sm-16ad">
         <name>__aeabi_cdcmpeq</name>
         <value>0x2000e7ed</value>
         <object_component_ref idref="oc-7c6"/>
      </symbol>
      <symbol id="sm-16ae">
         <name>__aeabi_cdcmple</name>
         <value>0x2000e7ed</value>
         <object_component_ref idref="oc-7c6"/>
      </symbol>
      <symbol id="sm-16af">
         <name>__aeabi_cdrcmple</name>
         <value>0x2000e873</value>
         <object_component_ref idref="oc-8a2"/>
      </symbol>
      <symbol id="sm-16c3">
         <name>__aeabi_ddiv</name>
         <value>0x2000c2e5</value>
         <object_component_ref idref="oc-89d"/>
      </symbol>
      <symbol id="sm-16ce">
         <name>__aeabi_dmul</name>
         <value>0x2000cac1</value>
         <object_component_ref idref="oc-898"/>
      </symbol>
      <symbol id="sm-16d8">
         <name>__aeabi_d2iz</name>
         <value>0x2000f859</value>
         <object_component_ref idref="oc-8a7"/>
      </symbol>
      <symbol id="sm-16e2">
         <name>__aeabi_i2d</name>
         <value>0x2000fee5</value>
         <object_component_ref idref="oc-8b2"/>
      </symbol>
      <symbol id="sm-170a">
         <name>__TI_auto_init_nobinit_nopinit</name>
         <value>0x2000f96d</value>
         <object_component_ref idref="oc-1d6"/>
      </symbol>
      <symbol id="sm-1714">
         <name>_system_pre_init</name>
         <value>0x20010787</value>
         <object_component_ref idref="oc-b5"/>
      </symbol>
      <symbol id="sm-1720">
         <name>C$$EXIT</name>
         <value>0x2001078b</value>
         <object_component_ref idref="oc-1ca"/>
      </symbol>
      <symbol id="sm-1721">
         <name>abort</name>
         <value>0x2001078b</value>
         <object_component_ref idref="oc-1ca"/>
      </symbol>
      <symbol id="sm-1736">
         <name>_nop</name>
         <value>0x2000b267</value>
         <object_component_ref idref="oc-6b8"/>
      </symbol>
      <symbol id="sm-1737">
         <name>_lock</name>
         <value>0x2001f984</value>
         <object_component_ref idref="oc-4ba"/>
      </symbol>
      <symbol id="sm-1738">
         <name>_unlock</name>
         <value>0x2001f988</value>
         <object_component_ref idref="oc-4ba"/>
      </symbol>
      <symbol id="sm-174f">
         <name>atoi</name>
         <value>0x2000f731</value>
         <object_component_ref idref="oc-7ba"/>
      </symbol>
      <symbol id="sm-175a">
         <name>_ctypes_</name>
         <value>0x20010790</value>
         <object_component_ref idref="oc-88c"/>
      </symbol>
      <symbol id="sm-1769">
         <name>ltoa</name>
         <value>0x2000f4b5</value>
         <object_component_ref idref="oc-8ac"/>
      </symbol>
      <symbol id="sm-1779">
         <name>memccpy</name>
         <value>0x200103d5</value>
         <object_component_ref idref="oc-7e3"/>
      </symbol>
      <symbol id="sm-1789">
         <name>strchr</name>
         <value>0x20010613</value>
         <object_component_ref idref="oc-8e3"/>
      </symbol>
      <symbol id="sm-179f">
         <name>__aeabi_errno_addr</name>
         <value>0x20010771</value>
         <object_component_ref idref="oc-7ef"/>
      </symbol>
      <symbol id="sm-17a0">
         <name>errno</name>
         <value>0x2001f998</value>
         <object_component_ref idref="oc-8f3"/>
      </symbol>
      <symbol id="sm-17b9">
         <name>wcslen</name>
         <value>0x200106c5</value>
         <object_component_ref idref="oc-7e9"/>
      </symbol>
      <symbol id="sm-17d9">
         <name>frexpl</name>
         <value>0x2000f2a9</value>
         <object_component_ref idref="oc-8d7"/>
      </symbol>
      <symbol id="sm-17da">
         <name>frexp</name>
         <value>0x2000f2a9</value>
         <object_component_ref idref="oc-8d7"/>
      </symbol>
      <symbol id="sm-17f8">
         <name>scalbn</name>
         <value>0x2000d59d</value>
         <object_component_ref idref="oc-8dd"/>
      </symbol>
      <symbol id="sm-17f9">
         <name>scalbnl</name>
         <value>0x2000d59d</value>
         <object_component_ref idref="oc-8dd"/>
      </symbol>
      <symbol id="sm-17fa">
         <name>ldexpl</name>
         <value>0x2000d59d</value>
         <object_component_ref idref="oc-8dd"/>
      </symbol>
      <symbol id="sm-17fb">
         <name>ldexp</name>
         <value>0x2000d59d</value>
         <object_component_ref idref="oc-8dd"/>
      </symbol>
      <symbol id="sm-1805">
         <name>copysign</name>
         <value>0x20010729</value>
         <object_component_ref idref="oc-953"/>
      </symbol>
      <symbol id="sm-1806">
         <name>copysignl</name>
         <value>0x20010729</value>
         <object_component_ref idref="oc-953"/>
      </symbol>
      <symbol id="sm-1807">
         <name>__TI_static_base__</name>
         <value>0x20010df8</value>
      </symbol>
      <symbol id="sm-180a">
         <name>__mpu_init</name>
         <value>0x0</value>
      </symbol>
      <symbol id="sm-180b">
         <name>_system_post_cinit</name>
         <value>0x0</value>
      </symbol>
   </symbol_table>
   <title>Link successful</title>
</link_info>
