******************************************************************************
                  TI ARM Linker PC v18.12.4                    
******************************************************************************
>> Linked Sun Feb 16 21:16:01 2020

OUTPUT FILE NAME:   <get_time.out>
ENTRY POINT SYMBOL: "_c_int00_noargs"  address: 20010161


MEMORY CONFIGURATION

         name            origin    length      used     unused   attr    fill
----------------------  --------  ---------  --------  --------  ----  --------
  SRAM_CODE             20004000   00013000  0000ce4e  000061b2  RW X
  SRAM_DATA             20017000   00019000  0000919e  0000fe62  RW X


SEGMENT ALLOCATION MAP

run origin  load origin   length   init length attrs members
----------  ----------- ---------- ----------- ----- -------
20004000    20004000    0000ce50   0000ce50    r-x
  20004000    20004000    00000400   00000400    r-- .intvecs
  20004400    20004400    0000c38e   0000c38e    r-x .text
  20010790    20010790    00000668   00000668    r-- .const
  20010df8    20010df8    00000058   00000058    r-- .cinit
20017000    20017000    000089a0   00000000    rw-
  20017000    20017000    00008000   00000000    rw- .sysmem
  2001f000    2001f000    000008ee   00000000    rw- .bss
  2001f8f0    2001f8f0    000000b0   00000000    rw- .data
2002f800    2002f800    00000800   00000000    rw-
  2002f800    2002f800    00000800   00000000    rw- .stack


SECTION ALLOCATION MAP

 output                                  attributes/
section   page    origin      length       input sections
--------  ----  ----------  ----------   ----------------
.intvecs   0    20004000    00000400     
                  20004000    00000400     startup_ccs.obj (.intvecs)

.init_array 
*          0    20004000    00000000     UNINITIALIZED

.text      0    20004400    0000c38e     
                  20004400    00001888     free_rtos.a : tasks.obj (.text)
                  20005c88    000012e8     network_if.obj (.text)
                  20006f70    00000dc8     free_rtos.a : queue.obj (.text)
                  20007d38    00000a4e     rtsv7M4_T_le_eabi.lib : _printfi.c.obj (.text:__TI_printfi)
                  20008786    00000002     driverlib.a : interrupt.obj (.text:IntDefaultHandler)
                  20008788    000008e8     main.obj (.text)
                  20009070    00000590     simplelink.a : driver.obj (.text:_SlDrvMsgRead)
                  20009600    00000464     free_rtos.a : osi_freertos.obj (.text)
                  20009a64    00000390     gpio_if.obj (.text)
                  20009df4    00000290     uart_if.obj (.text)
                  2000a084    00000280     simplelink.a : wlan.obj (.text:sl_WlanConnect)
                  2000a304    00000268     rtsv7M4_T_le_eabi.lib : _printfi.c.obj (.text:_pconv_a)
                  2000a56c    00000248     simplelink.a : driver.obj (.text:_SlDrvRxHdrRead)
                  2000a7b4    000001e0                  : driver.obj (.text:_SlDrvDataReadOp)
                  2000a994    000001d0                  : driver.obj (.text:_SlDrvReleasePoolObj)
                  2000ab64    000001cc     rtsv7M4_T_le_eabi.lib : _printfi.c.obj (.text:_pconv_g)
                  2000ad30    000001c0     timer_if.obj (.text)
                  2000aef0    000001c0     udma_if.obj (.text)
                  2000b0b0    000001b6     rtsv7M4_T_le_eabi.lib : fd_add_t2.asm.obj (.text)
                  2000b266    00000002                           : _lock.c.obj (.text:_nop)
                  2000b268    0000019c     simplelink.a : driver.obj (.text:_SlDrvMsgWrite)
                  2000b404    00000190                  : driver.obj (.text:_SlDrvDriverCBInit)
                  2000b594    00000190                  : driver.obj (.text:_SlDrvWaitForPoolObj)
                  2000b724    00000178     driverlib.a : prcm.obj (.text:PRCMCC3200MCUInit)
                  2000b89c    00000170     simplelink.a : driver.obj (.text:_SlFindAndSetActiveObj)
                  2000ba0c    00000150                  : cc_pal.obj (.text:spi_Open)
                  2000bb5c    0000014c                  : driver.obj (.text:_SlDrvDataWriteOp)
                  2000bca8    00000144                  : netapp.obj (.text:sl_NetAppDnsGetHostByName)
                  2000bdec    00000144                  : socket.obj (.text:sl_SendTo)
                  2000bf30    0000013c                  : driver.obj (.text:_SlDrvMsgReadCmdCtx)
                  2000c06c    0000013c     rtsv7M4_T_le_eabi.lib : _printfi.c.obj (.text:_pconv_e)
                  2000c1a8    0000013c     simplelink.a : socket.obj (.text:sl_RecvFrom)
                  2000c2e4    00000136     rtsv7M4_T_le_eabi.lib : fd_div_t2.asm.obj (.text)
                  2000c41a    0000012a     free_rtos.a : list.obj (.text)
                  2000c544    00000124     simplelink.a : driver.obj (.text:_SlDrvDriverCBDeinit)
                  2000c668    00000120     rtsv7M4_T_le_eabi.lib : _printfi.c.obj (.text:fcvt)
                  2000c788    0000011c     free_rtos.a : port.obj (.text)
                  2000c8a4    00000118     rtsv7M4_T_le_eabi.lib : memory.c.obj (.text:aligned_alloc)
                  2000c9bc    00000104     simplelink.a : netapp.obj (.text:_SlDrvNetAppEventHandler)
                  2000cac0    000000fc     rtsv7M4_T_le_eabi.lib : fd_mul_t2.asm.obj (.text)
                  2000cbbc    000000f0     simplelink.a : device.obj (.text:sl_Start)
                  2000ccac    000000f0                  : device.obj (.text:sl_Stop)
                  2000cd9c    000000f0     driverlib.a : udma.obj (.text:uDMAChannelTransferSet)
                  2000ce8c    000000e8     simplelink.a : driver.obj (.text:_SlAsyncEventGenericHandler)
                  2000cf74    000000e8                  : driver.obj (.text:_SlDrvMsgReadSpawnCtx)
                  2000d05c    000000e8     rtsv7M4_T_le_eabi.lib : memory.c.obj (.text:realloc)
                  2000d144    000000e4                           : memory.c.obj (.text:free)
                  2000d228    000000e4     simplelink.a : netapp.obj (.text:sl_NetAppMDNSRegisterUnregisterService)
                  2000d30c    000000dc                  : driver.obj (.text:_SlDrvClassifyRxMsg)
                  2000d3e8    000000dc                  : cc_pal.obj (.text:spi_Read)
                  2000d4c4    000000d8                  : netcfg.obj (.text:sl_NetCfgGet)
                  2000d59c    000000d0     rtsv7M4_T_le_eabi.lib : s_scalbn.c.obj (.text:scalbn)
                  2000d66c    000000cc     simplelink.a : netapp.obj (.text:_sl_HandleAsync_DnsGetHostByService)
                  2000d738    000000cc                  : device.obj (.text:sl_DevGet)
                  2000d804    000000c4                  : driver.obj (.text:_SlRemoveFromList)
                  2000d8c8    000000c0                  : driver.obj (.text:_SlDrvCmdOp)
                  2000d988    000000ba     free_rtos.a : portasm.obj (.text)
                  2000da42    00000002     rtsv7M4_T_le_eabi.lib : div0.asm.obj (.text)
                  2000da44    000000b8     simplelink.a : socket.obj (.text:sl_Bind)
                  2000dafc    000000b1     rtsv7M4_T_le_eabi.lib : _printfi.c.obj (.text:_ltostr)
                  2000dbad    00000003     --HOLE-- [fill = 0]
                  2000dbb0    000000a8     driverlib.a : interrupt.obj (.text:IntDisable)
                  2000dc58    000000a8                 : interrupt.obj (.text:IntEnable)
                  2000dd00    000000a0                 : spi.obj (.text:SPIConfigSetExpClk)
                  2000dda0    000000a0     simplelink.a : driver.obj (.text:_SlDriverHandleError)
                  2000de40    0000009c     rtsv7M4_T_le_eabi.lib : memcpy_t2.asm.obj (.text)
                  2000dedc    0000009a     simplelink.a : device.obj (.text:_SlDrvDeviceEventHandler)
                  2000df76    00000002     --HOLE-- [fill = 0]
                  2000df78    00000098                  : netcfg.obj (.text:sl_NetCfgSet)
                  2000e010    00000098                  : socket.obj (.text:sl_SetSockOpt)
                  2000e0a8    00000098                  : wlan.obj (.text:sl_WlanSet)
                  2000e140    00000096     rtsv7M4_T_le_eabi.lib : ull_div_t2.asm.obj (.text)
                  2000e1d6    00000002     --HOLE-- [fill = 0]
                  2000e1d8    00000094     driverlib.a : prcm.obj (.text:PRCMPeripheralClockGet)
                  2000e26c    00000090     simplelink.a : netapp.obj (.text:_sl_HandleAsync_DnsGetHostByName)
                  2000e2fc    00000090                  : netapp.obj (.text:_sl_HandleAsync_PingResponse)
                  2000e38c    00000090                  : wlan.obj (.text:sl_WlanPolicySet)
                  2000e41c    0000008c                  : cc_pal.obj (.text:SetupDMAReceive)
                  2000e4a8    0000008c                  : cc_pal.obj (.text:SetupDMASend)
                  2000e534    0000008c                  : driver.obj (.text:_SlDrvIsTimeoutExpired)
                  2000e5c0    0000008c                  : device.obj (.text:_sl_HandleAsync_InitComplete)
                  2000e64c    0000008c                  : socket.obj (.text:sl_Socket)
                  2000e6d8    0000008c                  : cc_pal.obj (.text:spi_Write)
                  2000e764    00000088     driverlib.a : pin.obj (.text:PinConfigSet)
                  2000e7ec    00000086     rtsv7M4_T_le_eabi.lib : fd_cmp_t2.asm.obj (.text:__aeabi_cdcmple)
                  2000e872    00000086                           : fd_cmp_t2.asm.obj (.text:__aeabi_cdrcmple)
                  2000e8f8    00000084     simplelink.a : cc_pal.obj (.text:NwpPowerOnPreamble)
                  2000e97c    00000084                  : wlan.obj (.text:sl_WlanRxFilterSet)
                  2000ea00    00000082     driverlib.a : gpio.obj (.text:GPIOIntTypeSet)
                  2000ea82    00000002     --HOLE-- [fill = 0]
                  2000ea84    00000080     simplelink.a : socket.obj (.text:_sl_HandleAsync_Connect)
                  2000eb04    00000080                  : cc_pal.obj (.text:spi_Read_CPU)
                  2000eb84    00000080                  : cc_pal.obj (.text:spi_Write_CPU)
                  2000ec04    0000007a     rtsv7M4_T_le_eabi.lib : memset_t2.asm.obj (.text)
                  2000ec7e    00000002     --HOLE-- [fill = 0]
                  2000ec80    00000078     simplelink.a : cc_pal.obj (.text:spi_Close)
                  2000ecf8    00000076     driverlib.a : uart.obj (.text:UARTConfigSetExpClk)
                  2000ed6e    00000002     --HOLE-- [fill = 0]
                  2000ed70    00000070     rtsv7M4_T_le_eabi.lib : memory.c.obj (.text:split)
                  2000ede0    0000006e                           : _printfi.c.obj (.text:_mcpy)
                  2000ee4e    00000002     --HOLE-- [fill = 0]
                  2000ee50    0000006c     simplelink.a : driver.obj (.text:_SlDrvCmdSend)
                  2000eebc    0000006c                  : netapp.obj (.text:_sl_NetAppSendTokenValue)
                  2000ef28    00000068     driverlib.a : timer.obj (.text:TimerIntUnregister)
                  2000ef90    00000068     rtsv7M4_T_le_eabi.lib : copy_decompress_lzss.c.obj (.text:decompress:lzss:__TI_decompress_lzss)
                  2000eff8    00000064     simplelink.a : socket.obj (.text:_sl_HandleAsync_Accept)
                  2000f05c    00000064                  : netapp.obj (.text:sl_NetAppMDNSUnRegisterService)
                  2000f0c0    00000064     driverlib.a : udma.obj (.text:uDMAChannelAttributeDisable)
                  2000f124    00000064                 : udma.obj (.text:uDMAChannelAttributeEnable)
                  2000f188    00000060     simplelink.a : socket.obj (.text:sl_Close)
                  2000f1e8    00000060                  : wlan.obj (.text:sl_WlanProfileDel)
                  2000f248    00000060                  : wlan.obj (.text:sl_WlanSetMode)
                  2000f2a8    0000005c     rtsv7M4_T_le_eabi.lib : s_frexp.c.obj (.text:frexp)
                  2000f304    00000058     driverlib.a : interrupt.obj (.text:IntPendClear)
                  2000f35c    00000058                 : prcm.obj (.text:PRCMPeripheralReset)
                  2000f3b4    00000056     rtsv7M4_T_le_eabi.lib : _printfi.c.obj (.text:_pconv_f)
                  2000f40a    00000002     --HOLE-- [fill = 0]
                  2000f40c    00000054     driverlib.a : interrupt.obj (.text:IntPrioritySet)
                  2000f460    00000054     simplelink.a : socket.obj (.text:_sl_HandleAsync_Select)
                  2000f4b4    00000054     rtsv7M4_T_le_eabi.lib : ltoa.c.obj (.text:ltoa)
                  2000f508    00000052                           : _printfi.c.obj (.text:_ecpy)
                  2000f55a    00000002     --HOLE-- [fill = 0]
                  2000f55c    00000050     simplelink.a : driver.obj (.text:_SlDrvRxIrqHandler)
                  2000f5ac    00000050                  : device.obj (.text:_sl_HandleAsync_Stop)
                  2000f5fc    00000050     pinmux.obj (.text)
                  2000f64c    0000004c     driverlib.a : spi.obj (.text:SPIIntEnable)
                  2000f698    0000004c     simplelink.a : driver.obj (.text:_SlDrvProtectAsyncRespSetting)
                  2000f6e4    0000004c                  : socket.obj (.text:_sl_BuildAddress)
                  2000f730    0000004c     rtsv7M4_T_le_eabi.lib : atoi.c.obj (.text:atoi)
                  2000f77c    0000004c     driverlib.a : udma.obj (.text:uDMAChannelAssign)
                  2000f7c8    00000048                 : spi.obj (.text:SPIIntClear)
                  2000f810    00000048     simplelink.a : driver.obj (.text:_SlDrvBasicCmd)
                  2000f858    00000048     rtsv7M4_T_le_eabi.lib : fd_toi_t2.asm.obj (.text)
                  2000f8a0    00000044     driverlib.a : spi.obj (.text:SPIDmaMaskGet)
                  2000f8e4    00000044                 : timer.obj (.text:TimerConfigure)
                  2000f928    00000044     simplelink.a : driver.obj (.text:_SlDrvHandleHttpServerEvents)
                  2000f96c    00000044     rtsv7M4_T_le_eabi.lib : autoinit.c.obj (.text:__TI_auto_init_nobinit_nopinit:__TI_auto_init_nobinit_nopinit)
                  2000f9b0    00000044     simplelink.a : cc_pal.obj (.text:cc_SetupTransfer)
                  2000f9f4    00000040     driverlib.a : pin.obj (.text:PinModeSet)
                  2000fa34    00000040     simplelink.a : driver.obj (.text:_SlDrvHandleNetAppEvents)
                  2000fa74    00000040                  : driver.obj (.text:_SlDrvHandleWlanEvents)
                  2000fab4    00000040                  : driver.obj (.text:_SlDrvSyncObjWaitTimeout)
                  2000faf4    00000040                  : socket.obj (.text:_sl_TruncatePayloadByProtocol)
                  2000fb34    00000040     rtsv7M4_T_le_eabi.lib : vsnprintf.c.obj (.text:vsnprintf)
                  2000fb74    0000003e                           : _printfi.c.obj (.text:_fcpy)
                  2000fbb2    0000003c     simplelink.a : netapp.obj (.text:CopyPingResultsToReport)
                  2000fbee    00000002     --HOLE-- [fill = 0]
                  2000fbf0    0000003c     driverlib.a : prcm.obj (.text:PRCMPeripheralClkEnable)
                  2000fc2c    0000003c     simplelink.a : cc_pal.obj (.text:simplelink_timerA2_start)
                  2000fc68    0000003c     driverlib.a : udma.obj (.text:uDMAChannelControlSet)
                  2000fca4    00000038     simplelink.a : cc_pal.obj (.text:NwpPowerOff)
                  2000fcdc    00000038     free_rtos.a : heap_3.obj (.text)
                  2000fd14    00000038     simplelink.a : wlan.obj (.text:sl_WlanDisconnect)
                  2000fd4c    00000036     driverlib.a : gpio.obj (.text:GPIODirModeSet)
                  2000fd82    00000036     rtsv7M4_T_le_eabi.lib : strncpy.c.obj (.text:strncpy)
                  2000fdb8    00000034     simplelink.a : cc_pal.obj (.text:NwpPowerOn)
                  2000fdec    00000034     driverlib.a : prcm.obj (.text:PRCMPeripheralStatusGet)
                  2000fe20    00000034                 : spi.obj (.text:SPIFIFOLevelSet)
                  2000fe54    00000030                 : pin.obj (.text:PinTypeGPIO)
                  2000fe84    00000030                 : uart.obj (.text:UARTDisable)
                  2000feb4    00000030     rtsv7M4_T_le_eabi.lib : vsnprintf.c.obj (.text:_outs)
                  2000fee4    0000002e                           : i_tofd_t2.asm.obj (.text)
                  2000ff12    00000002     --HOLE-- [fill = 0]
                  2000ff14    0000002c     simplelink.a : cc_pal.obj (.text:DmaSpiSwIntHandler)
                  2000ff40    0000002c     driverlib.a : prcm.obj (.text:PRCMSysResetCauseGet)
                  2000ff6c    0000002a                 : timer.obj (.text:TimerLoadSet)
                  2000ff96    0000002a                 : timer.obj (.text:TimerPrescaleSet)
                  2000ffc0    00000028                 : prcm.obj (.text:PRCMPeripheralClkDisable)
                  2000ffe8    00000028     simplelink.a : driver.obj (.text:_SlDrvObjGlobalLockWaitForever)
                  20010010    00000028                  : driver.obj (.text:_SlDrvProtectionObjLockWaitForever)
                  20010038    00000028     rtsv7M4_T_le_eabi.lib : memory.c.obj (.text:free_list_insert)
                  20010060    00000026     simplelink.a : cc_pal.obj (.text:NwpRegisterInterruptHandler)
                  20010086    00000026     network_common.obj (.text)
                  200100ac    00000024     driverlib.a : interrupt.obj (.text:IntUnregister)
                  200100d0    00000024                 : uart.obj (.text:UARTEnable)
                  200100f4    00000024     simplelink.a : driver.obj (.text:_SlDrvGlobalObjUnLock)
                  20010118    00000024                  : driver.obj (.text:_SlDrvProtectionObjUnLock)
                  2001013c    00000024                  : driver.obj (.text:_SlDrvSyncObjWaitForever)
                  20010160    00000024     rtsv7M4_T_le_eabi.lib : boot_cortex_m.c.obj (.text:_c_int00_noargs:_c_int00_noargs)
                  20010184    00000024                           : memmov.c.obj (.text:memmove)
                  200101a8    00000022     driverlib.a : spi.obj (.text:SPIReset)
                  200101ca    00000022                 : spi.obj (.text:SPIWordCountSet)
                  200101ec    00000022     simplelink.a : driver.obj (.text:_SlDrvObjLockWaitForever)
                  2001020e    00000020     driverlib.a : gpio.obj (.text:GPIOPinWrite)
                  2001022e    00000002     --HOLE-- [fill = 0]
                  20010230    00000020                 : interrupt.obj (.text:IntRegister)
                  20010250    00000020     simplelink.a : cc_pal.obj (.text:NwpPrePowerOffTimout0)
                  20010270    00000020                  : cc_pal.obj (.text:TimerGetCurrentTimestamp)
                  20010290    0000001e     driverlib.a : timer.obj (.text:TimerDisable)
                  200102ae    0000001e                 : timer.obj (.text:TimerEnable)
                  200102cc    0000001e                 : timer.obj (.text:TimerIntStatus)
                  200102ea    0000001e                 : uart.obj (.text:UARTCharPut)
                  20010308    0000001e     simplelink.a : driver.obj (.text:_SlDrvObjUnLock)
                  20010326    0000001e                  : driver.obj (.text:_SlDrvSyncObjSignal)
                  20010344    0000001e                  : cc_pal.obj (.text:cc_UDMAChannelSelect)
                  20010362    0000001c     driverlib.a : timer.obj (.text:TimerValueGet)
                  2001037e    0000001c                 : uart.obj (.text:UARTCharGetNonBlocking)
                  2001039a    0000001c     simplelink.a : driver.obj (.text:_SlDrvStartMeasureTimeout)
                  200103b6    00000002     --HOLE-- [fill = 0]
                  200103b8    0000001c     rtsv7M4_T_le_eabi.lib : memory.c.obj (.text:free_list_remove)
                  200103d4    0000001c                           : memccpy.c.obj (.text:memccpy)
                  200103f0    0000001c     driverlib.a : udma.obj (.text:uDMAChannelDisable)
                  2001040c    0000001c                 : udma.obj (.text:uDMAChannelEnable)
                  20010428    0000001c                 : udma.obj (.text:uDMAChannelRequest)
                  20010444    0000001a                 : gpio.obj (.text:GPIOIntEnable)
                  2001045e    0000001a                 : pin.obj (.text:PinTypeUART)
                  20010478    0000001a                 : spi.obj (.text:SPIDmaDisable)
                  20010492    0000001a                 : spi.obj (.text:SPIDmaEnable)
                  200104ac    0000001a                 : spi.obj (.text:SPIFIFODisable)
                  200104c6    0000001a                 : spi.obj (.text:SPIFIFOEnable)
                  200104e0    00000018                 : gpio.obj (.text:GPIOPinRead)
                  200104f8    00000018                 : spi.obj (.text:SPICSDisable)
                  20010510    00000018                 : spi.obj (.text:SPICSEnable)
                  20010528    00000018                 : spi.obj (.text:SPIDisable)
                  20010540    00000018                 : spi.obj (.text:SPIEnable)
                  20010558    00000018                 : timer.obj (.text:TimerIntDisable)
                  20010570    00000018                 : timer.obj (.text:TimerIntEnable)
                  20010588    00000018                 : uart.obj (.text:UARTCharsAvail)
                  200105a0    00000018     rtsv7M4_T_le_eabi.lib : vsnprintf.c.obj (.text:_outc)
                  200105b8    00000018     simplelink.a : device.obj (.text:_sl_GetStartResponseConvert)
                  200105d0    00000016     driverlib.a : prcm.obj (.text:PRCMHIBRegRead)
                  200105e6    00000016                 : prcm.obj (.text:PRCMHIBRegWrite)
                  200105fc    00000016     simplelink.a : driver.obj (.text:_SlDrvMemZero)
                  20010612    00000016     rtsv7M4_T_le_eabi.lib : strchr.c.obj (.text:strchr)
                  20010628    00000014     driverlib.a : cpu.obj (.text:CPUcpsie)
                  2001063c    00000014                 : gpio.obj (.text:GPIOIntClear)
                  20010650    00000014                 : interrupt.obj (.text:IntVTableBaseSet)
                  20010664    00000014     rtsv7M4_T_le_eabi.lib : strlen.c.obj (.text:strlen)
                  20010678    00000014     driverlib.a : udma.obj (.text:uDMAControlBaseSet)
                  2001068c    00000014                 : udma.obj (.text:uDMAIntClear)
                  200106a0    00000012                 : timer.obj (.text:TimerIntClear)
                  200106b2    00000012                 : udma.obj (.text:uDMAIntUnregister)
                  200106c4    00000012     rtsv7M4_T_le_eabi.lib : wcslen.c.obj (.text:wcslen)
                  200106d6    00000010     simplelink.a : driver.obj (.text:_SlDrvDispatchHttpServerEvents)
                  200106e6    0000000e                  : driver.obj (.text:_SlDrvResetCmdExt)
                  200106f4    0000000e     rtsv7M4_T_le_eabi.lib : copy_decompress_none.c.obj (.text:decompress:none:__TI_decompress_none)
                  20010702    0000000e     startup_ccs.obj (.text)
                  20010710    0000000c     simplelink.a : cc_pal.obj (.text:NwpMaskInterrupt)
                  2001071c    0000000c                  : cc_pal.obj (.text:NwpUnMaskInterrupt)
                  20010728    0000000c     rtsv7M4_T_le_eabi.lib : s_copysign.c.obj (.text:copysign)
                  20010734    0000000c                           : copy_zero_init.c.obj (.text:decompress:ZI:__TI_zero_init)
                  20010740    0000000c     driverlib.a : udma.obj (.text:uDMADisable)
                  2001074c    0000000c                 : udma.obj (.text:uDMAEnable)
                  20010758    0000000c                 : udma.obj (.text:uDMAIntStatus)
                  20010764    0000000a                 : interrupt.obj (.text:IntMasterEnable)
                  2001076e    00000002     --HOLE-- [fill = 0]
                  20010770    00000008     rtsv7M4_T_le_eabi.lib : errno.c.obj (.text:__aeabi_errno_addr)
                  20010778    00000008                           : memory.c.obj (.text:malloc)
                  20010780    00000006     driverlib.a : utils.obj (.text:UtilsDelay)
                  20010786    00000004     rtsv7M4_T_le_eabi.lib : pre_init.c.obj (.text:_system_pre_init)
                  2001078a    00000004                           : exit.c.obj (.text:abort:abort)

.const     0    20010790    00000668     
                  20010790    00000101     rtsv7M4_T_le_eabi.lib : ctype.c.obj (.const:.string:_ctypes_)
                  20010891    00000003     --HOLE-- [fill = 0]
                  20010894    00000100     driverlib.a : pin.obj (.const:g_ulPinToPadMap)
                  20010994    000000d4                 : interrupt.obj (.const:g_pulRegs)
                  20010a68    000000a8                 : prcm.obj (.const:PRCM_PeriphRegsList)
                  20010b10    0000003c     simplelink.a : driver.obj (.const:OpcodeTranslateTable)
                  20010b4c    00000038                  : driver.obj (.const:_SlActionLookupTable)
                  20010b84    0000002c     network_if.obj (.const:$P$T1$2)
                  20010bb0    00000024     main.obj (.const:g_acMonthOfYear)
                  20010bd4    00000022     network_if.obj (.const:.string:$P$T0$1)
                  20010bf6    00000002     --HOLE-- [fill = 0]
                  20010bf8    00000020     simplelink.a : driver.obj (.const:RxMsgClassLUT)
                  20010c18    0000001e     main.obj (.const:.string:g_acSNTPserver)
                  20010c36    00000002     --HOLE-- [fill = 0]
                  20010c38    00000018     driverlib.a : interrupt.obj (.const:g_pulDisRegs)
                  20010c50    00000018                 : interrupt.obj (.const:g_pulEnRegs)
                  20010c68    00000018                 : interrupt.obj (.const:g_pulUnpendRegs)
                  20010c80    00000018                 : spi.obj (.const:g_ulSPIDmaMaskMap)
                  20010c98    00000017     network_if.obj (.const:.string:$P$T5$6)
                  20010caf    00000016     network_if.obj (.const:.string:$P$T3$4)
                  20010cc5    00000015     network_if.obj (.const:.string:$P$T4$5)
                  20010cda    00000015     network_if.obj (.const:.string:$P$T7$8)
                  20010cef    00000015     main.obj (.const:g_acDaysOfWeek2013)
                  20010d04    00000014     simplelink.a : driver.obj (.const:$P$T0$1)
                  20010d18    00000014     network_if.obj (.const:$P$T2$3)
                  20010d2c    00000010     network_if.obj (.const:$P$T6$7)
                  20010d3c    00000010     simplelink.a : socket.obj (.const:.string:_SlPayloadByProtocolLUT)
                  20010d4c    0000000f     main.obj (.const:.string:$P$T1$2)
                  20010d5b    0000000c     main.obj (.const:.string:$P$T0$1)
                  20010d67    0000000c     main.obj (.const:.string:g_acNumOfDaysPerMonth)
                  20010d73    0000000b     network_if.obj (.const:.string:pcDigits)
                  20010d7e    00000008     simplelink.a : device.obj (.const:StartResponseLUT)
                  20010d86    00000002     --HOLE-- [fill = 0]
                  20010d88    00000008                  : driver.obj (.const:g_H2NCnysPattern)
                  20010d90    00000008                  : driver.obj (.const:g_H2NSyncPattern)
                  20010d98    00000005     main.obj (.const:.string:$P$T2$3)
                  20010d9d    00000001     --HOLE-- [fill = 0]
                  20010d9e    00000004     simplelink.a : socket.obj (.const:$P$T0$1)
                  20010da2    00000004                  : wlan.obj (.const:$P$T0$1)
                  20010da6    00000004                  : socket.obj (.const:$P$T1$2)
                  20010daa    00000004                  : device.obj (.const:_SlDeviceGetCmdCtrl)
                  20010dae    00000004                  : netapp.obj (.const:_SlGetHostByNameCtrl)
                  20010db2    00000004                  : netapp.obj (.const:_SlNetAppSendTokenValueCmdCtrl)
                  20010db6    00000004                  : netcfg.obj (.const:_SlNetCfgGetCmdCtrl)
                  20010dba    00000004                  : netcfg.obj (.const:_SlNetCfgSetCmdCtrl)
                  20010dbe    00000004                  : wlan.obj (.const:_SlPolicySetCmdCtrl)
                  20010dc2    00000004                  : wlan.obj (.const:_SlProfileDelCmdCtrl)
                  20010dc6    00000004                  : socket.obj (.const:_SlRecvfomCmdCtrl)
                  20010dca    00000004                  : netapp.obj (.const:_SlRegisterServiceCtrl)
                  20010dce    00000004                  : wlan.obj (.const:_SlRxFilterSetCmdCtrl)
                  20010dd2    00000004                  : socket.obj (.const:_SlSetSockOptCmdCtrl)
                  20010dd6    00000004                  : socket.obj (.const:_SlSockCloseCmdCtrl)
                  20010dda    00000004                  : socket.obj (.const:_SlSockSocketCmdCtrl)
                  20010dde    00000004                  : device.obj (.const:_SlStopCmdCtrl)
                  20010de2    00000004                  : wlan.obj (.const:_SlWlanCfgSetCmdCtrl)
                  20010de6    00000004                  : wlan.obj (.const:_SlWlanSetModeCmdCtrl)
                  20010dea    00000002     --HOLE-- [fill = 0]
                  20010dec    00000004     free_rtos.a : port.obj (.const)
                  20010df0    00000004     simplelink.a : driver.obj (.const:httpServer_callbacks)
                  20010df4    00000004                  : driver.obj (.const:netApp_callbacks)

.cinit     0    20010df8    00000058     
                  20010df8    00000034     (.cinit..data.load) [load image, compression = lzss]
                  20010e2c    0000000c     (__TI_handler_table)
                  20010e38    00000008     (.cinit..bss.load) [load image, compression = zero_init]
                  20010e40    00000010     (__TI_cinit_table)

.sysmem    0    20017000    00008000     UNINITIALIZED
                  20017000    00000010     rtsv7M4_T_le_eabi.lib : memory.c.obj (.sysmem)
                  20017010    00007ff0     --HOLE--

.bss       0    2001f000    000008ee     UNINITIALIZED
                  2001f000    00000400     (.common:gpCtlTbl)
                  2001f400    00000178     simplelink.a : driver.obj (.bss:g_StatMem)
                  2001f578    00000100     (.common:gfpAppCallbackHndl)
                  2001f678    000000c8     free_rtos.a : tasks.obj (.bss:pxReadyTasksLists)
                  2001f740    00000050     (.common:g_ucDinDout)
                  2001f790    00000050     (.common:xQueueRegistry)
                  2001f7e0    00000040     (.common:g_sAppData)
                  2001f820    00000024     (.common:g_ucConnectionSSID)
                  2001f844    00000014                 : tasks.obj (.bss:xDelayedTaskList1)
                  2001f858    00000014                 : tasks.obj (.bss:xDelayedTaskList2)
                  2001f86c    00000014                 : tasks.obj (.bss:xPendingReadyList)
                  2001f880    00000014                 : tasks.obj (.bss:xSuspendedTaskList)
                  2001f894    00000014                 : tasks.obj (.bss:xTasksWaitingTermination)
                  2001f8a8    00000010     (.common:sAddr)
                  2001f8b8    00000010     (.common:sLocalAddr)
                  2001f8c8    00000008                 : tasks.obj (.bss)
                  2001f8d0    00000008     (.common:g_ucConnectionBSSID)
                  2001f8d8    00000004     uart_if.obj (.bss)
                  2001f8dc    00000004     (.common:DMAMsgQ)
                  2001f8e0    00000004     (.common:g_cDummy)
                  2001f8e4    00000002     (.common:g_usConnectIndex)
                  2001f8e6    00000002     (.common:g_usTimerInts)
                  2001f8e8    00000001     (.common:RxIrqCnt)
                  2001f8e9    00000001     (.common:g_bDeviceRestartIsRequired)
                  2001f8ea    00000001     (.common:g_ucLED1Pin)
                  2001f8eb    00000001     (.common:g_ucLED2Pin)
                  2001f8ec    00000001     (.common:g_ucLED3Pin)
                  2001f8ed    00000001     (.common:iDone)

.data      0    2001f8f0    000000b0     UNINITIALIZED
                  2001f8f0    00000034     free_rtos.a : tasks.obj (.data)
                  2001f924    00000014     gpio_if.obj (.data:ulReg)
                  2001f938    0000000d     simplelink.a : driver.obj (.data)
                  2001f945    00000003     --HOLE--
                  2001f948    0000000c     main.obj (.data:SecurityParams)
                  2001f954    0000000c     free_rtos.a : osi_freertos.obj (.data)
                  2001f960    0000000c     gpio_if.obj (.data)
                  2001f96c    0000000c     network_if.obj (.data)
                  2001f978    00000009     simplelink.a : cc_pal.obj (.data)
                  2001f981    00000003     --HOLE--
                  2001f984    00000008     rtsv7M4_T_le_eabi.lib : _lock.c.obj (.data:$O1$$)
                  2001f98c    00000008                           : memory.c.obj (.data:$O1$$)
                  2001f994    00000004     free_rtos.a : port.obj (.data)
                  2001f998    00000004     rtsv7M4_T_le_eabi.lib : errno.c.obj (.data)
                  2001f99c    00000004     simplelink.a : driver.obj (.data:wlan_callbacks)

.stack     0    2002f800    00000800     UNINITIALIZED
                  2002f800    00000004     rtsv7M4_T_le_eabi.lib : boot_cortex_m.c.obj (.stack)
                  2002f804    000007fc     --HOLE--

MODULE SUMMARY

       Module                       code    ro data   rw data
       ------                       ----    -------   -------
    .\
       network_if.obj               4840    212       58     
       main.obj                     2280    131       110    
       udma_if.obj                  448     0         1281   
       startup_ccs.obj              14      1024      0      
       gpio_if.obj                  912     0         35     
       uart_if.obj                  656     0         4      
       timer_if.obj                 448     0         0      
       pinmux.obj                   80      0         0      
       network_common.obj           38      0         0      
    +--+----------------------------+-------+---------+---------+
       Total:                       9716    1367      1488   
                                                             
    C:/ti/CC3200SDK_1.5.0/cc3200-sdk/driverlib/ccs/Release/driverlib.a
       prcm.obj                     852     168       0      
       interrupt.obj                608     284       0      
       udma.obj                     754     0         0      
       spi.obj                      696     24        0      
       pin.obj                      274     256       0      
       timer.obj                    440     0         0      
       gpio.obj                     286     0         0      
       uart.obj                     284     0         0      
       cpu.obj                      20      0         0      
       utils.obj                    6       0         0      
    +--+----------------------------+-------+---------+---------+
       Total:                       4220    732       0      
                                                             
    C:/ti/CC3200SDK_1.5.0/cc3200-sdk/oslib/ccs/free_rtos/free_rtos.a
       tasks.obj                    6280    0         360    
       queue.obj                    3528    0         80     
       osi_freertos.obj             1124    0         12     
       list.obj                     298     0         0      
       port.obj                     284     4         4      
       portasm.obj                  186     0         0      
       heap_3.obj                   56      0         0      
    +--+----------------------------+-------+---------+---------+
       Total:                       11756   4         456    
                                                             
    C:/ti/CC3200SDK_1.5.0/cc3200-sdk/simplelink/ccs/OS_debug/simplelink.a
       driver.obj                   7802    192       395    
       cc_pal.obj                   1920    0         97     
       socket.obj                   1664    40        0      
       netapp.obj                   1572    12        0      
       wlan.obj                     1316    24        0      
       device.obj                   1082    16        0      
       netcfg.obj                   368     8         0      
    +--+----------------------------+-------+---------+---------+
       Total:                       15724   292       492    
                                                             
    C:\ti\ccs930\ccs\tools\compiler\ti-cgt-arm_18.12.4.LTS\lib\rtsv7M4_T_le_eabi.lib
       _printfi.c.obj               4835    0         0      
       memory.c.obj                 928     0         8      
       fd_add_t2.asm.obj            438     0         0      
       fd_div_t2.asm.obj            310     0         0      
       fd_cmp_t2.asm.obj            268     0         0      
       ctype.c.obj                  0       257       0      
       fd_mul_t2.asm.obj            252     0         0      
       s_scalbn.c.obj               208     0         0      
       memcpy_t2.asm.obj            156     0         0      
       ull_div_t2.asm.obj           150     0         0      
       vsnprintf.c.obj              136     0         0      
       memset_t2.asm.obj            122     0         0      
       copy_decompress_lzss.c.obj   104     0         0      
       s_frexp.c.obj                92      0         0      
       ltoa.c.obj                   84      0         0      
       atoi.c.obj                   76      0         0      
       fd_toi_t2.asm.obj            72      0         0      
       autoinit.c.obj               68      0         0      
       strncpy.c.obj                54      0         0      
       i_tofd_t2.asm.obj            46      0         0      
       boot_cortex_m.c.obj          36      0         0      
       memmov.c.obj                 36      0         0      
       memccpy.c.obj                28      0         0      
       strchr.c.obj                 22      0         0      
       strlen.c.obj                 20      0         0      
       wcslen.c.obj                 18      0         0      
       copy_decompress_none.c.obj   14      0         0      
       copy_zero_init.c.obj         12      0         0      
       errno.c.obj                  8       0         4      
       s_copysign.c.obj             12      0         0      
       _lock.c.obj                  2       0         8      
       exit.c.obj                   4       0         0      
       pre_init.c.obj               4       0         0      
       div0.asm.obj                 2       0         0      
    +--+----------------------------+-------+---------+---------+
       Total:                       8617    257       20     
                                                             
       Heap:                        0       0         32768  
       Stack:                       0       0         2048   
       Linker Generated:            0       88        0      
    +--+----------------------------+-------+---------+---------+
       Grand Total:                 50033   2740      37272  


LINKER GENERATED COPY TABLES

__TI_cinit_table @ 20010e40 records: 2, size/record: 8, table size: 16
	.data: load addr=20010df8, load size=00000034 bytes, run addr=2001f8f0, run size=000000b0 bytes, compression=lzss
	.bss: load addr=20010e38, load size=00000008 bytes, run addr=2001f000, run size=000008ee bytes, compression=zero_init


LINKER GENERATED HANDLER TABLE

__TI_handler_table @ 20010e2c records: 3, size/record: 4, table size: 12
	index: 0, handler: __TI_decompress_lzss
	index: 1, handler: __TI_decompress_none
	index: 2, handler: __TI_zero_init


GLOBAL SYMBOLS: SORTED ALPHABETICALLY BY Name 

address   name                                  
-------   ----                                  
2001078b  C$$EXIT                               
20010629  CPUcpsie                              
20009e35  ClearTerm                             
200063c5  ConfigureSimpleLinkToDefaultState     
2001f8dc  DMAMsgQ                               
2000af07  DmaErrorIntHandler                    
2000ff15  DmaSpiSwIntHandler                    
2000aef1  DmaSwIntHandler                       
20009e3f  Error                                 
2000fd4d  GPIODirModeSet                        
2001063d  GPIOIntClear                          
20010445  GPIOIntEnable                         
2000ea01  GPIOIntTypeSet                        
200104e1  GPIOPinRead                           
2001020f  GPIOPinWrite                          
20009d25  GPIO_IF_ConfigureNIntEnable           
20009da1  GPIO_IF_Get                           
20009cdf  GPIO_IF_GetPortNPin                   
20009aa1  GPIO_IF_LedConfigure                  
20009b93  GPIO_IF_LedOff                        
20009adf  GPIO_IF_LedOn                         
20009c47  GPIO_IF_LedStatus                     
20009cb1  GPIO_IF_LedToggle                     
20009d67  GPIO_IF_Set                           
20009e77  GetCmd                                
20008c71  GetNTPTimeTask                        
20009df5  InitTerm                              
2000638b  InitializeAppVariables                
2000dbb1  IntDisable                            
2000dc59  IntEnable                             
20010765  IntMasterEnable                       
2000f305  IntPendClear                          
2000f40d  IntPrioritySet                        
20010231  IntRegister                           
200100ad  IntUnregister                         
20010651  IntVTableBaseSet                      
20008c05  LedTimerConfigNStart                  
20008c2d  LedTimerDeinitStop                    
20009e13  Message                               
20006a6d  Network_IF_ConnectAP                  
20006d75  Network_IF_CurrentMCUState            
200068cd  Network_IF_DeInitDriver               
20006c55  Network_IF_DisconnectFromAP           
20006d01  Network_IF_GetHostIP                  
20006769  Network_IF_InitDriver                 
20006c91  Network_IF_IpConfigGet                
20006d6d  Network_IF_ResetMCUStateMachine       
20006d7b  Network_IF_SetMCUMachineState         
20006d97  Network_IF_UnsetMCUMachineState       
20010711  NwpMaskInterrupt                      
2000fca5  NwpPowerOff                           
2000fdb9  NwpPowerOn                            
2000e8f9  NwpPowerOnPreamble                    
20010251  NwpPrePowerOffTimout0                 
20010061  NwpRegisterInterruptHandler           
2001071d  NwpUnMaskInterrupt                    
20010b10  OpcodeTranslateTable                  
2000b725  PRCMCC3200MCUInit                     
200105d1  PRCMHIBRegRead                        
200105e7  PRCMHIBRegWrite                       
2000ffc1  PRCMPeripheralClkDisable              
2000fbf1  PRCMPeripheralClkEnable               
2000e1d9  PRCMPeripheralClockGet                
2000f35d  PRCMPeripheralReset                   
2000fded  PRCMPeripheralStatusGet               
2000ff41  PRCMSysResetCauseGet                  
2000e765  PinConfigSet                          
2000f9f5  PinModeSet                            
2000f5fd  PinMuxConfig                          
2000fe55  PinTypeGPIO                           
2001045f  PinTypeUART                           
20009fc5  Report                                
20010703  ResetISR                              
2001f8e8  RxIrqCnt                              
200104f9  SPICSDisable                          
20010511  SPICSEnable                           
2000dd01  SPIConfigSetExpClk                    
20010529  SPIDisable                            
20010479  SPIDmaDisable                         
20010493  SPIDmaEnable                          
20010541  SPIEnable                             
200104ad  SPIFIFODisable                        
200104c7  SPIFIFOEnable                         
2000fe21  SPIFIFOLevelSet                       
2000f7c9  SPIIntClear                           
2000f64d  SPIIntEnable                          
200101a9  SPIReset                              
200101cb  SPIWordCountSet                       
2001f948  SecurityParams                        
20005edd  SimpleLinkGeneralEventHandler         
20005fb1  SimpleLinkHttpServerCallback          
20005e65  SimpleLinkNetAppEventHandler          
20005efd  SimpleLinkSockEventHandler            
20005ca1  SimpleLinkWlanEventHandler            
2000f8e5  TimerConfigure                        
20010291  TimerDisable                          
200102af  TimerEnable                           
20010271  TimerGetCurrentTimestamp              
200106a1  TimerIntClear                         
20010559  TimerIntDisable                       
20010571  TimerIntEnable                        
200102cd  TimerIntStatus                        
2000ef29  TimerIntUnregister                    
2000ff6d  TimerLoadSet                          
20008bd1  TimerPeriodicIntHandler               
2000ff97  TimerPrescaleSet                      
20010363  TimerValueGet                         
2000ae9d  Timer_IF_DeInit                       
2000aecf  Timer_IF_GetCount                     
2000adb1  Timer_IF_Init                         
2000ade3  Timer_IF_IntSetup                     
2000ae55  Timer_IF_InterruptClear               
2000aeb7  Timer_IF_ReLoad                       
2000ae6d  Timer_IF_Start                        
2000ae8d  Timer_IF_Stop                         
20009f2d  TrimSpace                             
2001037f  UARTCharGetNonBlocking                
200102eb  UARTCharPut                           
20010589  UARTCharsAvail                        
2000ecf9  UARTConfigSetExpClk                   
2000fe85  UARTDisable                           
200100d1  UARTEnable                            
2000af6f  UDMAChannelSelect                     
2000b043  UDMADeInit                            
2000af13  UDMAInit                              
2000af9d  UDMASetupAutoMemTransfer              
2000afd1  UDMASetupPingPongTransfer             
2000b057  UDMASetupTransfer                     
2000b02b  UDMAStartTransfer                     
2000b037  UDMAStopTransfer                      
20010781  UtilsDelay                            
200098bd  VDeleteSimpleLinkSpawnTask            
2000987b  VStartSimpleLinkSpawnTask             
20010b4c  _SlActionLookupTable                  
2000dda1  _SlDriverHandleError                  
2000f811  _SlDrvBasicCmd                        
2000d8c9  _SlDrvCmdOp                           
2000ee51  _SlDrvCmdSend                         
2000a7b5  _SlDrvDataReadOp                      
2000bb5d  _SlDrvDataWriteOp                     
2000dedd  _SlDrvDeviceEventHandler              
200106d7  _SlDrvDispatchHttpServerEvents        
2000c545  _SlDrvDriverCBDeinit                  
2000b405  _SlDrvDriverCBInit                    
200100f5  _SlDrvGlobalObjUnLock                 
2000f929  _SlDrvHandleHttpServerEvents          
2000fa35  _SlDrvHandleNetAppEvents              
2000fa75  _SlDrvHandleWlanEvents                
2000e535  _SlDrvIsTimeoutExpired                
200105fd  _SlDrvMemZero                         
2000cf75  _SlDrvMsgReadSpawnCtx                 
2000c9bd  _SlDrvNetAppEventHandler              
200101ed  _SlDrvObjLockWaitForever              
20010309  _SlDrvObjUnLock                       
2000f699  _SlDrvProtectAsyncRespSetting         
20010011  _SlDrvProtectionObjLockWaitForever    
20010119  _SlDrvProtectionObjUnLock             
2000a995  _SlDrvReleasePoolObj                  
200106e7  _SlDrvResetCmdExt                     
2000f55d  _SlDrvRxIrqHandler                    
2001039b  _SlDrvStartMeasureTimeout             
20010327  _SlDrvSyncObjSignal                   
2001013d  _SlDrvSyncObjWaitForever              
2000fab5  _SlDrvSyncObjWaitTimeout              
2000b595  _SlDrvWaitForPoolObj                  
20010db2  _SlNetAppSendTokenValueCmdCtrl        
20030000  __STACK_END                           
00000800  __STACK_SIZE                          
00008000  __SYSMEM_SIZE                         
20010e40  __TI_CINIT_Base                       
20010e50  __TI_CINIT_Limit                      
20010e2c  __TI_Handler_Table_Base               
20010e38  __TI_Handler_Table_Limit              
2000f96d  __TI_auto_init_nobinit_nopinit        
2000ef91  __TI_decompress_lzss                  
200106f5  __TI_decompress_none                  
ffffffff  __TI_pprof_out_hndl                   
20007d39  __TI_printfi                          
ffffffff  __TI_prof_data_size                   
ffffffff  __TI_prof_data_start                  
20010df8  __TI_static_base__                    
20010735  __TI_zero_init                        
2000e7ed  __aeabi_cdcmpeq                       
2000e7ed  __aeabi_cdcmple                       
2000e873  __aeabi_cdrcmple                      
2000f859  __aeabi_d2iz                          
2000b0bb  __aeabi_dadd                          
2000c2e5  __aeabi_ddiv                          
2000cac1  __aeabi_dmul                          
2000b0b1  __aeabi_dsub                          
20010771  __aeabi_errno_addr                    
2000fee5  __aeabi_i2d                           
2000da43  __aeabi_idiv0                         
2000da43  __aeabi_ldiv0                         
2000ec05  __aeabi_memclr                        
2000ec05  __aeabi_memclr4                       
2000ec05  __aeabi_memclr8                       
2000de41  __aeabi_memcpy                        
2000de41  __aeabi_memcpy4                       
2000de41  __aeabi_memcpy8                       
2000ec07  __aeabi_memset                        
2000ec07  __aeabi_memset4                       
2000ec07  __aeabi_memset8                       
2000e141  __aeabi_uldivmod                      
ffffffff  __binit__                             
ffffffff  __c_args__                            
UNDEFED   __mpu_init                            
2002f800  __stack                               
20010161  _c_int00_noargs                       
20010790  _ctypes_                              
2001f984  _lock                                 
2000b267  _nop                                  
2000eff9  _sl_HandleAsync_Accept                
2000ea85  _sl_HandleAsync_Connect               
2000e26d  _sl_HandleAsync_DnsGetHostByName      
2000d66d  _sl_HandleAsync_DnsGetHostByService   
2000e5c1  _sl_HandleAsync_InitComplete          
2000e2fd  _sl_HandleAsync_PingResponse          
2000f461  _sl_HandleAsync_Select                
2000f5ad  _sl_HandleAsync_Stop                  
2000eebd  _sl_NetAppSendTokenValue              
20017000  _sys_memory                           
UNDEFED   _system_post_cinit                    
20010787  _system_pre_init                      
2001f988  _unlock                               
2001078b  abort                                 
2000c8a5  aligned_alloc                         
2000f731  atoi                                  
ffffffff  binit                                 
20010729  copysign                              
20010729  copysignl                             
20004775  eTaskGetState                         
2001f998  errno                                 
2000d145  free                                  
2000f2a9  frexp                                 
2000f2a9  frexpl                                
2001f938  g_SlDeviceStatus                      
2001f978  g_SpiFd                               
20010cef  g_acDaysOfWeek2013                    
20010bb0  g_acMonthOfYear                       
20010d67  g_acNumOfDaysPerMonth                 
20010c18  g_acSNTPserver                        
2001f8e9  g_bDeviceRestartIsRequired            
2001f8e0  g_cDummy                              
2001f93c  g_pCB                                 
2001f97c  g_pHostIntHdl                         
20004000  g_pfnVectors                          
2001f7e0  g_sAppData                            
2001f8d0  g_ucConnectionBSSID                   
2001f820  g_ucConnectionSSID                    
2001f980  g_ucDMAEnabled                        
2001f740  g_ucDinDout                           
2001f8ea  g_ucLED1Pin                           
2001f8eb  g_ucLED2Pin                           
2001f8ec  g_ucLED3Pin                           
2001f960  g_uiLED1Port                          
2001f964  g_uiLED2Port                          
2001f968  g_uiLED3Port                          
2001f974  g_ulGatewayIP                         
2001f970  g_ulStaIp                             
2001f96c  g_ulStatus                            
2001f8e4  g_usConnectIndex                      
2001f8e6  g_usTimerInts                         
2001f578  gfpAppCallbackHndl                    
2001f000  gpCtlTbl                              
2001f8ed  iDone                                 
20006e31  itoa                                  
2000d59d  ldexp                                 
2000d59d  ldexpl                                
2000f4b5  ltoa                                  
20008e45  main                                  
20010779  malloc                                
200099d1  mem_Free                              
200099c5  mem_Malloc                            
200099f1  mem_copy                              
200099dd  mem_set                               
2000c8a5  memalign                              
200103d5  memccpy                               
2000de41  memcpy                                
20010185  memmove                               
2000ec0d  memset                                
20009a47  osi_ContextRestore                    
20009a45  osi_ContextSave                       
20009a05  osi_EnterCritical                     
20009a0f  osi_ExitCritical                      
20009627  osi_InterruptDeRegister               
20009601  osi_InterruptRegister                 
20009735  osi_LockObjCreate                     
200097a1  osi_LockObjDelete                     
200097b1  osi_LockObjLock                       
200097d9  osi_LockObjUnlock                     
200098e9  osi_MsgQCreate                        
2000992d  osi_MsgQDelete                        
2000998b  osi_MsgQRead                          
2000994d  osi_MsgQWrite                         
20009a21  osi_Sleep                             
20009803  osi_Spawn                             
20009713  osi_SyncObjClear                      
20009639  osi_SyncObjCreate                     
20009669  osi_SyncObjDelete                     
20009683  osi_SyncObjSignal                     
200096ab  osi_SyncObjSignalFromISR              
200096eb  osi_SyncObjWait                       
2000975b  osi_TaskCreate                        
20009793  osi_TaskDelete                        
20009a31  osi_TaskDisable                       
20009a3b  osi_TaskEnable                        
20009a19  osi_start                             
2001f940  pPingCallBackFunc                     
20010d73  pcDigits                              
20007b87  pcQueueGetName                        
20004d43  pcTaskGetName                         
2000fcdd  pvPortMalloc                          
200057a7  pvTaskIncrementMutexHeldCount         
2001f8f0  pxCurrentTCB                          
2000c789  pxPortInitialiseStack                 
2000d05d  realloc                               
2001f8a8  sAddr                                 
2001f8b8  sLocalAddr                            
2000d59d  scalbn                                
2000d59d  scalbnl                               
2000fc2d  simplelink_timerA2_start              
2000da45  sl_Bind                               
2000f189  sl_Close                              
2000d739  sl_DevGet                             
2000bca9  sl_NetAppDnsGetHostByName             
2000d229  sl_NetAppMDNSRegisterUnregisterService
2000f05d  sl_NetAppMDNSUnRegisterService        
2000d4c5  sl_NetCfgGet                          
2000df79  sl_NetCfgSet                          
20010087  sl_Provisioning_HttpServerEventHdl    
20010095  sl_Provisioning_NetAppEventHdl        
200100a1  sl_Provisioning_WlanEventHdl          
2000c1a9  sl_RecvFrom                           
2000bded  sl_SendTo                             
2000e011  sl_SetSockOpt                         
2000e64d  sl_Socket                             
2000cbbd  sl_Start                              
2000ccad  sl_Stop                               
2000a085  sl_WlanConnect                        
2000fd15  sl_WlanDisconnect                     
2000e38d  sl_WlanPolicySet                      
2000f1e9  sl_WlanProfileDel                     
2000e97d  sl_WlanRxFilterSet                    
2000e0a9  sl_WlanSet                            
2000f249  sl_WlanSetMode                        
2000ec81  spi_Close                             
2000ba0d  spi_Open                              
2000d3e9  spi_Read                              
2000e6d9  spi_Write                             
20010613  strchr                                
20010665  strlen                                
2000fd83  strncpy                               
2000f77d  uDMAChannelAssign                     
2000f0c1  uDMAChannelAttributeDisable           
2000f125  uDMAChannelAttributeEnable            
2000fc69  uDMAChannelControlSet                 
200103f1  uDMAChannelDisable                    
2001040d  uDMAChannelEnable                     
20010429  uDMAChannelRequest                    
2000cd9d  uDMAChannelTransferSet                
20010679  uDMAControlBaseSet                    
20010741  uDMADisable                           
2001074d  uDMAEnable                            
2001068d  uDMAIntClear                          
20010759  uDMAIntStatus                         
200106b3  uDMAIntUnregister                     
200078cd  ucQueueGetQueueType                   
20010dec  ulMaxSyscallInterruptPriority         
2000d999  ulPortGetIPSR                         
200057c5  ulTaskNotifyTake                      
2000c4fd  uxListRemove                          
200078ad  uxQueueGetQueueNumber                 
2000784f  uxQueueMessagesWaiting                
20007885  uxQueueMessagesWaitingFromISR         
20007865  uxQueueSpacesAvailable                
20004d3d  uxTaskGetNumberOfTasks                
20004d69  uxTaskGetSystemState                  
20005219  uxTaskGetTaskNumber                   
20004809  uxTaskPriorityGet                     
20004839  uxTaskPriorityGetFromISR              
20005785  uxTaskResetEventItemValue             
20005c93  vApplicationIdleHook                  
20005c95  vApplicationMallocFailedHook          
20005c97  vApplicationStackOverflowHook         
20005c89  vAssertCalled                         
2000c41b  vListInitialise                       
2000c44b  vListInitialiseItem                   
2000c497  vListInsert                           
2000c45b  vListInsertEnd                        
2000c80d  vPortEndScheduler                     
2000c80f  vPortEnterCritical                    
2000c82f  vPortExitCritical                     
2000fcfd  vPortFree                             
2000d9fd  vPortSVCHandler                       
2000c86b  vPortSetupTimerInterrupt              
2000da21  vPortStartFirstTask                   
20007b45  vQueueAddToRegistry                   
20007897  vQueueDelete                          
200078bb  vQueueSetQueueNumber                  
20007bc7  vQueueUnregisterQueue                 
20004739  vTaskDelay                            
200046a9  vTaskDelayUntil                       
200045fb  vTaskDelete                           
20004bff  vTaskEndScheduler                     
200052f9  vTaskGetInfo                          
20005161  vTaskInternalSetTimeOutState          
20005207  vTaskMissedYield                      
20005ae1  vTaskNotifyGiveFromISR                
20005005  vTaskPlaceOnEventList                 
20005021  vTaskPlaceOnUnorderedEventList        
200056ad  vTaskPriorityDisinheritAfterTimeout   
20004885  vTaskPrioritySet                      
200050d9  vTaskRemoveFromUnorderedEventList     
20004aad  vTaskResume                           
20005239  vTaskSetTaskNumber                    
2000513b  vTaskSetTimeOutState                  
20004bb5  vTaskStartScheduler                   
2000499d  vTaskSuspend                          
20004c21  vTaskSuspendAll                       
20004f89  vTaskSwitchContext                    
2000fb35  vsnprintf                             
200106c5  wcslen                                
2001f954  xHigherPriorityTaskWoken              
2000d9b1  xPortPendSVHandler                    
2000c7e5  xPortStartScheduler                   
2000c845  xPortSysTickHandler                   
20007c1f  xQueueAddToSet                        
200070fb  xQueueCreateCountingSemaphore         
200070cf  xQueueCreateMutex                     
20007c0b  xQueueCreateSet                       
2000700f  xQueueGenericCreate                   
20006f71  xQueueGenericReset                    
2000711b  xQueueGenericSend                     
2000726d  xQueueGenericSendFromISR              
20007323  xQueueGiveFromISR                     
20007ae1  xQueueIsQueueEmptyFromISR             
20007b23  xQueueIsQueueFullFromISR              
20007643  xQueuePeek                            
200077fd  xQueuePeekFromISR                     
200073d1  xQueueReceive                         
20007765  xQueueReceiveFromISR                  
2001f790  xQueueRegistry                        
20007c53  xQueueRemoveFromSet                   
20007c95  xQueueSelectFromSet                   
20007cad  xQueueSelectFromSetFromISR            
200074e9  xQueueSemaphoreTake                   
2001f958  xSimpleLinkSpawnQueue                 
2001f95c  xSimpleLinkSpawnTaskHndl              
20005189  xTaskCheckForTimeOut                  
20004401  xTaskCreate                           
200058e7  xTaskGenericNotify                    
200059d1  xTaskGenericNotifyFromISR             
200054cb  xTaskGetCurrentTaskHandle             
20004e3b  xTaskGetIdleTaskHandle                
200054db  xTaskGetSchedulerState                
20004d15  xTaskGetTickCount                     
20004d29  xTaskGetTickCountFromISR              
20004e61  xTaskIncrementTick                    
20005b8f  xTaskNotifyStateClear                 
20005845  xTaskNotifyWait                       
20005609  xTaskPriorityDisinherit               
20005529  xTaskPriorityInherit                  
2000505d  xTaskRemoveFromEventList              
20004c31  xTaskResumeAll                        
20004b27  xTaskResumeFromISR                    


GLOBAL SYMBOLS: SORTED BY Symbol Address 

address   name                                  
-------   ----                                  
00000800  __STACK_SIZE                          
00008000  __SYSMEM_SIZE                         
20004000  g_pfnVectors                          
20004401  xTaskCreate                           
200045fb  vTaskDelete                           
200046a9  vTaskDelayUntil                       
20004739  vTaskDelay                            
20004775  eTaskGetState                         
20004809  uxTaskPriorityGet                     
20004839  uxTaskPriorityGetFromISR              
20004885  vTaskPrioritySet                      
2000499d  vTaskSuspend                          
20004aad  vTaskResume                           
20004b27  xTaskResumeFromISR                    
20004bb5  vTaskStartScheduler                   
20004bff  vTaskEndScheduler                     
20004c21  vTaskSuspendAll                       
20004c31  xTaskResumeAll                        
20004d15  xTaskGetTickCount                     
20004d29  xTaskGetTickCountFromISR              
20004d3d  uxTaskGetNumberOfTasks                
20004d43  pcTaskGetName                         
20004d69  uxTaskGetSystemState                  
20004e3b  xTaskGetIdleTaskHandle                
20004e61  xTaskIncrementTick                    
20004f89  vTaskSwitchContext                    
20005005  vTaskPlaceOnEventList                 
20005021  vTaskPlaceOnUnorderedEventList        
2000505d  xTaskRemoveFromEventList              
200050d9  vTaskRemoveFromUnorderedEventList     
2000513b  vTaskSetTimeOutState                  
20005161  vTaskInternalSetTimeOutState          
20005189  xTaskCheckForTimeOut                  
20005207  vTaskMissedYield                      
20005219  uxTaskGetTaskNumber                   
20005239  vTaskSetTaskNumber                    
200052f9  vTaskGetInfo                          
200054cb  xTaskGetCurrentTaskHandle             
200054db  xTaskGetSchedulerState                
20005529  xTaskPriorityInherit                  
20005609  xTaskPriorityDisinherit               
200056ad  vTaskPriorityDisinheritAfterTimeout   
20005785  uxTaskResetEventItemValue             
200057a7  pvTaskIncrementMutexHeldCount         
200057c5  ulTaskNotifyTake                      
20005845  xTaskNotifyWait                       
200058e7  xTaskGenericNotify                    
200059d1  xTaskGenericNotifyFromISR             
20005ae1  vTaskNotifyGiveFromISR                
20005b8f  xTaskNotifyStateClear                 
20005c89  vAssertCalled                         
20005c93  vApplicationIdleHook                  
20005c95  vApplicationMallocFailedHook          
20005c97  vApplicationStackOverflowHook         
20005ca1  SimpleLinkWlanEventHandler            
20005e65  SimpleLinkNetAppEventHandler          
20005edd  SimpleLinkGeneralEventHandler         
20005efd  SimpleLinkSockEventHandler            
20005fb1  SimpleLinkHttpServerCallback          
2000638b  InitializeAppVariables                
200063c5  ConfigureSimpleLinkToDefaultState     
20006769  Network_IF_InitDriver                 
200068cd  Network_IF_DeInitDriver               
20006a6d  Network_IF_ConnectAP                  
20006c55  Network_IF_DisconnectFromAP           
20006c91  Network_IF_IpConfigGet                
20006d01  Network_IF_GetHostIP                  
20006d6d  Network_IF_ResetMCUStateMachine       
20006d75  Network_IF_CurrentMCUState            
20006d7b  Network_IF_SetMCUMachineState         
20006d97  Network_IF_UnsetMCUMachineState       
20006e31  itoa                                  
20006f71  xQueueGenericReset                    
2000700f  xQueueGenericCreate                   
200070cf  xQueueCreateMutex                     
200070fb  xQueueCreateCountingSemaphore         
2000711b  xQueueGenericSend                     
2000726d  xQueueGenericSendFromISR              
20007323  xQueueGiveFromISR                     
200073d1  xQueueReceive                         
200074e9  xQueueSemaphoreTake                   
20007643  xQueuePeek                            
20007765  xQueueReceiveFromISR                  
200077fd  xQueuePeekFromISR                     
2000784f  uxQueueMessagesWaiting                
20007865  uxQueueSpacesAvailable                
20007885  uxQueueMessagesWaitingFromISR         
20007897  vQueueDelete                          
200078ad  uxQueueGetQueueNumber                 
200078bb  vQueueSetQueueNumber                  
200078cd  ucQueueGetQueueType                   
20007ae1  xQueueIsQueueEmptyFromISR             
20007b23  xQueueIsQueueFullFromISR              
20007b45  vQueueAddToRegistry                   
20007b87  pcQueueGetName                        
20007bc7  vQueueUnregisterQueue                 
20007c0b  xQueueCreateSet                       
20007c1f  xQueueAddToSet                        
20007c53  xQueueRemoveFromSet                   
20007c95  xQueueSelectFromSet                   
20007cad  xQueueSelectFromSetFromISR            
20007d39  __TI_printfi                          
20008bd1  TimerPeriodicIntHandler               
20008c05  LedTimerConfigNStart                  
20008c2d  LedTimerDeinitStop                    
20008c71  GetNTPTimeTask                        
20008e45  main                                  
20009601  osi_InterruptRegister                 
20009627  osi_InterruptDeRegister               
20009639  osi_SyncObjCreate                     
20009669  osi_SyncObjDelete                     
20009683  osi_SyncObjSignal                     
200096ab  osi_SyncObjSignalFromISR              
200096eb  osi_SyncObjWait                       
20009713  osi_SyncObjClear                      
20009735  osi_LockObjCreate                     
2000975b  osi_TaskCreate                        
20009793  osi_TaskDelete                        
200097a1  osi_LockObjDelete                     
200097b1  osi_LockObjLock                       
200097d9  osi_LockObjUnlock                     
20009803  osi_Spawn                             
2000987b  VStartSimpleLinkSpawnTask             
200098bd  VDeleteSimpleLinkSpawnTask            
200098e9  osi_MsgQCreate                        
2000992d  osi_MsgQDelete                        
2000994d  osi_MsgQWrite                         
2000998b  osi_MsgQRead                          
200099c5  mem_Malloc                            
200099d1  mem_Free                              
200099dd  mem_set                               
200099f1  mem_copy                              
20009a05  osi_EnterCritical                     
20009a0f  osi_ExitCritical                      
20009a19  osi_start                             
20009a21  osi_Sleep                             
20009a31  osi_TaskDisable                       
20009a3b  osi_TaskEnable                        
20009a45  osi_ContextSave                       
20009a47  osi_ContextRestore                    
20009aa1  GPIO_IF_LedConfigure                  
20009adf  GPIO_IF_LedOn                         
20009b93  GPIO_IF_LedOff                        
20009c47  GPIO_IF_LedStatus                     
20009cb1  GPIO_IF_LedToggle                     
20009cdf  GPIO_IF_GetPortNPin                   
20009d25  GPIO_IF_ConfigureNIntEnable           
20009d67  GPIO_IF_Set                           
20009da1  GPIO_IF_Get                           
20009df5  InitTerm                              
20009e13  Message                               
20009e35  ClearTerm                             
20009e3f  Error                                 
20009e77  GetCmd                                
20009f2d  TrimSpace                             
20009fc5  Report                                
2000a085  sl_WlanConnect                        
2000a7b5  _SlDrvDataReadOp                      
2000a995  _SlDrvReleasePoolObj                  
2000adb1  Timer_IF_Init                         
2000ade3  Timer_IF_IntSetup                     
2000ae55  Timer_IF_InterruptClear               
2000ae6d  Timer_IF_Start                        
2000ae8d  Timer_IF_Stop                         
2000ae9d  Timer_IF_DeInit                       
2000aeb7  Timer_IF_ReLoad                       
2000aecf  Timer_IF_GetCount                     
2000aef1  DmaSwIntHandler                       
2000af07  DmaErrorIntHandler                    
2000af13  UDMAInit                              
2000af6f  UDMAChannelSelect                     
2000af9d  UDMASetupAutoMemTransfer              
2000afd1  UDMASetupPingPongTransfer             
2000b02b  UDMAStartTransfer                     
2000b037  UDMAStopTransfer                      
2000b043  UDMADeInit                            
2000b057  UDMASetupTransfer                     
2000b0b1  __aeabi_dsub                          
2000b0bb  __aeabi_dadd                          
2000b267  _nop                                  
2000b405  _SlDrvDriverCBInit                    
2000b595  _SlDrvWaitForPoolObj                  
2000b725  PRCMCC3200MCUInit                     
2000ba0d  spi_Open                              
2000bb5d  _SlDrvDataWriteOp                     
2000bca9  sl_NetAppDnsGetHostByName             
2000bded  sl_SendTo                             
2000c1a9  sl_RecvFrom                           
2000c2e5  __aeabi_ddiv                          
2000c41b  vListInitialise                       
2000c44b  vListInitialiseItem                   
2000c45b  vListInsertEnd                        
2000c497  vListInsert                           
2000c4fd  uxListRemove                          
2000c545  _SlDrvDriverCBDeinit                  
2000c789  pxPortInitialiseStack                 
2000c7e5  xPortStartScheduler                   
2000c80d  vPortEndScheduler                     
2000c80f  vPortEnterCritical                    
2000c82f  vPortExitCritical                     
2000c845  xPortSysTickHandler                   
2000c86b  vPortSetupTimerInterrupt              
2000c8a5  aligned_alloc                         
2000c8a5  memalign                              
2000c9bd  _SlDrvNetAppEventHandler              
2000cac1  __aeabi_dmul                          
2000cbbd  sl_Start                              
2000ccad  sl_Stop                               
2000cd9d  uDMAChannelTransferSet                
2000cf75  _SlDrvMsgReadSpawnCtx                 
2000d05d  realloc                               
2000d145  free                                  
2000d229  sl_NetAppMDNSRegisterUnregisterService
2000d3e9  spi_Read                              
2000d4c5  sl_NetCfgGet                          
2000d59d  ldexp                                 
2000d59d  ldexpl                                
2000d59d  scalbn                                
2000d59d  scalbnl                               
2000d66d  _sl_HandleAsync_DnsGetHostByService   
2000d739  sl_DevGet                             
2000d8c9  _SlDrvCmdOp                           
2000d999  ulPortGetIPSR                         
2000d9b1  xPortPendSVHandler                    
2000d9fd  vPortSVCHandler                       
2000da21  vPortStartFirstTask                   
2000da43  __aeabi_idiv0                         
2000da43  __aeabi_ldiv0                         
2000da45  sl_Bind                               
2000dbb1  IntDisable                            
2000dc59  IntEnable                             
2000dd01  SPIConfigSetExpClk                    
2000dda1  _SlDriverHandleError                  
2000de41  __aeabi_memcpy                        
2000de41  __aeabi_memcpy4                       
2000de41  __aeabi_memcpy8                       
2000de41  memcpy                                
2000dedd  _SlDrvDeviceEventHandler              
2000df79  sl_NetCfgSet                          
2000e011  sl_SetSockOpt                         
2000e0a9  sl_WlanSet                            
2000e141  __aeabi_uldivmod                      
2000e1d9  PRCMPeripheralClockGet                
2000e26d  _sl_HandleAsync_DnsGetHostByName      
2000e2fd  _sl_HandleAsync_PingResponse          
2000e38d  sl_WlanPolicySet                      
2000e535  _SlDrvIsTimeoutExpired                
2000e5c1  _sl_HandleAsync_InitComplete          
2000e64d  sl_Socket                             
2000e6d9  spi_Write                             
2000e765  PinConfigSet                          
2000e7ed  __aeabi_cdcmpeq                       
2000e7ed  __aeabi_cdcmple                       
2000e873  __aeabi_cdrcmple                      
2000e8f9  NwpPowerOnPreamble                    
2000e97d  sl_WlanRxFilterSet                    
2000ea01  GPIOIntTypeSet                        
2000ea85  _sl_HandleAsync_Connect               
2000ec05  __aeabi_memclr                        
2000ec05  __aeabi_memclr4                       
2000ec05  __aeabi_memclr8                       
2000ec07  __aeabi_memset                        
2000ec07  __aeabi_memset4                       
2000ec07  __aeabi_memset8                       
2000ec0d  memset                                
2000ec81  spi_Close                             
2000ecf9  UARTConfigSetExpClk                   
2000ee51  _SlDrvCmdSend                         
2000eebd  _sl_NetAppSendTokenValue              
2000ef29  TimerIntUnregister                    
2000ef91  __TI_decompress_lzss                  
2000eff9  _sl_HandleAsync_Accept                
2000f05d  sl_NetAppMDNSUnRegisterService        
2000f0c1  uDMAChannelAttributeDisable           
2000f125  uDMAChannelAttributeEnable            
2000f189  sl_Close                              
2000f1e9  sl_WlanProfileDel                     
2000f249  sl_WlanSetMode                        
2000f2a9  frexp                                 
2000f2a9  frexpl                                
2000f305  IntPendClear                          
2000f35d  PRCMPeripheralReset                   
2000f40d  IntPrioritySet                        
2000f461  _sl_HandleAsync_Select                
2000f4b5  ltoa                                  
2000f55d  _SlDrvRxIrqHandler                    
2000f5ad  _sl_HandleAsync_Stop                  
2000f5fd  PinMuxConfig                          
2000f64d  SPIIntEnable                          
2000f699  _SlDrvProtectAsyncRespSetting         
2000f731  atoi                                  
2000f77d  uDMAChannelAssign                     
2000f7c9  SPIIntClear                           
2000f811  _SlDrvBasicCmd                        
2000f859  __aeabi_d2iz                          
2000f8e5  TimerConfigure                        
2000f929  _SlDrvHandleHttpServerEvents          
2000f96d  __TI_auto_init_nobinit_nopinit        
2000f9f5  PinModeSet                            
2000fa35  _SlDrvHandleNetAppEvents              
2000fa75  _SlDrvHandleWlanEvents                
2000fab5  _SlDrvSyncObjWaitTimeout              
2000fb35  vsnprintf                             
2000fbf1  PRCMPeripheralClkEnable               
2000fc2d  simplelink_timerA2_start              
2000fc69  uDMAChannelControlSet                 
2000fca5  NwpPowerOff                           
2000fcdd  pvPortMalloc                          
2000fcfd  vPortFree                             
2000fd15  sl_WlanDisconnect                     
2000fd4d  GPIODirModeSet                        
2000fd83  strncpy                               
2000fdb9  NwpPowerOn                            
2000fded  PRCMPeripheralStatusGet               
2000fe21  SPIFIFOLevelSet                       
2000fe55  PinTypeGPIO                           
2000fe85  UARTDisable                           
2000fee5  __aeabi_i2d                           
2000ff15  DmaSpiSwIntHandler                    
2000ff41  PRCMSysResetCauseGet                  
2000ff6d  TimerLoadSet                          
2000ff97  TimerPrescaleSet                      
2000ffc1  PRCMPeripheralClkDisable              
20010011  _SlDrvProtectionObjLockWaitForever    
20010061  NwpRegisterInterruptHandler           
20010087  sl_Provisioning_HttpServerEventHdl    
20010095  sl_Provisioning_NetAppEventHdl        
200100a1  sl_Provisioning_WlanEventHdl          
200100ad  IntUnregister                         
200100d1  UARTEnable                            
200100f5  _SlDrvGlobalObjUnLock                 
20010119  _SlDrvProtectionObjUnLock             
2001013d  _SlDrvSyncObjWaitForever              
20010161  _c_int00_noargs                       
20010185  memmove                               
200101a9  SPIReset                              
200101cb  SPIWordCountSet                       
200101ed  _SlDrvObjLockWaitForever              
2001020f  GPIOPinWrite                          
20010231  IntRegister                           
20010251  NwpPrePowerOffTimout0                 
20010271  TimerGetCurrentTimestamp              
20010291  TimerDisable                          
200102af  TimerEnable                           
200102cd  TimerIntStatus                        
200102eb  UARTCharPut                           
20010309  _SlDrvObjUnLock                       
20010327  _SlDrvSyncObjSignal                   
20010363  TimerValueGet                         
2001037f  UARTCharGetNonBlocking                
2001039b  _SlDrvStartMeasureTimeout             
200103d5  memccpy                               
200103f1  uDMAChannelDisable                    
2001040d  uDMAChannelEnable                     
20010429  uDMAChannelRequest                    
20010445  GPIOIntEnable                         
2001045f  PinTypeUART                           
20010479  SPIDmaDisable                         
20010493  SPIDmaEnable                          
200104ad  SPIFIFODisable                        
200104c7  SPIFIFOEnable                         
200104e1  GPIOPinRead                           
200104f9  SPICSDisable                          
20010511  SPICSEnable                           
20010529  SPIDisable                            
20010541  SPIEnable                             
20010559  TimerIntDisable                       
20010571  TimerIntEnable                        
20010589  UARTCharsAvail                        
200105d1  PRCMHIBRegRead                        
200105e7  PRCMHIBRegWrite                       
200105fd  _SlDrvMemZero                         
20010613  strchr                                
20010629  CPUcpsie                              
2001063d  GPIOIntClear                          
20010651  IntVTableBaseSet                      
20010665  strlen                                
20010679  uDMAControlBaseSet                    
2001068d  uDMAIntClear                          
200106a1  TimerIntClear                         
200106b3  uDMAIntUnregister                     
200106c5  wcslen                                
200106d7  _SlDrvDispatchHttpServerEvents        
200106e7  _SlDrvResetCmdExt                     
200106f5  __TI_decompress_none                  
20010703  ResetISR                              
20010711  NwpMaskInterrupt                      
2001071d  NwpUnMaskInterrupt                    
20010729  copysign                              
20010729  copysignl                             
20010735  __TI_zero_init                        
20010741  uDMADisable                           
2001074d  uDMAEnable                            
20010759  uDMAIntStatus                         
20010765  IntMasterEnable                       
20010771  __aeabi_errno_addr                    
20010779  malloc                                
20010781  UtilsDelay                            
20010787  _system_pre_init                      
2001078b  C$$EXIT                               
2001078b  abort                                 
20010790  _ctypes_                              
20010b10  OpcodeTranslateTable                  
20010b4c  _SlActionLookupTable                  
20010bb0  g_acMonthOfYear                       
20010c18  g_acSNTPserver                        
20010cef  g_acDaysOfWeek2013                    
20010d67  g_acNumOfDaysPerMonth                 
20010d73  pcDigits                              
20010db2  _SlNetAppSendTokenValueCmdCtrl        
20010dec  ulMaxSyscallInterruptPriority         
20010df8  __TI_static_base__                    
20010e2c  __TI_Handler_Table_Base               
20010e38  __TI_Handler_Table_Limit              
20010e40  __TI_CINIT_Base                       
20010e50  __TI_CINIT_Limit                      
20017000  _sys_memory                           
2001f000  gpCtlTbl                              
2001f578  gfpAppCallbackHndl                    
2001f740  g_ucDinDout                           
2001f790  xQueueRegistry                        
2001f7e0  g_sAppData                            
2001f820  g_ucConnectionSSID                    
2001f8a8  sAddr                                 
2001f8b8  sLocalAddr                            
2001f8d0  g_ucConnectionBSSID                   
2001f8dc  DMAMsgQ                               
2001f8e0  g_cDummy                              
2001f8e4  g_usConnectIndex                      
2001f8e6  g_usTimerInts                         
2001f8e8  RxIrqCnt                              
2001f8e9  g_bDeviceRestartIsRequired            
2001f8ea  g_ucLED1Pin                           
2001f8eb  g_ucLED2Pin                           
2001f8ec  g_ucLED3Pin                           
2001f8ed  iDone                                 
2001f8f0  pxCurrentTCB                          
2001f938  g_SlDeviceStatus                      
2001f93c  g_pCB                                 
2001f940  pPingCallBackFunc                     
2001f948  SecurityParams                        
2001f954  xHigherPriorityTaskWoken              
2001f958  xSimpleLinkSpawnQueue                 
2001f95c  xSimpleLinkSpawnTaskHndl              
2001f960  g_uiLED1Port                          
2001f964  g_uiLED2Port                          
2001f968  g_uiLED3Port                          
2001f96c  g_ulStatus                            
2001f970  g_ulStaIp                             
2001f974  g_ulGatewayIP                         
2001f978  g_SpiFd                               
2001f97c  g_pHostIntHdl                         
2001f980  g_ucDMAEnabled                        
2001f984  _lock                                 
2001f988  _unlock                               
2001f998  errno                                 
2002f800  __stack                               
20030000  __STACK_END                           
ffffffff  __TI_pprof_out_hndl                   
ffffffff  __TI_prof_data_size                   
ffffffff  __TI_prof_data_start                  
ffffffff  __binit__                             
ffffffff  __c_args__                            
ffffffff  binit                                 
UNDEFED   __mpu_init                            
UNDEFED   _system_post_cinit                    

[466 symbols]
