******************************************************************************
                  TI ARM Linker PC v18.12.4                    
******************************************************************************
>> Linked Sun Feb 16 23:48:36 2020

OUTPUT FILE NAME:   <USR get_time and set RTC.out>
ENTRY POINT SYMBOL: "_c_int00_noargs"  address: 20010291


MEMORY CONFIGURATION

         name            origin    length      used     unused   attr    fill
----------------------  --------  ---------  --------  --------  ----  --------
  SRAM_CODE             20004000   00013000  0000cfae  00006052  RW X
  SRAM_DATA             20017000   00019000  0000919e  0000fe62  RW X


SEGMENT ALLOCATION MAP

run origin  load origin   length   init length attrs members
----------  ----------- ---------- ----------- ----- -------
20004000    20004000    0000cfb0   0000cfb0    r-x
  20004000    20004000    00000400   00000400    r-- .intvecs
  20004400    20004400    0000c4be   0000c4be    r-x .text
  200108c0    200108c0    00000698   00000698    r-- .const
  20010f58    20010f58    00000058   00000058    r-- .cinit
20017000    20017000    000089a0   00000000    rw-
  20017000    20017000    00008000   00000000    rw- .sysmem
  2001f000    2001f000    000008ee   00000000    rw- .bss
  2001f8f0    2001f8f0    000000b0   00000000    rw- .data
2002f800    2002f800    00000800   00000000    rw-
  2002f800    2002f800    00000800   00000000    rw- .stack


SECTION ALLOCATION MAP

 output                                  attributes/
section   page    origin      length       input sections
--------  ----  ----------  ----------   ----------------
.intvecs   0    20004000    00000400     
                  20004000    00000400     startup_ccs.obj (.intvecs)

.init_array 
*          0    20004000    00000000     UNINITIALIZED

.text      0    20004400    0000c4be     
                  20004400    00001888     free_rtos.a : tasks.obj (.text)
                  20005c88    000012e8     network_if.obj (.text)
                  20006f70    00000dc8     free_rtos.a : queue.obj (.text)
                  20007d38    00000a4e     rtsv7M4_T_le_eabi.lib : _printfi.c.obj (.text:__TI_printfi)
                  20008786    00000002     driverlib.a : interrupt.obj (.text:IntDefaultHandler)
                  20008788    00000980     main.obj (.text)
                  20009108    00000590     simplelink.a : driver.obj (.text:_SlDrvMsgRead)
                  20009698    00000464     free_rtos.a : osi_freertos.obj (.text)
                  20009afc    00000390     gpio_if.obj (.text)
                  20009e8c    00000290     uart_if.obj (.text)
                  2000a11c    00000280     simplelink.a : wlan.obj (.text:sl_WlanConnect)
                  2000a39c    00000268     rtsv7M4_T_le_eabi.lib : _printfi.c.obj (.text:_pconv_a)
                  2000a604    00000248     simplelink.a : driver.obj (.text:_SlDrvRxHdrRead)
                  2000a84c    000001e0                  : driver.obj (.text:_SlDrvDataReadOp)
                  2000aa2c    000001d0                  : driver.obj (.text:_SlDrvReleasePoolObj)
                  2000abfc    000001cc     rtsv7M4_T_le_eabi.lib : _printfi.c.obj (.text:_pconv_g)
                  2000adc8    000001c0     timer_if.obj (.text)
                  2000af88    000001c0     udma_if.obj (.text)
                  2000b148    000001b6     rtsv7M4_T_le_eabi.lib : fd_add_t2.asm.obj (.text)
                  2000b2fe    00000002                           : _lock.c.obj (.text:_nop)
                  2000b300    0000019c     simplelink.a : driver.obj (.text:_SlDrvMsgWrite)
                  2000b49c    00000190                  : driver.obj (.text:_SlDrvDriverCBInit)
                  2000b62c    00000190                  : driver.obj (.text:_SlDrvWaitForPoolObj)
                  2000b7bc    00000178     driverlib.a : prcm.obj (.text:PRCMCC3200MCUInit)
                  2000b934    00000170     simplelink.a : driver.obj (.text:_SlFindAndSetActiveObj)
                  2000baa4    00000150                  : cc_pal.obj (.text:spi_Open)
                  2000bbf4    0000014c                  : driver.obj (.text:_SlDrvDataWriteOp)
                  2000bd40    00000144                  : netapp.obj (.text:sl_NetAppDnsGetHostByName)
                  2000be84    00000144                  : socket.obj (.text:sl_SendTo)
                  2000bfc8    0000013c                  : driver.obj (.text:_SlDrvMsgReadCmdCtx)
                  2000c104    0000013c     rtsv7M4_T_le_eabi.lib : _printfi.c.obj (.text:_pconv_e)
                  2000c240    0000013c     simplelink.a : socket.obj (.text:sl_RecvFrom)
                  2000c37c    00000136     rtsv7M4_T_le_eabi.lib : fd_div_t2.asm.obj (.text)
                  2000c4b2    0000012a     free_rtos.a : list.obj (.text)
                  2000c5dc    00000124     simplelink.a : driver.obj (.text:_SlDrvDriverCBDeinit)
                  2000c700    00000120     rtsv7M4_T_le_eabi.lib : _printfi.c.obj (.text:fcvt)
                  2000c820    0000011c     free_rtos.a : port.obj (.text)
                  2000c93c    00000118     rtsv7M4_T_le_eabi.lib : memory.c.obj (.text:aligned_alloc)
                  2000ca54    00000104     simplelink.a : netapp.obj (.text:_SlDrvNetAppEventHandler)
                  2000cb58    000000fc     rtsv7M4_T_le_eabi.lib : fd_mul_t2.asm.obj (.text)
                  2000cc54    000000f0     simplelink.a : device.obj (.text:sl_Start)
                  2000cd44    000000f0                  : device.obj (.text:sl_Stop)
                  2000ce34    000000f0     driverlib.a : udma.obj (.text:uDMAChannelTransferSet)
                  2000cf24    000000e8     simplelink.a : driver.obj (.text:_SlAsyncEventGenericHandler)
                  2000d00c    000000e8                  : driver.obj (.text:_SlDrvMsgReadSpawnCtx)
                  2000d0f4    000000e8     rtsv7M4_T_le_eabi.lib : memory.c.obj (.text:realloc)
                  2000d1dc    000000e4                           : memory.c.obj (.text:free)
                  2000d2c0    000000e4     simplelink.a : netapp.obj (.text:sl_NetAppMDNSRegisterUnregisterService)
                  2000d3a4    000000dc                  : driver.obj (.text:_SlDrvClassifyRxMsg)
                  2000d480    000000dc                  : cc_pal.obj (.text:spi_Read)
                  2000d55c    000000d8                  : netcfg.obj (.text:sl_NetCfgGet)
                  2000d634    000000d0     rtsv7M4_T_le_eabi.lib : s_scalbn.c.obj (.text:scalbn)
                  2000d704    000000cc     simplelink.a : netapp.obj (.text:_sl_HandleAsync_DnsGetHostByService)
                  2000d7d0    000000cc                  : device.obj (.text:sl_DevGet)
                  2000d89c    000000c4                  : driver.obj (.text:_SlRemoveFromList)
                  2000d960    000000c0                  : driver.obj (.text:_SlDrvCmdOp)
                  2000da20    000000ba     free_rtos.a : portasm.obj (.text)
                  2000dada    00000002     rtsv7M4_T_le_eabi.lib : div0.asm.obj (.text)
                  2000dadc    000000b8     simplelink.a : socket.obj (.text:sl_Bind)
                  2000db94    000000b1     rtsv7M4_T_le_eabi.lib : _printfi.c.obj (.text:_ltostr)
                  2000dc45    00000003     --HOLE-- [fill = 0]
                  2000dc48    000000a8     driverlib.a : interrupt.obj (.text:IntDisable)
                  2000dcf0    000000a8                 : interrupt.obj (.text:IntEnable)
                  2000dd98    000000a0                 : spi.obj (.text:SPIConfigSetExpClk)
                  2000de38    000000a0     simplelink.a : driver.obj (.text:_SlDriverHandleError)
                  2000ded8    0000009c     rtsv7M4_T_le_eabi.lib : memcpy_t2.asm.obj (.text)
                  2000df74    0000009a     simplelink.a : device.obj (.text:_SlDrvDeviceEventHandler)
                  2000e00e    00000002     --HOLE-- [fill = 0]
                  2000e010    00000098                  : device.obj (.text:sl_DevSet)
                  2000e0a8    00000098                  : netcfg.obj (.text:sl_NetCfgSet)
                  2000e140    00000098                  : socket.obj (.text:sl_SetSockOpt)
                  2000e1d8    00000098                  : wlan.obj (.text:sl_WlanSet)
                  2000e270    00000096     rtsv7M4_T_le_eabi.lib : ull_div_t2.asm.obj (.text)
                  2000e306    00000002     --HOLE-- [fill = 0]
                  2000e308    00000094     driverlib.a : prcm.obj (.text:PRCMPeripheralClockGet)
                  2000e39c    00000090     simplelink.a : netapp.obj (.text:_sl_HandleAsync_DnsGetHostByName)
                  2000e42c    00000090                  : netapp.obj (.text:_sl_HandleAsync_PingResponse)
                  2000e4bc    00000090                  : wlan.obj (.text:sl_WlanPolicySet)
                  2000e54c    0000008c                  : cc_pal.obj (.text:SetupDMAReceive)
                  2000e5d8    0000008c                  : cc_pal.obj (.text:SetupDMASend)
                  2000e664    0000008c                  : driver.obj (.text:_SlDrvIsTimeoutExpired)
                  2000e6f0    0000008c                  : device.obj (.text:_sl_HandleAsync_InitComplete)
                  2000e77c    0000008c                  : socket.obj (.text:sl_Socket)
                  2000e808    0000008c                  : cc_pal.obj (.text:spi_Write)
                  2000e894    00000088     driverlib.a : pin.obj (.text:PinConfigSet)
                  2000e91c    00000086     rtsv7M4_T_le_eabi.lib : fd_cmp_t2.asm.obj (.text:__aeabi_cdcmple)
                  2000e9a2    00000086                           : fd_cmp_t2.asm.obj (.text:__aeabi_cdrcmple)
                  2000ea28    00000084     simplelink.a : cc_pal.obj (.text:NwpPowerOnPreamble)
                  2000eaac    00000084                  : wlan.obj (.text:sl_WlanRxFilterSet)
                  2000eb30    00000082     driverlib.a : gpio.obj (.text:GPIOIntTypeSet)
                  2000ebb2    00000002     --HOLE-- [fill = 0]
                  2000ebb4    00000080     simplelink.a : socket.obj (.text:_sl_HandleAsync_Connect)
                  2000ec34    00000080                  : cc_pal.obj (.text:spi_Read_CPU)
                  2000ecb4    00000080                  : cc_pal.obj (.text:spi_Write_CPU)
                  2000ed34    0000007a     rtsv7M4_T_le_eabi.lib : memset_t2.asm.obj (.text)
                  2000edae    00000002     --HOLE-- [fill = 0]
                  2000edb0    00000078     simplelink.a : cc_pal.obj (.text:spi_Close)
                  2000ee28    00000076     driverlib.a : uart.obj (.text:UARTConfigSetExpClk)
                  2000ee9e    00000002     --HOLE-- [fill = 0]
                  2000eea0    00000070     rtsv7M4_T_le_eabi.lib : memory.c.obj (.text:split)
                  2000ef10    0000006e                           : _printfi.c.obj (.text:_mcpy)
                  2000ef7e    00000002     --HOLE-- [fill = 0]
                  2000ef80    0000006c     simplelink.a : driver.obj (.text:_SlDrvCmdSend)
                  2000efec    0000006c                  : netapp.obj (.text:_sl_NetAppSendTokenValue)
                  2000f058    00000068     driverlib.a : timer.obj (.text:TimerIntUnregister)
                  2000f0c0    00000068     rtsv7M4_T_le_eabi.lib : copy_decompress_lzss.c.obj (.text:decompress:lzss:__TI_decompress_lzss)
                  2000f128    00000064     simplelink.a : socket.obj (.text:_sl_HandleAsync_Accept)
                  2000f18c    00000064                  : netapp.obj (.text:sl_NetAppMDNSUnRegisterService)
                  2000f1f0    00000064     driverlib.a : udma.obj (.text:uDMAChannelAttributeDisable)
                  2000f254    00000064                 : udma.obj (.text:uDMAChannelAttributeEnable)
                  2000f2b8    00000060     simplelink.a : socket.obj (.text:sl_Close)
                  2000f318    00000060                  : wlan.obj (.text:sl_WlanProfileDel)
                  2000f378    00000060                  : wlan.obj (.text:sl_WlanSetMode)
                  2000f3d8    0000005c     rtsv7M4_T_le_eabi.lib : s_frexp.c.obj (.text:frexp)
                  2000f434    00000058     driverlib.a : interrupt.obj (.text:IntPendClear)
                  2000f48c    00000058                 : prcm.obj (.text:PRCMPeripheralReset)
                  2000f4e4    00000056     rtsv7M4_T_le_eabi.lib : _printfi.c.obj (.text:_pconv_f)
                  2000f53a    00000002     --HOLE-- [fill = 0]
                  2000f53c    00000054     driverlib.a : interrupt.obj (.text:IntPrioritySet)
                  2000f590    00000054     simplelink.a : socket.obj (.text:_sl_HandleAsync_Select)
                  2000f5e4    00000054     rtsv7M4_T_le_eabi.lib : ltoa.c.obj (.text:ltoa)
                  2000f638    00000052                           : _printfi.c.obj (.text:_ecpy)
                  2000f68a    00000002     --HOLE-- [fill = 0]
                  2000f68c    00000050     simplelink.a : driver.obj (.text:_SlDrvRxIrqHandler)
                  2000f6dc    00000050                  : device.obj (.text:_sl_HandleAsync_Stop)
                  2000f72c    00000050     pinmux.obj (.text)
                  2000f77c    0000004c     driverlib.a : spi.obj (.text:SPIIntEnable)
                  2000f7c8    0000004c     simplelink.a : driver.obj (.text:_SlDrvProtectAsyncRespSetting)
                  2000f814    0000004c                  : socket.obj (.text:_sl_BuildAddress)
                  2000f860    0000004c     rtsv7M4_T_le_eabi.lib : atoi.c.obj (.text:atoi)
                  2000f8ac    0000004c     driverlib.a : udma.obj (.text:uDMAChannelAssign)
                  2000f8f8    00000048                 : spi.obj (.text:SPIIntClear)
                  2000f940    00000048     simplelink.a : driver.obj (.text:_SlDrvBasicCmd)
                  2000f988    00000048     rtsv7M4_T_le_eabi.lib : fd_toi_t2.asm.obj (.text)
                  2000f9d0    00000044     driverlib.a : spi.obj (.text:SPIDmaMaskGet)
                  2000fa14    00000044                 : timer.obj (.text:TimerConfigure)
                  2000fa58    00000044     simplelink.a : driver.obj (.text:_SlDrvHandleHttpServerEvents)
                  2000fa9c    00000044     rtsv7M4_T_le_eabi.lib : autoinit.c.obj (.text:__TI_auto_init_nobinit_nopinit:__TI_auto_init_nobinit_nopinit)
                  2000fae0    00000044     simplelink.a : cc_pal.obj (.text:cc_SetupTransfer)
                  2000fb24    00000040     driverlib.a : pin.obj (.text:PinModeSet)
                  2000fb64    00000040     simplelink.a : driver.obj (.text:_SlDrvHandleNetAppEvents)
                  2000fba4    00000040                  : driver.obj (.text:_SlDrvHandleWlanEvents)
                  2000fbe4    00000040                  : driver.obj (.text:_SlDrvSyncObjWaitTimeout)
                  2000fc24    00000040                  : socket.obj (.text:_sl_TruncatePayloadByProtocol)
                  2000fc64    00000040     rtsv7M4_T_le_eabi.lib : vsnprintf.c.obj (.text:vsnprintf)
                  2000fca4    0000003e                           : _printfi.c.obj (.text:_fcpy)
                  2000fce2    0000003c     simplelink.a : netapp.obj (.text:CopyPingResultsToReport)
                  2000fd1e    00000002     --HOLE-- [fill = 0]
                  2000fd20    0000003c     driverlib.a : prcm.obj (.text:PRCMPeripheralClkEnable)
                  2000fd5c    0000003c     simplelink.a : cc_pal.obj (.text:simplelink_timerA2_start)
                  2000fd98    0000003c     driverlib.a : udma.obj (.text:uDMAChannelControlSet)
                  2000fdd4    00000038     simplelink.a : cc_pal.obj (.text:NwpPowerOff)
                  2000fe0c    00000038     free_rtos.a : heap_3.obj (.text)
                  2000fe44    00000038     simplelink.a : wlan.obj (.text:sl_WlanDisconnect)
                  2000fe7c    00000036     driverlib.a : gpio.obj (.text:GPIODirModeSet)
                  2000feb2    00000036     rtsv7M4_T_le_eabi.lib : strncpy.c.obj (.text:strncpy)
                  2000fee8    00000034     simplelink.a : cc_pal.obj (.text:NwpPowerOn)
                  2000ff1c    00000034     driverlib.a : prcm.obj (.text:PRCMPeripheralStatusGet)
                  2000ff50    00000034                 : spi.obj (.text:SPIFIFOLevelSet)
                  2000ff84    00000030                 : pin.obj (.text:PinTypeGPIO)
                  2000ffb4    00000030                 : uart.obj (.text:UARTDisable)
                  2000ffe4    00000030     rtsv7M4_T_le_eabi.lib : vsnprintf.c.obj (.text:_outs)
                  20010014    0000002e                           : i_tofd_t2.asm.obj (.text)
                  20010042    00000002     --HOLE-- [fill = 0]
                  20010044    0000002c     simplelink.a : cc_pal.obj (.text:DmaSpiSwIntHandler)
                  20010070    0000002c     driverlib.a : prcm.obj (.text:PRCMSysResetCauseGet)
                  2001009c    0000002a                 : timer.obj (.text:TimerLoadSet)
                  200100c6    0000002a                 : timer.obj (.text:TimerPrescaleSet)
                  200100f0    00000028                 : prcm.obj (.text:PRCMPeripheralClkDisable)
                  20010118    00000028     simplelink.a : driver.obj (.text:_SlDrvObjGlobalLockWaitForever)
                  20010140    00000028                  : driver.obj (.text:_SlDrvProtectionObjLockWaitForever)
                  20010168    00000028     rtsv7M4_T_le_eabi.lib : memory.c.obj (.text:free_list_insert)
                  20010190    00000026     simplelink.a : cc_pal.obj (.text:NwpRegisterInterruptHandler)
                  200101b6    00000026     network_common.obj (.text)
                  200101dc    00000024     driverlib.a : interrupt.obj (.text:IntUnregister)
                  20010200    00000024                 : uart.obj (.text:UARTEnable)
                  20010224    00000024     simplelink.a : driver.obj (.text:_SlDrvGlobalObjUnLock)
                  20010248    00000024                  : driver.obj (.text:_SlDrvProtectionObjUnLock)
                  2001026c    00000024                  : driver.obj (.text:_SlDrvSyncObjWaitForever)
                  20010290    00000024     rtsv7M4_T_le_eabi.lib : boot_cortex_m.c.obj (.text:_c_int00_noargs:_c_int00_noargs)
                  200102b4    00000024                           : memmov.c.obj (.text:memmove)
                  200102d8    00000022     driverlib.a : spi.obj (.text:SPIReset)
                  200102fa    00000022                 : spi.obj (.text:SPIWordCountSet)
                  2001031c    00000022     simplelink.a : driver.obj (.text:_SlDrvObjLockWaitForever)
                  2001033e    00000020     driverlib.a : gpio.obj (.text:GPIOPinWrite)
                  2001035e    00000002     --HOLE-- [fill = 0]
                  20010360    00000020                 : interrupt.obj (.text:IntRegister)
                  20010380    00000020     simplelink.a : cc_pal.obj (.text:NwpPrePowerOffTimout0)
                  200103a0    00000020                  : cc_pal.obj (.text:TimerGetCurrentTimestamp)
                  200103c0    0000001e     driverlib.a : timer.obj (.text:TimerDisable)
                  200103de    0000001e                 : timer.obj (.text:TimerEnable)
                  200103fc    0000001e                 : timer.obj (.text:TimerIntStatus)
                  2001041a    0000001e                 : uart.obj (.text:UARTCharPut)
                  20010438    0000001e     simplelink.a : driver.obj (.text:_SlDrvObjUnLock)
                  20010456    0000001e                  : driver.obj (.text:_SlDrvSyncObjSignal)
                  20010474    0000001e                  : cc_pal.obj (.text:cc_UDMAChannelSelect)
                  20010492    0000001c     driverlib.a : timer.obj (.text:TimerValueGet)
                  200104ae    0000001c                 : uart.obj (.text:UARTCharGetNonBlocking)
                  200104ca    0000001c     simplelink.a : driver.obj (.text:_SlDrvStartMeasureTimeout)
                  200104e6    00000002     --HOLE-- [fill = 0]
                  200104e8    0000001c     rtsv7M4_T_le_eabi.lib : memory.c.obj (.text:free_list_remove)
                  20010504    0000001c                           : memccpy.c.obj (.text:memccpy)
                  20010520    0000001c     driverlib.a : udma.obj (.text:uDMAChannelDisable)
                  2001053c    0000001c                 : udma.obj (.text:uDMAChannelEnable)
                  20010558    0000001c                 : udma.obj (.text:uDMAChannelRequest)
                  20010574    0000001a                 : gpio.obj (.text:GPIOIntEnable)
                  2001058e    0000001a                 : pin.obj (.text:PinTypeUART)
                  200105a8    0000001a                 : spi.obj (.text:SPIDmaDisable)
                  200105c2    0000001a                 : spi.obj (.text:SPIDmaEnable)
                  200105dc    0000001a                 : spi.obj (.text:SPIFIFODisable)
                  200105f6    0000001a                 : spi.obj (.text:SPIFIFOEnable)
                  20010610    00000018                 : gpio.obj (.text:GPIOPinRead)
                  20010628    00000018                 : spi.obj (.text:SPICSDisable)
                  20010640    00000018                 : spi.obj (.text:SPICSEnable)
                  20010658    00000018                 : spi.obj (.text:SPIDisable)
                  20010670    00000018                 : spi.obj (.text:SPIEnable)
                  20010688    00000018                 : timer.obj (.text:TimerIntDisable)
                  200106a0    00000018                 : timer.obj (.text:TimerIntEnable)
                  200106b8    00000018                 : uart.obj (.text:UARTCharsAvail)
                  200106d0    00000018     rtsv7M4_T_le_eabi.lib : vsnprintf.c.obj (.text:_outc)
                  200106e8    00000018     simplelink.a : device.obj (.text:_sl_GetStartResponseConvert)
                  20010700    00000016     driverlib.a : prcm.obj (.text:PRCMHIBRegRead)
                  20010716    00000016                 : prcm.obj (.text:PRCMHIBRegWrite)
                  2001072c    00000016     simplelink.a : driver.obj (.text:_SlDrvMemZero)
                  20010742    00000016     rtsv7M4_T_le_eabi.lib : strchr.c.obj (.text:strchr)
                  20010758    00000014     driverlib.a : cpu.obj (.text:CPUcpsie)
                  2001076c    00000014                 : gpio.obj (.text:GPIOIntClear)
                  20010780    00000014                 : interrupt.obj (.text:IntVTableBaseSet)
                  20010794    00000014     rtsv7M4_T_le_eabi.lib : strlen.c.obj (.text:strlen)
                  200107a8    00000014     driverlib.a : udma.obj (.text:uDMAControlBaseSet)
                  200107bc    00000014                 : udma.obj (.text:uDMAIntClear)
                  200107d0    00000012                 : timer.obj (.text:TimerIntClear)
                  200107e2    00000012                 : udma.obj (.text:uDMAIntUnregister)
                  200107f4    00000012     rtsv7M4_T_le_eabi.lib : wcslen.c.obj (.text:wcslen)
                  20010806    00000010     simplelink.a : driver.obj (.text:_SlDrvDispatchHttpServerEvents)
                  20010816    0000000e                  : driver.obj (.text:_SlDrvResetCmdExt)
                  20010824    0000000e     rtsv7M4_T_le_eabi.lib : copy_decompress_none.c.obj (.text:decompress:none:__TI_decompress_none)
                  20010832    0000000e     startup_ccs.obj (.text)
                  20010840    0000000c     simplelink.a : cc_pal.obj (.text:NwpMaskInterrupt)
                  2001084c    0000000c                  : cc_pal.obj (.text:NwpUnMaskInterrupt)
                  20010858    0000000c     rtsv7M4_T_le_eabi.lib : s_copysign.c.obj (.text:copysign)
                  20010864    0000000c                           : copy_zero_init.c.obj (.text:decompress:ZI:__TI_zero_init)
                  20010870    0000000c     driverlib.a : udma.obj (.text:uDMADisable)
                  2001087c    0000000c                 : udma.obj (.text:uDMAEnable)
                  20010888    0000000c                 : udma.obj (.text:uDMAIntStatus)
                  20010894    0000000a                 : interrupt.obj (.text:IntMasterEnable)
                  2001089e    00000002     --HOLE-- [fill = 0]
                  200108a0    00000008     rtsv7M4_T_le_eabi.lib : errno.c.obj (.text:__aeabi_errno_addr)
                  200108a8    00000008                           : memory.c.obj (.text:malloc)
                  200108b0    00000006     driverlib.a : utils.obj (.text:UtilsDelay)
                  200108b6    00000004     rtsv7M4_T_le_eabi.lib : pre_init.c.obj (.text:_system_pre_init)
                  200108ba    00000004                           : exit.c.obj (.text:abort:abort)

.const     0    200108c0    00000698     
                  200108c0    00000101     rtsv7M4_T_le_eabi.lib : ctype.c.obj (.const:.string:_ctypes_)
                  200109c1    00000003     --HOLE-- [fill = 0]
                  200109c4    00000100     driverlib.a : pin.obj (.const:g_ulPinToPadMap)
                  20010ac4    000000d4                 : interrupt.obj (.const:g_pulRegs)
                  20010b98    000000a8                 : prcm.obj (.const:PRCM_PeriphRegsList)
                  20010c40    0000003c     simplelink.a : driver.obj (.const:OpcodeTranslateTable)
                  20010c7c    00000038                  : driver.obj (.const:_SlActionLookupTable)
                  20010cb4    0000002c     main.obj (.const:$P$T1$2)
                  20010ce0    0000002c     network_if.obj (.const:$P$T1$2)
                  20010d0c    00000024     main.obj (.const:g_acMonthOfYear)
                  20010d30    00000022     network_if.obj (.const:.string:$P$T0$1)
                  20010d52    00000002     --HOLE-- [fill = 0]
                  20010d54    00000020     simplelink.a : driver.obj (.const:RxMsgClassLUT)
                  20010d74    0000001e     main.obj (.const:.string:g_acSNTPserver)
                  20010d92    00000002     --HOLE-- [fill = 0]
                  20010d94    00000018     driverlib.a : interrupt.obj (.const:g_pulDisRegs)
                  20010dac    00000018                 : interrupt.obj (.const:g_pulEnRegs)
                  20010dc4    00000018                 : interrupt.obj (.const:g_pulUnpendRegs)
                  20010ddc    00000018                 : spi.obj (.const:g_ulSPIDmaMaskMap)
                  20010df4    00000017     network_if.obj (.const:.string:$P$T5$6)
                  20010e0b    00000016     network_if.obj (.const:.string:$P$T3$4)
                  20010e21    00000015     network_if.obj (.const:.string:$P$T4$5)
                  20010e36    00000015     network_if.obj (.const:.string:$P$T7$8)
                  20010e4b    00000015     main.obj (.const:g_acDaysOfWeek2013)
                  20010e60    00000014     simplelink.a : driver.obj (.const:$P$T0$1)
                  20010e74    00000014     network_if.obj (.const:$P$T2$3)
                  20010e88    00000010     network_if.obj (.const:$P$T6$7)
                  20010e98    00000010     simplelink.a : socket.obj (.const:.string:_SlPayloadByProtocolLUT)
                  20010ea8    0000000f     main.obj (.const:.string:$P$T2$3)
                  20010eb7    0000000c     main.obj (.const:.string:$P$T0$1)
                  20010ec3    0000000c     main.obj (.const:.string:g_acNumOfDaysPerMonth)
                  20010ecf    0000000b     network_if.obj (.const:.string:pcDigits)
                  20010eda    00000008     simplelink.a : device.obj (.const:StartResponseLUT)
                  20010ee2    00000002     --HOLE-- [fill = 0]
                  20010ee4    00000008                  : driver.obj (.const:g_H2NCnysPattern)
                  20010eec    00000008                  : driver.obj (.const:g_H2NSyncPattern)
                  20010ef4    00000005     main.obj (.const:.string:$P$T3$4)
                  20010ef9    00000001     --HOLE-- [fill = 0]
                  20010efa    00000004     simplelink.a : socket.obj (.const:$P$T0$1)
                  20010efe    00000004                  : wlan.obj (.const:$P$T0$1)
                  20010f02    00000004                  : socket.obj (.const:$P$T1$2)
                  20010f06    00000004                  : device.obj (.const:_SlDeviceGetCmdCtrl)
                  20010f0a    00000004                  : device.obj (.const:_SlDeviceSetCmdCtrl)
                  20010f0e    00000004                  : netapp.obj (.const:_SlGetHostByNameCtrl)
                  20010f12    00000004                  : netapp.obj (.const:_SlNetAppSendTokenValueCmdCtrl)
                  20010f16    00000004                  : netcfg.obj (.const:_SlNetCfgGetCmdCtrl)
                  20010f1a    00000004                  : netcfg.obj (.const:_SlNetCfgSetCmdCtrl)
                  20010f1e    00000004                  : wlan.obj (.const:_SlPolicySetCmdCtrl)
                  20010f22    00000004                  : wlan.obj (.const:_SlProfileDelCmdCtrl)
                  20010f26    00000004                  : socket.obj (.const:_SlRecvfomCmdCtrl)
                  20010f2a    00000004                  : netapp.obj (.const:_SlRegisterServiceCtrl)
                  20010f2e    00000004                  : wlan.obj (.const:_SlRxFilterSetCmdCtrl)
                  20010f32    00000004                  : socket.obj (.const:_SlSetSockOptCmdCtrl)
                  20010f36    00000004                  : socket.obj (.const:_SlSockCloseCmdCtrl)
                  20010f3a    00000004                  : socket.obj (.const:_SlSockSocketCmdCtrl)
                  20010f3e    00000004                  : device.obj (.const:_SlStopCmdCtrl)
                  20010f42    00000004                  : wlan.obj (.const:_SlWlanCfgSetCmdCtrl)
                  20010f46    00000004                  : wlan.obj (.const:_SlWlanSetModeCmdCtrl)
                  20010f4a    00000002     --HOLE-- [fill = 0]
                  20010f4c    00000004     free_rtos.a : port.obj (.const)
                  20010f50    00000004     simplelink.a : driver.obj (.const:httpServer_callbacks)
                  20010f54    00000004                  : driver.obj (.const:netApp_callbacks)

.cinit     0    20010f58    00000058     
                  20010f58    00000034     (.cinit..data.load) [load image, compression = lzss]
                  20010f8c    0000000c     (__TI_handler_table)
                  20010f98    00000008     (.cinit..bss.load) [load image, compression = zero_init]
                  20010fa0    00000010     (__TI_cinit_table)

.sysmem    0    20017000    00008000     UNINITIALIZED
                  20017000    00000010     rtsv7M4_T_le_eabi.lib : memory.c.obj (.sysmem)
                  20017010    00007ff0     --HOLE--

.bss       0    2001f000    000008ee     UNINITIALIZED
                  2001f000    00000400     (.common:gpCtlTbl)
                  2001f400    00000178     simplelink.a : driver.obj (.bss:g_StatMem)
                  2001f578    00000100     (.common:gfpAppCallbackHndl)
                  2001f678    000000c8     free_rtos.a : tasks.obj (.bss:pxReadyTasksLists)
                  2001f740    00000050     (.common:g_ucDinDout)
                  2001f790    00000050     (.common:xQueueRegistry)
                  2001f7e0    00000040     (.common:g_sAppData)
                  2001f820    00000024     (.common:g_ucConnectionSSID)
                  2001f844    00000014                 : tasks.obj (.bss:xDelayedTaskList1)
                  2001f858    00000014                 : tasks.obj (.bss:xDelayedTaskList2)
                  2001f86c    00000014                 : tasks.obj (.bss:xPendingReadyList)
                  2001f880    00000014                 : tasks.obj (.bss:xSuspendedTaskList)
                  2001f894    00000014                 : tasks.obj (.bss:xTasksWaitingTermination)
                  2001f8a8    00000010     (.common:sAddr)
                  2001f8b8    00000010     (.common:sLocalAddr)
                  2001f8c8    00000008                 : tasks.obj (.bss)
                  2001f8d0    00000008     (.common:g_ucConnectionBSSID)
                  2001f8d8    00000004     uart_if.obj (.bss)
                  2001f8dc    00000004     (.common:DMAMsgQ)
                  2001f8e0    00000004     (.common:g_cDummy)
                  2001f8e4    00000002     (.common:g_usConnectIndex)
                  2001f8e6    00000002     (.common:g_usTimerInts)
                  2001f8e8    00000001     (.common:RxIrqCnt)
                  2001f8e9    00000001     (.common:g_bDeviceRestartIsRequired)
                  2001f8ea    00000001     (.common:g_ucLED1Pin)
                  2001f8eb    00000001     (.common:g_ucLED2Pin)
                  2001f8ec    00000001     (.common:g_ucLED3Pin)
                  2001f8ed    00000001     (.common:iDone)

.data      0    2001f8f0    000000b0     UNINITIALIZED
                  2001f8f0    00000034     free_rtos.a : tasks.obj (.data)
                  2001f924    00000014     gpio_if.obj (.data:ulReg)
                  2001f938    0000000d     simplelink.a : driver.obj (.data)
                  2001f945    00000003     --HOLE--
                  2001f948    0000000c     main.obj (.data:SecurityParams)
                  2001f954    0000000c     free_rtos.a : osi_freertos.obj (.data)
                  2001f960    0000000c     gpio_if.obj (.data)
                  2001f96c    0000000c     network_if.obj (.data)
                  2001f978    00000009     simplelink.a : cc_pal.obj (.data)
                  2001f981    00000003     --HOLE--
                  2001f984    00000008     rtsv7M4_T_le_eabi.lib : _lock.c.obj (.data:$O1$$)
                  2001f98c    00000008                           : memory.c.obj (.data:$O1$$)
                  2001f994    00000004     free_rtos.a : port.obj (.data)
                  2001f998    00000004     rtsv7M4_T_le_eabi.lib : errno.c.obj (.data)
                  2001f99c    00000004     simplelink.a : driver.obj (.data:wlan_callbacks)

.stack     0    2002f800    00000800     UNINITIALIZED
                  2002f800    00000004     rtsv7M4_T_le_eabi.lib : boot_cortex_m.c.obj (.stack)
                  2002f804    000007fc     --HOLE--

MODULE SUMMARY

       Module                       code    ro data   rw data
       ------                       ----    -------   -------
    .\
       network_if.obj               4840    212       58     
       main.obj                     2432    175       110    
       udma_if.obj                  448     0         1281   
       startup_ccs.obj              14      1024      0      
       gpio_if.obj                  912     0         35     
       uart_if.obj                  656     0         4      
       timer_if.obj                 448     0         0      
       pinmux.obj                   80      0         0      
       network_common.obj           38      0         0      
    +--+----------------------------+-------+---------+---------+
       Total:                       9868    1411      1488   
                                                             
    C:/ti/CC3200SDK_1.5.0/cc3200-sdk/driverlib/ccs/Release/driverlib.a
       prcm.obj                     852     168       0      
       interrupt.obj                608     284       0      
       udma.obj                     754     0         0      
       spi.obj                      696     24        0      
       pin.obj                      274     256       0      
       timer.obj                    440     0         0      
       gpio.obj                     286     0         0      
       uart.obj                     284     0         0      
       cpu.obj                      20      0         0      
       utils.obj                    6       0         0      
    +--+----------------------------+-------+---------+---------+
       Total:                       4220    732       0      
                                                             
    C:/ti/CC3200SDK_1.5.0/cc3200-sdk/oslib/ccs/free_rtos/free_rtos.a
       tasks.obj                    6280    0         360    
       queue.obj                    3528    0         80     
       osi_freertos.obj             1124    0         12     
       list.obj                     298     0         0      
       port.obj                     284     4         4      
       portasm.obj                  186     0         0      
       heap_3.obj                   56      0         0      
    +--+----------------------------+-------+---------+---------+
       Total:                       11756   4         456    
                                                             
    C:/ti/CC3200SDK_1.5.0/cc3200-sdk/simplelink/ccs/OS_debug/simplelink.a
       driver.obj                   7802    192       395    
       cc_pal.obj                   1920    0         97     
       socket.obj                   1664    40        0      
       netapp.obj                   1572    12        0      
       wlan.obj                     1316    24        0      
       device.obj                   1234    20        0      
       netcfg.obj                   368     8         0      
    +--+----------------------------+-------+---------+---------+
       Total:                       15876   296       492    
                                                             
    C:\ti\ccs930\ccs\tools\compiler\ti-cgt-arm_18.12.4.LTS\lib\rtsv7M4_T_le_eabi.lib
       _printfi.c.obj               4835    0         0      
       memory.c.obj                 928     0         8      
       fd_add_t2.asm.obj            438     0         0      
       fd_div_t2.asm.obj            310     0         0      
       fd_cmp_t2.asm.obj            268     0         0      
       ctype.c.obj                  0       257       0      
       fd_mul_t2.asm.obj            252     0         0      
       s_scalbn.c.obj               208     0         0      
       memcpy_t2.asm.obj            156     0         0      
       ull_div_t2.asm.obj           150     0         0      
       vsnprintf.c.obj              136     0         0      
       memset_t2.asm.obj            122     0         0      
       copy_decompress_lzss.c.obj   104     0         0      
       s_frexp.c.obj                92      0         0      
       ltoa.c.obj                   84      0         0      
       atoi.c.obj                   76      0         0      
       fd_toi_t2.asm.obj            72      0         0      
       autoinit.c.obj               68      0         0      
       strncpy.c.obj                54      0         0      
       i_tofd_t2.asm.obj            46      0         0      
       boot_cortex_m.c.obj          36      0         0      
       memmov.c.obj                 36      0         0      
       memccpy.c.obj                28      0         0      
       strchr.c.obj                 22      0         0      
       strlen.c.obj                 20      0         0      
       wcslen.c.obj                 18      0         0      
       copy_decompress_none.c.obj   14      0         0      
       copy_zero_init.c.obj         12      0         0      
       errno.c.obj                  8       0         4      
       s_copysign.c.obj             12      0         0      
       _lock.c.obj                  2       0         8      
       exit.c.obj                   4       0         0      
       pre_init.c.obj               4       0         0      
       div0.asm.obj                 2       0         0      
    +--+----------------------------+-------+---------+---------+
       Total:                       8617    257       20     
                                                             
       Heap:                        0       0         32768  
       Stack:                       0       0         2048   
       Linker Generated:            0       88        0      
    +--+----------------------------+-------+---------+---------+
       Grand Total:                 50337   2788      37272  


LINKER GENERATED COPY TABLES

__TI_cinit_table @ 20010fa0 records: 2, size/record: 8, table size: 16
	.data: load addr=20010f58, load size=00000034 bytes, run addr=2001f8f0, run size=000000b0 bytes, compression=lzss
	.bss: load addr=20010f98, load size=00000008 bytes, run addr=2001f000, run size=000008ee bytes, compression=zero_init


LINKER GENERATED HANDLER TABLE

__TI_handler_table @ 20010f8c records: 3, size/record: 4, table size: 12
	index: 0, handler: __TI_decompress_lzss
	index: 1, handler: __TI_decompress_none
	index: 2, handler: __TI_zero_init


GLOBAL SYMBOLS: SORTED ALPHABETICALLY BY Name 

address   name                                  
-------   ----                                  
200108bb  C$$EXIT                               
20010759  CPUcpsie                              
20009ecd  ClearTerm                             
200063c5  ConfigureSimpleLinkToDefaultState     
2001f8dc  DMAMsgQ                               
2000af9f  DmaErrorIntHandler                    
20010045  DmaSpiSwIntHandler                    
2000af89  DmaSwIntHandler                       
20009ed7  Error                                 
2000fe7d  GPIODirModeSet                        
2001076d  GPIOIntClear                          
20010575  GPIOIntEnable                         
2000eb31  GPIOIntTypeSet                        
20010611  GPIOPinRead                           
2001033f  GPIOPinWrite                          
20009dbd  GPIO_IF_ConfigureNIntEnable           
20009e39  GPIO_IF_Get                           
20009d77  GPIO_IF_GetPortNPin                   
20009b39  GPIO_IF_LedConfigure                  
20009c2b  GPIO_IF_LedOff                        
20009b77  GPIO_IF_LedOn                         
20009cdf  GPIO_IF_LedStatus                     
20009d49  GPIO_IF_LedToggle                     
20009dff  GPIO_IF_Set                           
20009f0f  GetCmd                                
20008ce9  GetNTPTimeTask                        
20009e8d  InitTerm                              
2000638b  InitializeAppVariables                
2000dc49  IntDisable                            
2000dcf1  IntEnable                             
20010895  IntMasterEnable                       
2000f435  IntPendClear                          
2000f53d  IntPrioritySet                        
20010361  IntRegister                           
200101dd  IntUnregister                         
20010781  IntVTableBaseSet                      
20008c91  LedTimerConfigNStart                  
20008cb9  LedTimerDeinitStop                    
20009eab  Message                               
20006a6d  Network_IF_ConnectAP                  
20006d75  Network_IF_CurrentMCUState            
200068cd  Network_IF_DeInitDriver               
20006c55  Network_IF_DisconnectFromAP           
20006d01  Network_IF_GetHostIP                  
20006769  Network_IF_InitDriver                 
20006c91  Network_IF_IpConfigGet                
20006d6d  Network_IF_ResetMCUStateMachine       
20006d7b  Network_IF_SetMCUMachineState         
20006d97  Network_IF_UnsetMCUMachineState       
20010841  NwpMaskInterrupt                      
2000fdd5  NwpPowerOff                           
2000fee9  NwpPowerOn                            
2000ea29  NwpPowerOnPreamble                    
20010381  NwpPrePowerOffTimout0                 
20010191  NwpRegisterInterruptHandler           
2001084d  NwpUnMaskInterrupt                    
20010c40  OpcodeTranslateTable                  
2000b7bd  PRCMCC3200MCUInit                     
20010701  PRCMHIBRegRead                        
20010717  PRCMHIBRegWrite                       
200100f1  PRCMPeripheralClkDisable              
2000fd21  PRCMPeripheralClkEnable               
2000e309  PRCMPeripheralClockGet                
2000f48d  PRCMPeripheralReset                   
2000ff1d  PRCMPeripheralStatusGet               
20010071  PRCMSysResetCauseGet                  
2000e895  PinConfigSet                          
2000fb25  PinModeSet                            
2000f72d  PinMuxConfig                          
2000ff85  PinTypeGPIO                           
2001058f  PinTypeUART                           
2000a05d  Report                                
20010833  ResetISR                              
2001f8e8  RxIrqCnt                              
20010629  SPICSDisable                          
20010641  SPICSEnable                           
2000dd99  SPIConfigSetExpClk                    
20010659  SPIDisable                            
200105a9  SPIDmaDisable                         
200105c3  SPIDmaEnable                          
20010671  SPIEnable                             
200105dd  SPIFIFODisable                        
200105f7  SPIFIFOEnable                         
2000ff51  SPIFIFOLevelSet                       
2000f8f9  SPIIntClear                           
2000f77d  SPIIntEnable                          
200102d9  SPIReset                              
200102fb  SPIWordCountSet                       
2001f948  SecurityParams                        
20005edd  SimpleLinkGeneralEventHandler         
20005fb1  SimpleLinkHttpServerCallback          
20005e65  SimpleLinkNetAppEventHandler          
20005efd  SimpleLinkSockEventHandler            
20005ca1  SimpleLinkWlanEventHandler            
2000fa15  TimerConfigure                        
200103c1  TimerDisable                          
200103df  TimerEnable                           
200103a1  TimerGetCurrentTimestamp              
200107d1  TimerIntClear                         
20010689  TimerIntDisable                       
200106a1  TimerIntEnable                        
200103fd  TimerIntStatus                        
2000f059  TimerIntUnregister                    
2001009d  TimerLoadSet                          
20008c5d  TimerPeriodicIntHandler               
200100c7  TimerPrescaleSet                      
20010493  TimerValueGet                         
2000af35  Timer_IF_DeInit                       
2000af67  Timer_IF_GetCount                     
2000ae49  Timer_IF_Init                         
2000ae7b  Timer_IF_IntSetup                     
2000aeed  Timer_IF_InterruptClear               
2000af4f  Timer_IF_ReLoad                       
2000af05  Timer_IF_Start                        
2000af25  Timer_IF_Stop                         
20009fc5  TrimSpace                             
200104af  UARTCharGetNonBlocking                
2001041b  UARTCharPut                           
200106b9  UARTCharsAvail                        
2000ee29  UARTConfigSetExpClk                   
2000ffb5  UARTDisable                           
20010201  UARTEnable                            
2000b007  UDMAChannelSelect                     
2000b0db  UDMADeInit                            
2000afab  UDMAInit                              
2000b035  UDMASetupAutoMemTransfer              
2000b069  UDMASetupPingPongTransfer             
2000b0ef  UDMASetupTransfer                     
2000b0c3  UDMAStartTransfer                     
2000b0cf  UDMAStopTransfer                      
200108b1  UtilsDelay                            
20009955  VDeleteSimpleLinkSpawnTask            
20009913  VStartSimpleLinkSpawnTask             
20010c7c  _SlActionLookupTable                  
2000de39  _SlDriverHandleError                  
2000f941  _SlDrvBasicCmd                        
2000d961  _SlDrvCmdOp                           
2000ef81  _SlDrvCmdSend                         
2000a84d  _SlDrvDataReadOp                      
2000bbf5  _SlDrvDataWriteOp                     
2000df75  _SlDrvDeviceEventHandler              
20010807  _SlDrvDispatchHttpServerEvents        
2000c5dd  _SlDrvDriverCBDeinit                  
2000b49d  _SlDrvDriverCBInit                    
20010225  _SlDrvGlobalObjUnLock                 
2000fa59  _SlDrvHandleHttpServerEvents          
2000fb65  _SlDrvHandleNetAppEvents              
2000fba5  _SlDrvHandleWlanEvents                
2000e665  _SlDrvIsTimeoutExpired                
2001072d  _SlDrvMemZero                         
2000d00d  _SlDrvMsgReadSpawnCtx                 
2000ca55  _SlDrvNetAppEventHandler              
2001031d  _SlDrvObjLockWaitForever              
20010439  _SlDrvObjUnLock                       
2000f7c9  _SlDrvProtectAsyncRespSetting         
20010141  _SlDrvProtectionObjLockWaitForever    
20010249  _SlDrvProtectionObjUnLock             
2000aa2d  _SlDrvReleasePoolObj                  
20010817  _SlDrvResetCmdExt                     
2000f68d  _SlDrvRxIrqHandler                    
200104cb  _SlDrvStartMeasureTimeout             
20010457  _SlDrvSyncObjSignal                   
2001026d  _SlDrvSyncObjWaitForever              
2000fbe5  _SlDrvSyncObjWaitTimeout              
2000b62d  _SlDrvWaitForPoolObj                  
20010f12  _SlNetAppSendTokenValueCmdCtrl        
20030000  __STACK_END                           
00000800  __STACK_SIZE                          
00008000  __SYSMEM_SIZE                         
20010fa0  __TI_CINIT_Base                       
20010fb0  __TI_CINIT_Limit                      
20010f8c  __TI_Handler_Table_Base               
20010f98  __TI_Handler_Table_Limit              
2000fa9d  __TI_auto_init_nobinit_nopinit        
2000f0c1  __TI_decompress_lzss                  
20010825  __TI_decompress_none                  
ffffffff  __TI_pprof_out_hndl                   
20007d39  __TI_printfi                          
ffffffff  __TI_prof_data_size                   
ffffffff  __TI_prof_data_start                  
20010f58  __TI_static_base__                    
20010865  __TI_zero_init                        
2000e91d  __aeabi_cdcmpeq                       
2000e91d  __aeabi_cdcmple                       
2000e9a3  __aeabi_cdrcmple                      
2000f989  __aeabi_d2iz                          
2000b153  __aeabi_dadd                          
2000c37d  __aeabi_ddiv                          
2000cb59  __aeabi_dmul                          
2000b149  __aeabi_dsub                          
200108a1  __aeabi_errno_addr                    
20010015  __aeabi_i2d                           
2000dadb  __aeabi_idiv0                         
2000dadb  __aeabi_ldiv0                         
2000ed35  __aeabi_memclr                        
2000ed35  __aeabi_memclr4                       
2000ed35  __aeabi_memclr8                       
2000ded9  __aeabi_memcpy                        
2000ded9  __aeabi_memcpy4                       
2000ded9  __aeabi_memcpy8                       
2000ed37  __aeabi_memset                        
2000ed37  __aeabi_memset4                       
2000ed37  __aeabi_memset8                       
2000e271  __aeabi_uldivmod                      
ffffffff  __binit__                             
ffffffff  __c_args__                            
UNDEFED   __mpu_init                            
2002f800  __stack                               
20010291  _c_int00_noargs                       
200108c0  _ctypes_                              
2001f984  _lock                                 
2000b2ff  _nop                                  
2000f129  _sl_HandleAsync_Accept                
2000ebb5  _sl_HandleAsync_Connect               
2000e39d  _sl_HandleAsync_DnsGetHostByName      
2000d705  _sl_HandleAsync_DnsGetHostByService   
2000e6f1  _sl_HandleAsync_InitComplete          
2000e42d  _sl_HandleAsync_PingResponse          
2000f591  _sl_HandleAsync_Select                
2000f6dd  _sl_HandleAsync_Stop                  
2000efed  _sl_NetAppSendTokenValue              
20017000  _sys_memory                           
UNDEFED   _system_post_cinit                    
200108b7  _system_pre_init                      
2001f988  _unlock                               
200108bb  abort                                 
2000c93d  aligned_alloc                         
2000f861  atoi                                  
ffffffff  binit                                 
20010859  copysign                              
20010859  copysignl                             
20004775  eTaskGetState                         
2001f998  errno                                 
2000d1dd  free                                  
2000f3d9  frexp                                 
2000f3d9  frexpl                                
2001f938  g_SlDeviceStatus                      
2001f978  g_SpiFd                               
20010e4b  g_acDaysOfWeek2013                    
20010d0c  g_acMonthOfYear                       
20010ec3  g_acNumOfDaysPerMonth                 
20010d74  g_acSNTPserver                        
2001f8e9  g_bDeviceRestartIsRequired            
2001f8e0  g_cDummy                              
2001f93c  g_pCB                                 
2001f97c  g_pHostIntHdl                         
20004000  g_pfnVectors                          
2001f7e0  g_sAppData                            
2001f8d0  g_ucConnectionBSSID                   
2001f820  g_ucConnectionSSID                    
2001f980  g_ucDMAEnabled                        
2001f740  g_ucDinDout                           
2001f8ea  g_ucLED1Pin                           
2001f8eb  g_ucLED2Pin                           
2001f8ec  g_ucLED3Pin                           
2001f960  g_uiLED1Port                          
2001f964  g_uiLED2Port                          
2001f968  g_uiLED3Port                          
2001f974  g_ulGatewayIP                         
2001f970  g_ulStaIp                             
2001f96c  g_ulStatus                            
2001f8e4  g_usConnectIndex                      
2001f8e6  g_usTimerInts                         
2001f578  gfpAppCallbackHndl                    
2001f000  gpCtlTbl                              
2001f8ed  iDone                                 
20006e31  itoa                                  
2000d635  ldexp                                 
2000d635  ldexpl                                
2000f5e5  ltoa                                  
20008eed  main                                  
200108a9  malloc                                
20009a69  mem_Free                              
20009a5d  mem_Malloc                            
20009a89  mem_copy                              
20009a75  mem_set                               
2000c93d  memalign                              
20010505  memccpy                               
2000ded9  memcpy                                
200102b5  memmove                               
2000ed3d  memset                                
20009adf  osi_ContextRestore                    
20009add  osi_ContextSave                       
20009a9d  osi_EnterCritical                     
20009aa7  osi_ExitCritical                      
200096bf  osi_InterruptDeRegister               
20009699  osi_InterruptRegister                 
200097cd  osi_LockObjCreate                     
20009839  osi_LockObjDelete                     
20009849  osi_LockObjLock                       
20009871  osi_LockObjUnlock                     
20009981  osi_MsgQCreate                        
200099c5  osi_MsgQDelete                        
20009a23  osi_MsgQRead                          
200099e5  osi_MsgQWrite                         
20009ab9  osi_Sleep                             
2000989b  osi_Spawn                             
200097ab  osi_SyncObjClear                      
200096d1  osi_SyncObjCreate                     
20009701  osi_SyncObjDelete                     
2000971b  osi_SyncObjSignal                     
20009743  osi_SyncObjSignalFromISR              
20009783  osi_SyncObjWait                       
200097f3  osi_TaskCreate                        
2000982b  osi_TaskDelete                        
20009ac9  osi_TaskDisable                       
20009ad3  osi_TaskEnable                        
20009ab1  osi_start                             
2001f940  pPingCallBackFunc                     
20010ecf  pcDigits                              
20007b87  pcQueueGetName                        
20004d43  pcTaskGetName                         
2000fe0d  pvPortMalloc                          
200057a7  pvTaskIncrementMutexHeldCount         
2001f8f0  pxCurrentTCB                          
2000c821  pxPortInitialiseStack                 
2000d0f5  realloc                               
2001f8a8  sAddr                                 
2001f8b8  sLocalAddr                            
2000d635  scalbn                                
2000d635  scalbnl                               
2000fd5d  simplelink_timerA2_start              
2000dadd  sl_Bind                               
2000f2b9  sl_Close                              
2000d7d1  sl_DevGet                             
2000e011  sl_DevSet                             
2000bd41  sl_NetAppDnsGetHostByName             
2000d2c1  sl_NetAppMDNSRegisterUnregisterService
2000f18d  sl_NetAppMDNSUnRegisterService        
2000d55d  sl_NetCfgGet                          
2000e0a9  sl_NetCfgSet                          
200101b7  sl_Provisioning_HttpServerEventHdl    
200101c5  sl_Provisioning_NetAppEventHdl        
200101d1  sl_Provisioning_WlanEventHdl          
2000c241  sl_RecvFrom                           
2000be85  sl_SendTo                             
2000e141  sl_SetSockOpt                         
2000e77d  sl_Socket                             
2000cc55  sl_Start                              
2000cd45  sl_Stop                               
2000a11d  sl_WlanConnect                        
2000fe45  sl_WlanDisconnect                     
2000e4bd  sl_WlanPolicySet                      
2000f319  sl_WlanProfileDel                     
2000eaad  sl_WlanRxFilterSet                    
2000e1d9  sl_WlanSet                            
2000f379  sl_WlanSetMode                        
2000edb1  spi_Close                             
2000baa5  spi_Open                              
2000d481  spi_Read                              
2000e809  spi_Write                             
20010743  strchr                                
20010795  strlen                                
2000feb3  strncpy                               
2000f8ad  uDMAChannelAssign                     
2000f1f1  uDMAChannelAttributeDisable           
2000f255  uDMAChannelAttributeEnable            
2000fd99  uDMAChannelControlSet                 
20010521  uDMAChannelDisable                    
2001053d  uDMAChannelEnable                     
20010559  uDMAChannelRequest                    
2000ce35  uDMAChannelTransferSet                
200107a9  uDMAControlBaseSet                    
20010871  uDMADisable                           
2001087d  uDMAEnable                            
200107bd  uDMAIntClear                          
20010889  uDMAIntStatus                         
200107e3  uDMAIntUnregister                     
200078cd  ucQueueGetQueueType                   
20010f4c  ulMaxSyscallInterruptPriority         
2000da31  ulPortGetIPSR                         
200057c5  ulTaskNotifyTake                      
2000c595  uxListRemove                          
200078ad  uxQueueGetQueueNumber                 
2000784f  uxQueueMessagesWaiting                
20007885  uxQueueMessagesWaitingFromISR         
20007865  uxQueueSpacesAvailable                
20004d3d  uxTaskGetNumberOfTasks                
20004d69  uxTaskGetSystemState                  
20005219  uxTaskGetTaskNumber                   
20004809  uxTaskPriorityGet                     
20004839  uxTaskPriorityGetFromISR              
20005785  uxTaskResetEventItemValue             
20005c93  vApplicationIdleHook                  
20005c95  vApplicationMallocFailedHook          
20005c97  vApplicationStackOverflowHook         
20005c89  vAssertCalled                         
2000c4b3  vListInitialise                       
2000c4e3  vListInitialiseItem                   
2000c52f  vListInsert                           
2000c4f3  vListInsertEnd                        
2000c8a5  vPortEndScheduler                     
2000c8a7  vPortEnterCritical                    
2000c8c7  vPortExitCritical                     
2000fe2d  vPortFree                             
2000da95  vPortSVCHandler                       
2000c903  vPortSetupTimerInterrupt              
2000dab9  vPortStartFirstTask                   
20007b45  vQueueAddToRegistry                   
20007897  vQueueDelete                          
200078bb  vQueueSetQueueNumber                  
20007bc7  vQueueUnregisterQueue                 
20004739  vTaskDelay                            
200046a9  vTaskDelayUntil                       
200045fb  vTaskDelete                           
20004bff  vTaskEndScheduler                     
200052f9  vTaskGetInfo                          
20005161  vTaskInternalSetTimeOutState          
20005207  vTaskMissedYield                      
20005ae1  vTaskNotifyGiveFromISR                
20005005  vTaskPlaceOnEventList                 
20005021  vTaskPlaceOnUnorderedEventList        
200056ad  vTaskPriorityDisinheritAfterTimeout   
20004885  vTaskPrioritySet                      
200050d9  vTaskRemoveFromUnorderedEventList     
20004aad  vTaskResume                           
20005239  vTaskSetTaskNumber                    
2000513b  vTaskSetTimeOutState                  
20004bb5  vTaskStartScheduler                   
2000499d  vTaskSuspend                          
20004c21  vTaskSuspendAll                       
20004f89  vTaskSwitchContext                    
2000fc65  vsnprintf                             
200107f5  wcslen                                
2001f954  xHigherPriorityTaskWoken              
2000da49  xPortPendSVHandler                    
2000c87d  xPortStartScheduler                   
2000c8dd  xPortSysTickHandler                   
20007c1f  xQueueAddToSet                        
200070fb  xQueueCreateCountingSemaphore         
200070cf  xQueueCreateMutex                     
20007c0b  xQueueCreateSet                       
2000700f  xQueueGenericCreate                   
20006f71  xQueueGenericReset                    
2000711b  xQueueGenericSend                     
2000726d  xQueueGenericSendFromISR              
20007323  xQueueGiveFromISR                     
20007ae1  xQueueIsQueueEmptyFromISR             
20007b23  xQueueIsQueueFullFromISR              
20007643  xQueuePeek                            
200077fd  xQueuePeekFromISR                     
200073d1  xQueueReceive                         
20007765  xQueueReceiveFromISR                  
2001f790  xQueueRegistry                        
20007c53  xQueueRemoveFromSet                   
20007c95  xQueueSelectFromSet                   
20007cad  xQueueSelectFromSetFromISR            
200074e9  xQueueSemaphoreTake                   
2001f958  xSimpleLinkSpawnQueue                 
2001f95c  xSimpleLinkSpawnTaskHndl              
20005189  xTaskCheckForTimeOut                  
20004401  xTaskCreate                           
200058e7  xTaskGenericNotify                    
200059d1  xTaskGenericNotifyFromISR             
200054cb  xTaskGetCurrentTaskHandle             
20004e3b  xTaskGetIdleTaskHandle                
200054db  xTaskGetSchedulerState                
20004d15  xTaskGetTickCount                     
20004d29  xTaskGetTickCountFromISR              
20004e61  xTaskIncrementTick                    
20005b8f  xTaskNotifyStateClear                 
20005845  xTaskNotifyWait                       
20005609  xTaskPriorityDisinherit               
20005529  xTaskPriorityInherit                  
2000505d  xTaskRemoveFromEventList              
20004c31  xTaskResumeAll                        
20004b27  xTaskResumeFromISR                    


GLOBAL SYMBOLS: SORTED BY Symbol Address 

address   name                                  
-------   ----                                  
00000800  __STACK_SIZE                          
00008000  __SYSMEM_SIZE                         
20004000  g_pfnVectors                          
20004401  xTaskCreate                           
200045fb  vTaskDelete                           
200046a9  vTaskDelayUntil                       
20004739  vTaskDelay                            
20004775  eTaskGetState                         
20004809  uxTaskPriorityGet                     
20004839  uxTaskPriorityGetFromISR              
20004885  vTaskPrioritySet                      
2000499d  vTaskSuspend                          
20004aad  vTaskResume                           
20004b27  xTaskResumeFromISR                    
20004bb5  vTaskStartScheduler                   
20004bff  vTaskEndScheduler                     
20004c21  vTaskSuspendAll                       
20004c31  xTaskResumeAll                        
20004d15  xTaskGetTickCount                     
20004d29  xTaskGetTickCountFromISR              
20004d3d  uxTaskGetNumberOfTasks                
20004d43  pcTaskGetName                         
20004d69  uxTaskGetSystemState                  
20004e3b  xTaskGetIdleTaskHandle                
20004e61  xTaskIncrementTick                    
20004f89  vTaskSwitchContext                    
20005005  vTaskPlaceOnEventList                 
20005021  vTaskPlaceOnUnorderedEventList        
2000505d  xTaskRemoveFromEventList              
200050d9  vTaskRemoveFromUnorderedEventList     
2000513b  vTaskSetTimeOutState                  
20005161  vTaskInternalSetTimeOutState          
20005189  xTaskCheckForTimeOut                  
20005207  vTaskMissedYield                      
20005219  uxTaskGetTaskNumber                   
20005239  vTaskSetTaskNumber                    
200052f9  vTaskGetInfo                          
200054cb  xTaskGetCurrentTaskHandle             
200054db  xTaskGetSchedulerState                
20005529  xTaskPriorityInherit                  
20005609  xTaskPriorityDisinherit               
200056ad  vTaskPriorityDisinheritAfterTimeout   
20005785  uxTaskResetEventItemValue             
200057a7  pvTaskIncrementMutexHeldCount         
200057c5  ulTaskNotifyTake                      
20005845  xTaskNotifyWait                       
200058e7  xTaskGenericNotify                    
200059d1  xTaskGenericNotifyFromISR             
20005ae1  vTaskNotifyGiveFromISR                
20005b8f  xTaskNotifyStateClear                 
20005c89  vAssertCalled                         
20005c93  vApplicationIdleHook                  
20005c95  vApplicationMallocFailedHook          
20005c97  vApplicationStackOverflowHook         
20005ca1  SimpleLinkWlanEventHandler            
20005e65  SimpleLinkNetAppEventHandler          
20005edd  SimpleLinkGeneralEventHandler         
20005efd  SimpleLinkSockEventHandler            
20005fb1  SimpleLinkHttpServerCallback          
2000638b  InitializeAppVariables                
200063c5  ConfigureSimpleLinkToDefaultState     
20006769  Network_IF_InitDriver                 
200068cd  Network_IF_DeInitDriver               
20006a6d  Network_IF_ConnectAP                  
20006c55  Network_IF_DisconnectFromAP           
20006c91  Network_IF_IpConfigGet                
20006d01  Network_IF_GetHostIP                  
20006d6d  Network_IF_ResetMCUStateMachine       
20006d75  Network_IF_CurrentMCUState            
20006d7b  Network_IF_SetMCUMachineState         
20006d97  Network_IF_UnsetMCUMachineState       
20006e31  itoa                                  
20006f71  xQueueGenericReset                    
2000700f  xQueueGenericCreate                   
200070cf  xQueueCreateMutex                     
200070fb  xQueueCreateCountingSemaphore         
2000711b  xQueueGenericSend                     
2000726d  xQueueGenericSendFromISR              
20007323  xQueueGiveFromISR                     
200073d1  xQueueReceive                         
200074e9  xQueueSemaphoreTake                   
20007643  xQueuePeek                            
20007765  xQueueReceiveFromISR                  
200077fd  xQueuePeekFromISR                     
2000784f  uxQueueMessagesWaiting                
20007865  uxQueueSpacesAvailable                
20007885  uxQueueMessagesWaitingFromISR         
20007897  vQueueDelete                          
200078ad  uxQueueGetQueueNumber                 
200078bb  vQueueSetQueueNumber                  
200078cd  ucQueueGetQueueType                   
20007ae1  xQueueIsQueueEmptyFromISR             
20007b23  xQueueIsQueueFullFromISR              
20007b45  vQueueAddToRegistry                   
20007b87  pcQueueGetName                        
20007bc7  vQueueUnregisterQueue                 
20007c0b  xQueueCreateSet                       
20007c1f  xQueueAddToSet                        
20007c53  xQueueRemoveFromSet                   
20007c95  xQueueSelectFromSet                   
20007cad  xQueueSelectFromSetFromISR            
20007d39  __TI_printfi                          
20008c5d  TimerPeriodicIntHandler               
20008c91  LedTimerConfigNStart                  
20008cb9  LedTimerDeinitStop                    
20008ce9  GetNTPTimeTask                        
20008eed  main                                  
20009699  osi_InterruptRegister                 
200096bf  osi_InterruptDeRegister               
200096d1  osi_SyncObjCreate                     
20009701  osi_SyncObjDelete                     
2000971b  osi_SyncObjSignal                     
20009743  osi_SyncObjSignalFromISR              
20009783  osi_SyncObjWait                       
200097ab  osi_SyncObjClear                      
200097cd  osi_LockObjCreate                     
200097f3  osi_TaskCreate                        
2000982b  osi_TaskDelete                        
20009839  osi_LockObjDelete                     
20009849  osi_LockObjLock                       
20009871  osi_LockObjUnlock                     
2000989b  osi_Spawn                             
20009913  VStartSimpleLinkSpawnTask             
20009955  VDeleteSimpleLinkSpawnTask            
20009981  osi_MsgQCreate                        
200099c5  osi_MsgQDelete                        
200099e5  osi_MsgQWrite                         
20009a23  osi_MsgQRead                          
20009a5d  mem_Malloc                            
20009a69  mem_Free                              
20009a75  mem_set                               
20009a89  mem_copy                              
20009a9d  osi_EnterCritical                     
20009aa7  osi_ExitCritical                      
20009ab1  osi_start                             
20009ab9  osi_Sleep                             
20009ac9  osi_TaskDisable                       
20009ad3  osi_TaskEnable                        
20009add  osi_ContextSave                       
20009adf  osi_ContextRestore                    
20009b39  GPIO_IF_LedConfigure                  
20009b77  GPIO_IF_LedOn                         
20009c2b  GPIO_IF_LedOff                        
20009cdf  GPIO_IF_LedStatus                     
20009d49  GPIO_IF_LedToggle                     
20009d77  GPIO_IF_GetPortNPin                   
20009dbd  GPIO_IF_ConfigureNIntEnable           
20009dff  GPIO_IF_Set                           
20009e39  GPIO_IF_Get                           
20009e8d  InitTerm                              
20009eab  Message                               
20009ecd  ClearTerm                             
20009ed7  Error                                 
20009f0f  GetCmd                                
20009fc5  TrimSpace                             
2000a05d  Report                                
2000a11d  sl_WlanConnect                        
2000a84d  _SlDrvDataReadOp                      
2000aa2d  _SlDrvReleasePoolObj                  
2000ae49  Timer_IF_Init                         
2000ae7b  Timer_IF_IntSetup                     
2000aeed  Timer_IF_InterruptClear               
2000af05  Timer_IF_Start                        
2000af25  Timer_IF_Stop                         
2000af35  Timer_IF_DeInit                       
2000af4f  Timer_IF_ReLoad                       
2000af67  Timer_IF_GetCount                     
2000af89  DmaSwIntHandler                       
2000af9f  DmaErrorIntHandler                    
2000afab  UDMAInit                              
2000b007  UDMAChannelSelect                     
2000b035  UDMASetupAutoMemTransfer              
2000b069  UDMASetupPingPongTransfer             
2000b0c3  UDMAStartTransfer                     
2000b0cf  UDMAStopTransfer                      
2000b0db  UDMADeInit                            
2000b0ef  UDMASetupTransfer                     
2000b149  __aeabi_dsub                          
2000b153  __aeabi_dadd                          
2000b2ff  _nop                                  
2000b49d  _SlDrvDriverCBInit                    
2000b62d  _SlDrvWaitForPoolObj                  
2000b7bd  PRCMCC3200MCUInit                     
2000baa5  spi_Open                              
2000bbf5  _SlDrvDataWriteOp                     
2000bd41  sl_NetAppDnsGetHostByName             
2000be85  sl_SendTo                             
2000c241  sl_RecvFrom                           
2000c37d  __aeabi_ddiv                          
2000c4b3  vListInitialise                       
2000c4e3  vListInitialiseItem                   
2000c4f3  vListInsertEnd                        
2000c52f  vListInsert                           
2000c595  uxListRemove                          
2000c5dd  _SlDrvDriverCBDeinit                  
2000c821  pxPortInitialiseStack                 
2000c87d  xPortStartScheduler                   
2000c8a5  vPortEndScheduler                     
2000c8a7  vPortEnterCritical                    
2000c8c7  vPortExitCritical                     
2000c8dd  xPortSysTickHandler                   
2000c903  vPortSetupTimerInterrupt              
2000c93d  aligned_alloc                         
2000c93d  memalign                              
2000ca55  _SlDrvNetAppEventHandler              
2000cb59  __aeabi_dmul                          
2000cc55  sl_Start                              
2000cd45  sl_Stop                               
2000ce35  uDMAChannelTransferSet                
2000d00d  _SlDrvMsgReadSpawnCtx                 
2000d0f5  realloc                               
2000d1dd  free                                  
2000d2c1  sl_NetAppMDNSRegisterUnregisterService
2000d481  spi_Read                              
2000d55d  sl_NetCfgGet                          
2000d635  ldexp                                 
2000d635  ldexpl                                
2000d635  scalbn                                
2000d635  scalbnl                               
2000d705  _sl_HandleAsync_DnsGetHostByService   
2000d7d1  sl_DevGet                             
2000d961  _SlDrvCmdOp                           
2000da31  ulPortGetIPSR                         
2000da49  xPortPendSVHandler                    
2000da95  vPortSVCHandler                       
2000dab9  vPortStartFirstTask                   
2000dadb  __aeabi_idiv0                         
2000dadb  __aeabi_ldiv0                         
2000dadd  sl_Bind                               
2000dc49  IntDisable                            
2000dcf1  IntEnable                             
2000dd99  SPIConfigSetExpClk                    
2000de39  _SlDriverHandleError                  
2000ded9  __aeabi_memcpy                        
2000ded9  __aeabi_memcpy4                       
2000ded9  __aeabi_memcpy8                       
2000ded9  memcpy                                
2000df75  _SlDrvDeviceEventHandler              
2000e011  sl_DevSet                             
2000e0a9  sl_NetCfgSet                          
2000e141  sl_SetSockOpt                         
2000e1d9  sl_WlanSet                            
2000e271  __aeabi_uldivmod                      
2000e309  PRCMPeripheralClockGet                
2000e39d  _sl_HandleAsync_DnsGetHostByName      
2000e42d  _sl_HandleAsync_PingResponse          
2000e4bd  sl_WlanPolicySet                      
2000e665  _SlDrvIsTimeoutExpired                
2000e6f1  _sl_HandleAsync_InitComplete          
2000e77d  sl_Socket                             
2000e809  spi_Write                             
2000e895  PinConfigSet                          
2000e91d  __aeabi_cdcmpeq                       
2000e91d  __aeabi_cdcmple                       
2000e9a3  __aeabi_cdrcmple                      
2000ea29  NwpPowerOnPreamble                    
2000eaad  sl_WlanRxFilterSet                    
2000eb31  GPIOIntTypeSet                        
2000ebb5  _sl_HandleAsync_Connect               
2000ed35  __aeabi_memclr                        
2000ed35  __aeabi_memclr4                       
2000ed35  __aeabi_memclr8                       
2000ed37  __aeabi_memset                        
2000ed37  __aeabi_memset4                       
2000ed37  __aeabi_memset8                       
2000ed3d  memset                                
2000edb1  spi_Close                             
2000ee29  UARTConfigSetExpClk                   
2000ef81  _SlDrvCmdSend                         
2000efed  _sl_NetAppSendTokenValue              
2000f059  TimerIntUnregister                    
2000f0c1  __TI_decompress_lzss                  
2000f129  _sl_HandleAsync_Accept                
2000f18d  sl_NetAppMDNSUnRegisterService        
2000f1f1  uDMAChannelAttributeDisable           
2000f255  uDMAChannelAttributeEnable            
2000f2b9  sl_Close                              
2000f319  sl_WlanProfileDel                     
2000f379  sl_WlanSetMode                        
2000f3d9  frexp                                 
2000f3d9  frexpl                                
2000f435  IntPendClear                          
2000f48d  PRCMPeripheralReset                   
2000f53d  IntPrioritySet                        
2000f591  _sl_HandleAsync_Select                
2000f5e5  ltoa                                  
2000f68d  _SlDrvRxIrqHandler                    
2000f6dd  _sl_HandleAsync_Stop                  
2000f72d  PinMuxConfig                          
2000f77d  SPIIntEnable                          
2000f7c9  _SlDrvProtectAsyncRespSetting         
2000f861  atoi                                  
2000f8ad  uDMAChannelAssign                     
2000f8f9  SPIIntClear                           
2000f941  _SlDrvBasicCmd                        
2000f989  __aeabi_d2iz                          
2000fa15  TimerConfigure                        
2000fa59  _SlDrvHandleHttpServerEvents          
2000fa9d  __TI_auto_init_nobinit_nopinit        
2000fb25  PinModeSet                            
2000fb65  _SlDrvHandleNetAppEvents              
2000fba5  _SlDrvHandleWlanEvents                
2000fbe5  _SlDrvSyncObjWaitTimeout              
2000fc65  vsnprintf                             
2000fd21  PRCMPeripheralClkEnable               
2000fd5d  simplelink_timerA2_start              
2000fd99  uDMAChannelControlSet                 
2000fdd5  NwpPowerOff                           
2000fe0d  pvPortMalloc                          
2000fe2d  vPortFree                             
2000fe45  sl_WlanDisconnect                     
2000fe7d  GPIODirModeSet                        
2000feb3  strncpy                               
2000fee9  NwpPowerOn                            
2000ff1d  PRCMPeripheralStatusGet               
2000ff51  SPIFIFOLevelSet                       
2000ff85  PinTypeGPIO                           
2000ffb5  UARTDisable                           
20010015  __aeabi_i2d                           
20010045  DmaSpiSwIntHandler                    
20010071  PRCMSysResetCauseGet                  
2001009d  TimerLoadSet                          
200100c7  TimerPrescaleSet                      
200100f1  PRCMPeripheralClkDisable              
20010141  _SlDrvProtectionObjLockWaitForever    
20010191  NwpRegisterInterruptHandler           
200101b7  sl_Provisioning_HttpServerEventHdl    
200101c5  sl_Provisioning_NetAppEventHdl        
200101d1  sl_Provisioning_WlanEventHdl          
200101dd  IntUnregister                         
20010201  UARTEnable                            
20010225  _SlDrvGlobalObjUnLock                 
20010249  _SlDrvProtectionObjUnLock             
2001026d  _SlDrvSyncObjWaitForever              
20010291  _c_int00_noargs                       
200102b5  memmove                               
200102d9  SPIReset                              
200102fb  SPIWordCountSet                       
2001031d  _SlDrvObjLockWaitForever              
2001033f  GPIOPinWrite                          
20010361  IntRegister                           
20010381  NwpPrePowerOffTimout0                 
200103a1  TimerGetCurrentTimestamp              
200103c1  TimerDisable                          
200103df  TimerEnable                           
200103fd  TimerIntStatus                        
2001041b  UARTCharPut                           
20010439  _SlDrvObjUnLock                       
20010457  _SlDrvSyncObjSignal                   
20010493  TimerValueGet                         
200104af  UARTCharGetNonBlocking                
200104cb  _SlDrvStartMeasureTimeout             
20010505  memccpy                               
20010521  uDMAChannelDisable                    
2001053d  uDMAChannelEnable                     
20010559  uDMAChannelRequest                    
20010575  GPIOIntEnable                         
2001058f  PinTypeUART                           
200105a9  SPIDmaDisable                         
200105c3  SPIDmaEnable                          
200105dd  SPIFIFODisable                        
200105f7  SPIFIFOEnable                         
20010611  GPIOPinRead                           
20010629  SPICSDisable                          
20010641  SPICSEnable                           
20010659  SPIDisable                            
20010671  SPIEnable                             
20010689  TimerIntDisable                       
200106a1  TimerIntEnable                        
200106b9  UARTCharsAvail                        
20010701  PRCMHIBRegRead                        
20010717  PRCMHIBRegWrite                       
2001072d  _SlDrvMemZero                         
20010743  strchr                                
20010759  CPUcpsie                              
2001076d  GPIOIntClear                          
20010781  IntVTableBaseSet                      
20010795  strlen                                
200107a9  uDMAControlBaseSet                    
200107bd  uDMAIntClear                          
200107d1  TimerIntClear                         
200107e3  uDMAIntUnregister                     
200107f5  wcslen                                
20010807  _SlDrvDispatchHttpServerEvents        
20010817  _SlDrvResetCmdExt                     
20010825  __TI_decompress_none                  
20010833  ResetISR                              
20010841  NwpMaskInterrupt                      
2001084d  NwpUnMaskInterrupt                    
20010859  copysign                              
20010859  copysignl                             
20010865  __TI_zero_init                        
20010871  uDMADisable                           
2001087d  uDMAEnable                            
20010889  uDMAIntStatus                         
20010895  IntMasterEnable                       
200108a1  __aeabi_errno_addr                    
200108a9  malloc                                
200108b1  UtilsDelay                            
200108b7  _system_pre_init                      
200108bb  C$$EXIT                               
200108bb  abort                                 
200108c0  _ctypes_                              
20010c40  OpcodeTranslateTable                  
20010c7c  _SlActionLookupTable                  
20010d0c  g_acMonthOfYear                       
20010d74  g_acSNTPserver                        
20010e4b  g_acDaysOfWeek2013                    
20010ec3  g_acNumOfDaysPerMonth                 
20010ecf  pcDigits                              
20010f12  _SlNetAppSendTokenValueCmdCtrl        
20010f4c  ulMaxSyscallInterruptPriority         
20010f58  __TI_static_base__                    
20010f8c  __TI_Handler_Table_Base               
20010f98  __TI_Handler_Table_Limit              
20010fa0  __TI_CINIT_Base                       
20010fb0  __TI_CINIT_Limit                      
20017000  _sys_memory                           
2001f000  gpCtlTbl                              
2001f578  gfpAppCallbackHndl                    
2001f740  g_ucDinDout                           
2001f790  xQueueRegistry                        
2001f7e0  g_sAppData                            
2001f820  g_ucConnectionSSID                    
2001f8a8  sAddr                                 
2001f8b8  sLocalAddr                            
2001f8d0  g_ucConnectionBSSID                   
2001f8dc  DMAMsgQ                               
2001f8e0  g_cDummy                              
2001f8e4  g_usConnectIndex                      
2001f8e6  g_usTimerInts                         
2001f8e8  RxIrqCnt                              
2001f8e9  g_bDeviceRestartIsRequired            
2001f8ea  g_ucLED1Pin                           
2001f8eb  g_ucLED2Pin                           
2001f8ec  g_ucLED3Pin                           
2001f8ed  iDone                                 
2001f8f0  pxCurrentTCB                          
2001f938  g_SlDeviceStatus                      
2001f93c  g_pCB                                 
2001f940  pPingCallBackFunc                     
2001f948  SecurityParams                        
2001f954  xHigherPriorityTaskWoken              
2001f958  xSimpleLinkSpawnQueue                 
2001f95c  xSimpleLinkSpawnTaskHndl              
2001f960  g_uiLED1Port                          
2001f964  g_uiLED2Port                          
2001f968  g_uiLED3Port                          
2001f96c  g_ulStatus                            
2001f970  g_ulStaIp                             
2001f974  g_ulGatewayIP                         
2001f978  g_SpiFd                               
2001f97c  g_pHostIntHdl                         
2001f980  g_ucDMAEnabled                        
2001f984  _lock                                 
2001f988  _unlock                               
2001f998  errno                                 
2002f800  __stack                               
20030000  __STACK_END                           
ffffffff  __TI_pprof_out_hndl                   
ffffffff  __TI_prof_data_size                   
ffffffff  __TI_prof_data_start                  
ffffffff  __binit__                             
ffffffff  __c_args__                            
ffffffff  binit                                 
UNDEFED   __mpu_init                            
UNDEFED   _system_post_cinit                    

[467 symbols]
