<?xml version="1.0" encoding="ISO-8859-1" ?>
<link_info>
   <banner>TI ARM Linker PC v18.12.4.LTS</banner>
   <copyright>Copyright (c) 1996-2018 Texas Instruments Incorporated</copyright>
   <link_time>0x5e49b8b4</link_time>
   <link_errors>0x0</link_errors>
   <output_file>USR get_time and set RTC.out</output_file>
   <entry_point>
      <name>_c_int00_noargs</name>
      <address>0x20010291</address>
   </entry_point>
   <input_file_list>
      <input_file id="fl-2">
         <path>.\</path>
         <kind>object</kind>
         <file>gpio_if.obj</file>
         <name>gpio_if.obj</name>
      </input_file>
      <input_file id="fl-3">
         <path>.\</path>
         <kind>object</kind>
         <file>main.obj</file>
         <name>main.obj</name>
      </input_file>
      <input_file id="fl-4">
         <path>.\</path>
         <kind>object</kind>
         <file>network_common.obj</file>
         <name>network_common.obj</name>
      </input_file>
      <input_file id="fl-5">
         <path>.\</path>
         <kind>object</kind>
         <file>network_if.obj</file>
         <name>network_if.obj</name>
      </input_file>
      <input_file id="fl-6">
         <path>.\</path>
         <kind>object</kind>
         <file>pinmux.obj</file>
         <name>pinmux.obj</name>
      </input_file>
      <input_file id="fl-7">
         <path>.\</path>
         <kind>object</kind>
         <file>startup_ccs.obj</file>
         <name>startup_ccs.obj</name>
      </input_file>
      <input_file id="fl-8">
         <path>.\</path>
         <kind>object</kind>
         <file>timer_if.obj</file>
         <name>timer_if.obj</name>
      </input_file>
      <input_file id="fl-9">
         <path>.\</path>
         <kind>object</kind>
         <file>uart_if.obj</file>
         <name>uart_if.obj</name>
      </input_file>
      <input_file id="fl-a">
         <path>.\</path>
         <kind>object</kind>
         <file>udma_if.obj</file>
         <name>udma_if.obj</name>
      </input_file>
      <input_file id="fl-11">
         <kind>object</kind>
         <file>&lt;internal&gt;</file>
         <name>&lt;internal&gt;</name>
      </input_file>
      <input_file id="fl-12">
         <path>C:\ti\CC3200SDK_1.5.0\cc3200-sdk\simplelink\ccs\OS_debug\</path>
         <kind>archive</kind>
         <file>simplelink.a</file>
         <name>device.obj</name>
      </input_file>
      <input_file id="fl-13">
         <path>C:\ti\CC3200SDK_1.5.0\cc3200-sdk\simplelink\ccs\OS_debug\</path>
         <kind>archive</kind>
         <file>simplelink.a</file>
         <name>driver.obj</name>
      </input_file>
      <input_file id="fl-14">
         <path>C:\ti\CC3200SDK_1.5.0\cc3200-sdk\simplelink\ccs\OS_debug\</path>
         <kind>archive</kind>
         <file>simplelink.a</file>
         <name>netapp.obj</name>
      </input_file>
      <input_file id="fl-15">
         <path>C:\ti\CC3200SDK_1.5.0\cc3200-sdk\simplelink\ccs\OS_debug\</path>
         <kind>archive</kind>
         <file>simplelink.a</file>
         <name>netcfg.obj</name>
      </input_file>
      <input_file id="fl-16">
         <path>C:\ti\CC3200SDK_1.5.0\cc3200-sdk\simplelink\ccs\OS_debug\</path>
         <kind>archive</kind>
         <file>simplelink.a</file>
         <name>socket.obj</name>
      </input_file>
      <input_file id="fl-17">
         <path>C:\ti\CC3200SDK_1.5.0\cc3200-sdk\simplelink\ccs\OS_debug\</path>
         <kind>archive</kind>
         <file>simplelink.a</file>
         <name>wlan.obj</name>
      </input_file>
      <input_file id="fl-18">
         <path>C:\ti\CC3200SDK_1.5.0\cc3200-sdk\simplelink\ccs\OS_debug\</path>
         <kind>archive</kind>
         <file>simplelink.a</file>
         <name>cc_pal.obj</name>
      </input_file>
      <input_file id="fl-19">
         <path>C:\ti\CC3200SDK_1.5.0\cc3200-sdk\driverlib\ccs\Release\</path>
         <kind>archive</kind>
         <file>driverlib.a</file>
         <name>gpio.obj</name>
      </input_file>
      <input_file id="fl-1a">
         <path>C:\ti\CC3200SDK_1.5.0\cc3200-sdk\driverlib\ccs\Release\</path>
         <kind>archive</kind>
         <file>driverlib.a</file>
         <name>interrupt.obj</name>
      </input_file>
      <input_file id="fl-1b">
         <path>C:\ti\CC3200SDK_1.5.0\cc3200-sdk\driverlib\ccs\Release\</path>
         <kind>archive</kind>
         <file>driverlib.a</file>
         <name>pin.obj</name>
      </input_file>
      <input_file id="fl-1c">
         <path>C:\ti\CC3200SDK_1.5.0\cc3200-sdk\driverlib\ccs\Release\</path>
         <kind>archive</kind>
         <file>driverlib.a</file>
         <name>prcm.obj</name>
      </input_file>
      <input_file id="fl-1d">
         <path>C:\ti\CC3200SDK_1.5.0\cc3200-sdk\driverlib\ccs\Release\</path>
         <kind>archive</kind>
         <file>driverlib.a</file>
         <name>spi.obj</name>
      </input_file>
      <input_file id="fl-1e">
         <path>C:\ti\CC3200SDK_1.5.0\cc3200-sdk\driverlib\ccs\Release\</path>
         <kind>archive</kind>
         <file>driverlib.a</file>
         <name>timer.obj</name>
      </input_file>
      <input_file id="fl-1f">
         <path>C:\ti\CC3200SDK_1.5.0\cc3200-sdk\driverlib\ccs\Release\</path>
         <kind>archive</kind>
         <file>driverlib.a</file>
         <name>uart.obj</name>
      </input_file>
      <input_file id="fl-20">
         <path>C:\ti\CC3200SDK_1.5.0\cc3200-sdk\driverlib\ccs\Release\</path>
         <kind>archive</kind>
         <file>driverlib.a</file>
         <name>udma.obj</name>
      </input_file>
      <input_file id="fl-21">
         <path>C:\ti\CC3200SDK_1.5.0\cc3200-sdk\driverlib\ccs\Release\</path>
         <kind>archive</kind>
         <file>driverlib.a</file>
         <name>utils.obj</name>
      </input_file>
      <input_file id="fl-22">
         <path>C:\ti\CC3200SDK_1.5.0\cc3200-sdk\driverlib\ccs\Release\</path>
         <kind>archive</kind>
         <file>driverlib.a</file>
         <name>cpu.obj</name>
      </input_file>
      <input_file id="fl-23">
         <path>C:\ti\CC3200SDK_1.5.0\cc3200-sdk\driverlib\ccs\Release\</path>
         <kind>archive</kind>
         <file>driverlib.a</file>
         <name>flash.obj</name>
      </input_file>
      <input_file id="fl-24">
         <path>C:\ti\CC3200SDK_1.5.0\cc3200-sdk\oslib\ccs\free_rtos\</path>
         <kind>archive</kind>
         <file>free_rtos.a</file>
         <name>osi_freertos.obj</name>
      </input_file>
      <input_file id="fl-25">
         <path>C:\ti\CC3200SDK_1.5.0\cc3200-sdk\oslib\ccs\free_rtos\</path>
         <kind>archive</kind>
         <file>free_rtos.a</file>
         <name>port.obj</name>
      </input_file>
      <input_file id="fl-26">
         <path>C:\ti\CC3200SDK_1.5.0\cc3200-sdk\oslib\ccs\free_rtos\</path>
         <kind>archive</kind>
         <file>free_rtos.a</file>
         <name>portasm.obj</name>
      </input_file>
      <input_file id="fl-27">
         <path>C:\ti\CC3200SDK_1.5.0\cc3200-sdk\oslib\ccs\free_rtos\</path>
         <kind>archive</kind>
         <file>free_rtos.a</file>
         <name>queue.obj</name>
      </input_file>
      <input_file id="fl-28">
         <path>C:\ti\CC3200SDK_1.5.0\cc3200-sdk\oslib\ccs\free_rtos\</path>
         <kind>archive</kind>
         <file>free_rtos.a</file>
         <name>tasks.obj</name>
      </input_file>
      <input_file id="fl-29">
         <path>C:\ti\CC3200SDK_1.5.0\cc3200-sdk\oslib\ccs\free_rtos\</path>
         <kind>archive</kind>
         <file>free_rtos.a</file>
         <name>heap_3.obj</name>
      </input_file>
      <input_file id="fl-2a">
         <path>C:\ti\CC3200SDK_1.5.0\cc3200-sdk\oslib\ccs\free_rtos\</path>
         <kind>archive</kind>
         <file>free_rtos.a</file>
         <name>list.obj</name>
      </input_file>
      <input_file id="fl-e0">
         <path>C:\ti\ccs930\ccs\tools\compiler\ti-cgt-arm_18.12.4.LTS\lib\</path>
         <kind>archive</kind>
         <file>rtsv7M4_T_le_eabi.lib</file>
         <name>vsnprintf.c.obj</name>
      </input_file>
      <input_file id="fl-e1">
         <path>C:\ti\ccs930\ccs\tools\compiler\ti-cgt-arm_18.12.4.LTS\lib\</path>
         <kind>archive</kind>
         <file>rtsv7M4_T_le_eabi.lib</file>
         <name>memcpy_t2.asm.obj</name>
      </input_file>
      <input_file id="fl-e2">
         <path>C:\ti\ccs930\ccs\tools\compiler\ti-cgt-arm_18.12.4.LTS\lib\</path>
         <kind>archive</kind>
         <file>rtsv7M4_T_le_eabi.lib</file>
         <name>ull_div_t2.asm.obj</name>
      </input_file>
      <input_file id="fl-e3">
         <path>C:\ti\ccs930\ccs\tools\compiler\ti-cgt-arm_18.12.4.LTS\lib\</path>
         <kind>archive</kind>
         <file>rtsv7M4_T_le_eabi.lib</file>
         <name>memset_t2.asm.obj</name>
      </input_file>
      <input_file id="fl-e4">
         <path>C:\ti\ccs930\ccs\tools\compiler\ti-cgt-arm_18.12.4.LTS\lib\</path>
         <kind>archive</kind>
         <file>rtsv7M4_T_le_eabi.lib</file>
         <name>copy_zero_init.c.obj</name>
      </input_file>
      <input_file id="fl-e5">
         <path>C:\ti\ccs930\ccs\tools\compiler\ti-cgt-arm_18.12.4.LTS\lib\</path>
         <kind>archive</kind>
         <file>rtsv7M4_T_le_eabi.lib</file>
         <name>copy_decompress_none.c.obj</name>
      </input_file>
      <input_file id="fl-e6">
         <path>C:\ti\ccs930\ccs\tools\compiler\ti-cgt-arm_18.12.4.LTS\lib\</path>
         <kind>archive</kind>
         <file>rtsv7M4_T_le_eabi.lib</file>
         <name>copy_decompress_lzss.c.obj</name>
      </input_file>
      <input_file id="fl-e7">
         <path>C:\ti\ccs930\ccs\tools\compiler\ti-cgt-arm_18.12.4.LTS\lib\</path>
         <kind>archive</kind>
         <file>rtsv7M4_T_le_eabi.lib</file>
         <name>memmov.c.obj</name>
      </input_file>
      <input_file id="fl-e8">
         <path>C:\ti\ccs930\ccs\tools\compiler\ti-cgt-arm_18.12.4.LTS\lib\</path>
         <kind>archive</kind>
         <file>rtsv7M4_T_le_eabi.lib</file>
         <name>memory.c.obj</name>
      </input_file>
      <input_file id="fl-e9">
         <path>C:\ti\ccs930\ccs\tools\compiler\ti-cgt-arm_18.12.4.LTS\lib\</path>
         <kind>archive</kind>
         <file>rtsv7M4_T_le_eabi.lib</file>
         <name>strlen.c.obj</name>
      </input_file>
      <input_file id="fl-ea">
         <path>C:\ti\ccs930\ccs\tools\compiler\ti-cgt-arm_18.12.4.LTS\lib\</path>
         <kind>archive</kind>
         <file>rtsv7M4_T_le_eabi.lib</file>
         <name>strncpy.c.obj</name>
      </input_file>
      <input_file id="fl-eb">
         <path>C:\ti\ccs930\ccs\tools\compiler\ti-cgt-arm_18.12.4.LTS\lib\</path>
         <kind>archive</kind>
         <file>rtsv7M4_T_le_eabi.lib</file>
         <name>boot_cortex_m.c.obj</name>
      </input_file>
      <input_file id="fl-ec">
         <path>C:\ti\ccs930\ccs\tools\compiler\ti-cgt-arm_18.12.4.LTS\lib\</path>
         <kind>archive</kind>
         <file>rtsv7M4_T_le_eabi.lib</file>
         <name>_printfi.c.obj</name>
      </input_file>
      <input_file id="fl-ed">
         <path>C:\ti\ccs930\ccs\tools\compiler\ti-cgt-arm_18.12.4.LTS\lib\</path>
         <kind>archive</kind>
         <file>rtsv7M4_T_le_eabi.lib</file>
         <name>div0.asm.obj</name>
      </input_file>
      <input_file id="fl-ee">
         <path>C:\ti\ccs930\ccs\tools\compiler\ti-cgt-arm_18.12.4.LTS\lib\</path>
         <kind>archive</kind>
         <file>rtsv7M4_T_le_eabi.lib</file>
         <name>fd_add_t2.asm.obj</name>
      </input_file>
      <input_file id="fl-ef">
         <path>C:\ti\ccs930\ccs\tools\compiler\ti-cgt-arm_18.12.4.LTS\lib\</path>
         <kind>archive</kind>
         <file>rtsv7M4_T_le_eabi.lib</file>
         <name>fd_cmp_t2.asm.obj</name>
      </input_file>
      <input_file id="fl-f0">
         <path>C:\ti\ccs930\ccs\tools\compiler\ti-cgt-arm_18.12.4.LTS\lib\</path>
         <kind>archive</kind>
         <file>rtsv7M4_T_le_eabi.lib</file>
         <name>fd_div_t2.asm.obj</name>
      </input_file>
      <input_file id="fl-f1">
         <path>C:\ti\ccs930\ccs\tools\compiler\ti-cgt-arm_18.12.4.LTS\lib\</path>
         <kind>archive</kind>
         <file>rtsv7M4_T_le_eabi.lib</file>
         <name>fd_mul_t2.asm.obj</name>
      </input_file>
      <input_file id="fl-f2">
         <path>C:\ti\ccs930\ccs\tools\compiler\ti-cgt-arm_18.12.4.LTS\lib\</path>
         <kind>archive</kind>
         <file>rtsv7M4_T_le_eabi.lib</file>
         <name>fd_toi_t2.asm.obj</name>
      </input_file>
      <input_file id="fl-f3">
         <path>C:\ti\ccs930\ccs\tools\compiler\ti-cgt-arm_18.12.4.LTS\lib\</path>
         <kind>archive</kind>
         <file>rtsv7M4_T_le_eabi.lib</file>
         <name>i_tofd_t2.asm.obj</name>
      </input_file>
      <input_file id="fl-f4">
         <path>C:\ti\ccs930\ccs\tools\compiler\ti-cgt-arm_18.12.4.LTS\lib\</path>
         <kind>archive</kind>
         <file>rtsv7M4_T_le_eabi.lib</file>
         <name>autoinit.c.obj</name>
      </input_file>
      <input_file id="fl-f5">
         <path>C:\ti\ccs930\ccs\tools\compiler\ti-cgt-arm_18.12.4.LTS\lib\</path>
         <kind>archive</kind>
         <file>rtsv7M4_T_le_eabi.lib</file>
         <name>pre_init.c.obj</name>
      </input_file>
      <input_file id="fl-f6">
         <path>C:\ti\ccs930\ccs\tools\compiler\ti-cgt-arm_18.12.4.LTS\lib\</path>
         <kind>archive</kind>
         <file>rtsv7M4_T_le_eabi.lib</file>
         <name>cpy_tbl.c.obj</name>
      </input_file>
      <input_file id="fl-f7">
         <path>C:\ti\ccs930\ccs\tools\compiler\ti-cgt-arm_18.12.4.LTS\lib\</path>
         <kind>archive</kind>
         <file>rtsv7M4_T_le_eabi.lib</file>
         <name>exit.c.obj</name>
      </input_file>
      <input_file id="fl-f8">
         <path>C:\ti\ccs930\ccs\tools\compiler\ti-cgt-arm_18.12.4.LTS\lib\</path>
         <kind>archive</kind>
         <file>rtsv7M4_T_le_eabi.lib</file>
         <name>_lock.c.obj</name>
      </input_file>
      <input_file id="fl-f9">
         <path>C:\ti\ccs930\ccs\tools\compiler\ti-cgt-arm_18.12.4.LTS\lib\</path>
         <kind>archive</kind>
         <file>rtsv7M4_T_le_eabi.lib</file>
         <name>args_main.c.obj</name>
      </input_file>
      <input_file id="fl-fa">
         <path>C:\ti\ccs930\ccs\tools\compiler\ti-cgt-arm_18.12.4.LTS\lib\</path>
         <kind>archive</kind>
         <file>rtsv7M4_T_le_eabi.lib</file>
         <name>atoi.c.obj</name>
      </input_file>
      <input_file id="fl-fb">
         <path>C:\ti\ccs930\ccs\tools\compiler\ti-cgt-arm_18.12.4.LTS\lib\</path>
         <kind>archive</kind>
         <file>rtsv7M4_T_le_eabi.lib</file>
         <name>ctype.c.obj</name>
      </input_file>
      <input_file id="fl-fc">
         <path>C:\ti\ccs930\ccs\tools\compiler\ti-cgt-arm_18.12.4.LTS\lib\</path>
         <kind>archive</kind>
         <file>rtsv7M4_T_le_eabi.lib</file>
         <name>ltoa.c.obj</name>
      </input_file>
      <input_file id="fl-fd">
         <path>C:\ti\ccs930\ccs\tools\compiler\ti-cgt-arm_18.12.4.LTS\lib\</path>
         <kind>archive</kind>
         <file>rtsv7M4_T_le_eabi.lib</file>
         <name>memccpy.c.obj</name>
      </input_file>
      <input_file id="fl-fe">
         <path>C:\ti\ccs930\ccs\tools\compiler\ti-cgt-arm_18.12.4.LTS\lib\</path>
         <kind>archive</kind>
         <file>rtsv7M4_T_le_eabi.lib</file>
         <name>strchr.c.obj</name>
      </input_file>
      <input_file id="fl-ff">
         <path>C:\ti\ccs930\ccs\tools\compiler\ti-cgt-arm_18.12.4.LTS\lib\</path>
         <kind>archive</kind>
         <file>rtsv7M4_T_le_eabi.lib</file>
         <name>errno.c.obj</name>
      </input_file>
      <input_file id="fl-100">
         <path>C:\ti\ccs930\ccs\tools\compiler\ti-cgt-arm_18.12.4.LTS\lib\</path>
         <kind>archive</kind>
         <file>rtsv7M4_T_le_eabi.lib</file>
         <name>wcslen.c.obj</name>
      </input_file>
      <input_file id="fl-101">
         <path>C:\ti\ccs930\ccs\tools\compiler\ti-cgt-arm_18.12.4.LTS\lib\</path>
         <kind>archive</kind>
         <file>rtsv7M4_T_le_eabi.lib</file>
         <name>s_frexp.c.obj</name>
      </input_file>
      <input_file id="fl-102">
         <path>C:\ti\ccs930\ccs\tools\compiler\ti-cgt-arm_18.12.4.LTS\lib\</path>
         <kind>archive</kind>
         <file>rtsv7M4_T_le_eabi.lib</file>
         <name>s_scalbn.c.obj</name>
      </input_file>
      <input_file id="fl-103">
         <path>C:\ti\ccs930\ccs\tools\compiler\ti-cgt-arm_18.12.4.LTS\lib\</path>
         <kind>archive</kind>
         <file>rtsv7M4_T_le_eabi.lib</file>
         <name>s_copysign.c.obj</name>
      </input_file>
   </input_file_list>
   <object_component_list>
      <object_component id="oc-f">
         <name>.intvecs</name>
         <load_address>0x20004000</load_address>
         <run_address>0x20004000</run_address>
         <size>0x400</size>
         <input_file_ref idref="fl-7"/>
      </object_component>
      <object_component id="oc-82">
         <name>.text</name>
         <load_address>0x20004400</load_address>
         <run_address>0x20004400</run_address>
         <size>0x1888</size>
         <input_file_ref idref="fl-28"/>
      </object_component>
      <object_component id="oc-fe">
         <name>.text</name>
         <load_address>0x20005c88</load_address>
         <run_address>0x20005c88</run_address>
         <size>0x12e8</size>
         <input_file_ref idref="fl-5"/>
      </object_component>
      <object_component id="oc-422">
         <name>.text</name>
         <load_address>0x20006f70</load_address>
         <run_address>0x20006f70</run_address>
         <size>0xdc8</size>
         <input_file_ref idref="fl-27"/>
      </object_component>
      <object_component id="oc-629">
         <name>.text:__TI_printfi</name>
         <load_address>0x20007d38</load_address>
         <run_address>0x20007d38</run_address>
         <size>0xa4e</size>
         <input_file_ref idref="fl-ec"/>
      </object_component>
      <object_component id="oc-690">
         <name>.text:IntDefaultHandler</name>
         <load_address>0x20008786</load_address>
         <run_address>0x20008786</run_address>
         <size>0x2</size>
         <input_file_ref idref="fl-1a"/>
      </object_component>
      <object_component id="oc-bb">
         <name>.text</name>
         <load_address>0x20008788</load_address>
         <run_address>0x20008788</run_address>
         <size>0x980</size>
         <input_file_ref idref="fl-3"/>
      </object_component>
      <object_component id="oc-819">
         <name>.text:_SlDrvMsgRead</name>
         <load_address>0x20009108</load_address>
         <run_address>0x20009108</run_address>
         <size>0x590</size>
         <input_file_ref idref="fl-13"/>
      </object_component>
      <object_component id="oc-193">
         <name>.text</name>
         <load_address>0x20009698</load_address>
         <run_address>0x20009698</run_address>
         <size>0x464</size>
         <input_file_ref idref="fl-24"/>
      </object_component>
      <object_component id="oc-16f">
         <name>.text</name>
         <load_address>0x20009afc</load_address>
         <run_address>0x20009afc</run_address>
         <size>0x390</size>
         <input_file_ref idref="fl-2"/>
      </object_component>
      <object_component id="oc-13f">
         <name>.text</name>
         <load_address>0x20009e8c</load_address>
         <run_address>0x20009e8c</run_address>
         <size>0x290</size>
         <input_file_ref idref="fl-9"/>
      </object_component>
      <object_component id="oc-296">
         <name>.text:sl_WlanConnect</name>
         <load_address>0x2000a11c</load_address>
         <run_address>0x2000a11c</run_address>
         <size>0x280</size>
         <input_file_ref idref="fl-17"/>
      </object_component>
      <object_component id="oc-7ee">
         <name>.text:_pconv_a</name>
         <load_address>0x2000a39c</load_address>
         <run_address>0x2000a39c</run_address>
         <size>0x268</size>
         <input_file_ref idref="fl-ec"/>
      </object_component>
      <object_component id="oc-915">
         <name>.text:_SlDrvRxHdrRead</name>
         <load_address>0x2000a604</load_address>
         <run_address>0x2000a604</run_address>
         <size>0x248</size>
         <input_file_ref idref="fl-13"/>
      </object_component>
      <object_component id="oc-365">
         <name>.text:_SlDrvDataReadOp</name>
         <load_address>0x2000a84c</load_address>
         <run_address>0x2000a84c</run_address>
         <size>0x1e0</size>
         <input_file_ref idref="fl-13"/>
      </object_component>
      <object_component id="oc-539">
         <name>.text:_SlDrvReleasePoolObj</name>
         <load_address>0x2000aa2c</load_address>
         <run_address>0x2000aa2c</run_address>
         <size>0x1d0</size>
         <input_file_ref idref="fl-13"/>
      </object_component>
      <object_component id="oc-7dc">
         <name>.text:_pconv_g</name>
         <load_address>0x2000abfc</load_address>
         <run_address>0x2000abfc</run_address>
         <size>0x1cc</size>
         <input_file_ref idref="fl-ec"/>
      </object_component>
      <object_component id="oc-175">
         <name>.text</name>
         <load_address>0x2000adc8</load_address>
         <run_address>0x2000adc8</run_address>
         <size>0x1c0</size>
         <input_file_ref idref="fl-8"/>
      </object_component>
      <object_component id="oc-1bf">
         <name>.text</name>
         <load_address>0x2000af88</load_address>
         <run_address>0x2000af88</run_address>
         <size>0x1c0</size>
         <input_file_ref idref="fl-a"/>
      </object_component>
      <object_component id="oc-8c8">
         <name>.text</name>
         <load_address>0x2000b148</load_address>
         <run_address>0x2000b148</run_address>
         <size>0x1b6</size>
         <input_file_ref idref="fl-ee"/>
      </object_component>
      <object_component id="oc-6cb">
         <name>.text:_nop</name>
         <load_address>0x2000b2fe</load_address>
         <run_address>0x2000b2fe</run_address>
         <size>0x2</size>
         <input_file_ref idref="fl-f8"/>
      </object_component>
      <object_component id="oc-5f7">
         <name>.text:_SlDrvMsgWrite</name>
         <load_address>0x2000b300</load_address>
         <run_address>0x2000b300</run_address>
         <size>0x19c</size>
         <input_file_ref idref="fl-13"/>
      </object_component>
      <object_component id="oc-50f">
         <name>.text:_SlDrvDriverCBInit</name>
         <load_address>0x2000b49c</load_address>
         <run_address>0x2000b49c</run_address>
         <size>0x190</size>
         <input_file_ref idref="fl-13"/>
      </object_component>
      <object_component id="oc-5b2">
         <name>.text:_SlDrvWaitForPoolObj</name>
         <load_address>0x2000b62c</load_address>
         <run_address>0x2000b62c</run_address>
         <size>0x190</size>
         <input_file_ref idref="fl-13"/>
      </object_component>
      <object_component id="oc-1b5">
         <name>.text:PRCMCC3200MCUInit</name>
         <load_address>0x2000b7bc</load_address>
         <run_address>0x2000b7bc</run_address>
         <size>0x178</size>
         <input_file_ref idref="fl-1c"/>
      </object_component>
      <object_component id="oc-927">
         <name>.text:_SlFindAndSetActiveObj</name>
         <load_address>0x2000b934</load_address>
         <run_address>0x2000b934</run_address>
         <size>0x170</size>
         <input_file_ref idref="fl-13"/>
      </object_component>
      <object_component id="oc-515">
         <name>.text:spi_Open</name>
         <load_address>0x2000baa4</load_address>
         <run_address>0x2000baa4</run_address>
         <size>0x150</size>
         <input_file_ref idref="fl-18"/>
      </object_component>
      <object_component id="oc-301">
         <name>.text:_SlDrvDataWriteOp</name>
         <load_address>0x2000bbf4</load_address>
         <run_address>0x2000bbf4</run_address>
         <size>0x14c</size>
         <input_file_ref idref="fl-13"/>
      </object_component>
      <object_component id="oc-2ab">
         <name>.text:sl_NetAppDnsGetHostByName</name>
         <load_address>0x2000bd40</load_address>
         <run_address>0x2000bd40</run_address>
         <size>0x144</size>
         <input_file_ref idref="fl-14"/>
      </object_component>
      <object_component id="oc-139">
         <name>.text:sl_SendTo</name>
         <load_address>0x2000be84</load_address>
         <run_address>0x2000be84</run_address>
         <size>0x144</size>
         <input_file_ref idref="fl-16"/>
      </object_component>
      <object_component id="oc-656">
         <name>.text:_SlDrvMsgReadCmdCtx</name>
         <load_address>0x2000bfc8</load_address>
         <run_address>0x2000bfc8</run_address>
         <size>0x13c</size>
         <input_file_ref idref="fl-13"/>
      </object_component>
      <object_component id="oc-7e8">
         <name>.text:_pconv_e</name>
         <load_address>0x2000c104</load_address>
         <run_address>0x2000c104</run_address>
         <size>0x13c</size>
         <input_file_ref idref="fl-ec"/>
      </object_component>
      <object_component id="oc-14b">
         <name>.text:sl_RecvFrom</name>
         <load_address>0x2000c240</load_address>
         <run_address>0x2000c240</run_address>
         <size>0x13c</size>
         <input_file_ref idref="fl-16"/>
      </object_component>
      <object_component id="oc-8ae">
         <name>.text</name>
         <load_address>0x2000c37c</load_address>
         <run_address>0x2000c37c</run_address>
         <size>0x136</size>
         <input_file_ref idref="fl-f0"/>
      </object_component>
      <object_component id="oc-e9">
         <name>.text</name>
         <load_address>0x2000c4b2</load_address>
         <run_address>0x2000c4b2</run_address>
         <size>0x12a</size>
         <input_file_ref idref="fl-2a"/>
      </object_component>
      <object_component id="oc-567">
         <name>.text:_SlDrvDriverCBDeinit</name>
         <load_address>0x2000c5dc</load_address>
         <run_address>0x2000c5dc</run_address>
         <size>0x124</size>
         <input_file_ref idref="fl-13"/>
      </object_component>
      <object_component id="oc-8da">
         <name>.text:fcvt</name>
         <load_address>0x2000c700</load_address>
         <run_address>0x2000c700</run_address>
         <size>0x120</size>
         <input_file_ref idref="fl-ec"/>
      </object_component>
      <object_component id="oc-31">
         <name>.text</name>
         <load_address>0x2000c820</load_address>
         <run_address>0x2000c820</run_address>
         <size>0x11c</size>
         <input_file_ref idref="fl-25"/>
      </object_component>
      <object_component id="oc-4ed">
         <name>.text:aligned_alloc</name>
         <load_address>0x2000c93c</load_address>
         <run_address>0x2000c93c</run_address>
         <size>0x118</size>
         <input_file_ref idref="fl-e8"/>
      </object_component>
      <object_component id="oc-996">
         <name>.text:_SlDrvNetAppEventHandler</name>
         <load_address>0x2000ca54</load_address>
         <run_address>0x2000ca54</run_address>
         <size>0x104</size>
         <input_file_ref idref="fl-14"/>
      </object_component>
      <object_component id="oc-8a9">
         <name>.text</name>
         <load_address>0x2000cb58</load_address>
         <run_address>0x2000cb58</run_address>
         <size>0xfc</size>
         <input_file_ref idref="fl-f1"/>
      </object_component>
      <object_component id="oc-24c">
         <name>.text:sl_Start</name>
         <load_address>0x2000cc54</load_address>
         <run_address>0x2000cc54</run_address>
         <size>0xf0</size>
         <input_file_ref idref="fl-12"/>
      </object_component>
      <object_component id="oc-258">
         <name>.text:sl_Stop</name>
         <load_address>0x2000cd44</load_address>
         <run_address>0x2000cd44</run_address>
         <size>0xf0</size>
         <input_file_ref idref="fl-12"/>
      </object_component>
      <object_component id="oc-4a1">
         <name>.text:uDMAChannelTransferSet</name>
         <load_address>0x2000ce34</load_address>
         <run_address>0x2000ce34</run_address>
         <size>0xf0</size>
         <input_file_ref idref="fl-20"/>
      </object_component>
      <object_component id="oc-81f">
         <name>.text:_SlAsyncEventGenericHandler</name>
         <load_address>0x2000cf24</load_address>
         <run_address>0x2000cf24</run_address>
         <size>0xe8</size>
         <input_file_ref idref="fl-13"/>
      </object_component>
      <object_component id="oc-77b">
         <name>.text:_SlDrvMsgReadSpawnCtx</name>
         <load_address>0x2000d00c</load_address>
         <run_address>0x2000d00c</run_address>
         <size>0xe8</size>
         <input_file_ref idref="fl-13"/>
      </object_component>
      <object_component id="oc-346">
         <name>.text:realloc</name>
         <load_address>0x2000d0f4</load_address>
         <run_address>0x2000d0f4</run_address>
         <size>0xe8</size>
         <input_file_ref idref="fl-e8"/>
      </object_component>
      <object_component id="oc-231">
         <name>.text:free</name>
         <load_address>0x2000d1dc</load_address>
         <run_address>0x2000d1dc</run_address>
         <size>0xe4</size>
         <input_file_ref idref="fl-e8"/>
      </object_component>
      <object_component id="oc-592">
         <name>.text:sl_NetAppMDNSRegisterUnregisterService</name>
         <load_address>0x2000d2c0</load_address>
         <run_address>0x2000d2c0</run_address>
         <size>0xe4</size>
         <input_file_ref idref="fl-14"/>
      </object_component>
      <object_component id="oc-91b">
         <name>.text:_SlDrvClassifyRxMsg</name>
         <load_address>0x2000d3a4</load_address>
         <run_address>0x2000d3a4</run_address>
         <size>0xdc</size>
         <input_file_ref idref="fl-13"/>
      </object_component>
      <object_component id="oc-921">
         <name>.text:spi_Read</name>
         <load_address>0x2000d480</load_address>
         <run_address>0x2000d480</run_address>
         <size>0xdc</size>
         <input_file_ref idref="fl-18"/>
      </object_component>
      <object_component id="oc-2a5">
         <name>.text:sl_NetCfgGet</name>
         <load_address>0x2000d55c</load_address>
         <run_address>0x2000d55c</run_address>
         <size>0xd8</size>
         <input_file_ref idref="fl-15"/>
      </object_component>
      <object_component id="oc-8ee">
         <name>.text:scalbn</name>
         <load_address>0x2000d634</load_address>
         <run_address>0x2000d634</run_address>
         <size>0xd0</size>
         <input_file_ref idref="fl-102"/>
      </object_component>
      <object_component id="oc-9f3">
         <name>.text:_sl_HandleAsync_DnsGetHostByService</name>
         <load_address>0x2000d704</load_address>
         <run_address>0x2000d704</run_address>
         <size>0xcc</size>
         <input_file_ref idref="fl-14"/>
      </object_component>
      <object_component id="oc-25e">
         <name>.text:sl_DevGet</name>
         <load_address>0x2000d7d0</load_address>
         <run_address>0x2000d7d0</run_address>
         <size>0xcc</size>
         <input_file_ref idref="fl-12"/>
      </object_component>
      <object_component id="oc-76a">
         <name>.text:_SlRemoveFromList</name>
         <load_address>0x2000d89c</load_address>
         <run_address>0x2000d89c</run_address>
         <size>0xc4</size>
         <input_file_ref idref="fl-13"/>
      </object_component>
      <object_component id="oc-356">
         <name>.text:_SlDrvCmdOp</name>
         <load_address>0x2000d960</load_address>
         <run_address>0x2000d960</run_address>
         <size>0xc0</size>
         <input_file_ref idref="fl-13"/>
      </object_component>
      <object_component id="oc-2c">
         <name>.text</name>
         <load_address>0x2000da20</load_address>
         <run_address>0x2000da20</run_address>
         <size>0xba</size>
         <input_file_ref idref="fl-26"/>
      </object_component>
      <object_component id="oc-94b">
         <name>.text</name>
         <load_address>0x2000dada</load_address>
         <run_address>0x2000dada</run_address>
         <size>0x2</size>
         <input_file_ref idref="fl-ed"/>
      </object_component>
      <object_component id="oc-145">
         <name>.text:sl_Bind</name>
         <load_address>0x2000dadc</load_address>
         <run_address>0x2000dadc</run_address>
         <size>0xb8</size>
         <input_file_ref idref="fl-16"/>
      </object_component>
      <object_component id="oc-7d1">
         <name>.text:_ltostr</name>
         <load_address>0x2000db94</load_address>
         <run_address>0x2000db94</run_address>
         <size>0xb1</size>
         <input_file_ref idref="fl-ec"/>
      </object_component>
      <object_component id="oc-416">
         <name>.text:IntDisable</name>
         <load_address>0x2000dc48</load_address>
         <run_address>0x2000dc48</run_address>
         <size>0xa8</size>
         <input_file_ref idref="fl-1a"/>
      </object_component>
      <object_component id="oc-1af">
         <name>.text:IntEnable</name>
         <load_address>0x2000dcf0</load_address>
         <run_address>0x2000dcf0</run_address>
         <size>0xa8</size>
         <input_file_ref idref="fl-1a"/>
      </object_component>
      <object_component id="oc-70f">
         <name>.text:SPIConfigSetExpClk</name>
         <load_address>0x2000dd98</load_address>
         <run_address>0x2000dd98</run_address>
         <size>0xa0</size>
         <input_file_ref idref="fl-1d"/>
      </object_component>
      <object_component id="oc-763">
         <name>.text:_SlDriverHandleError</name>
         <load_address>0x2000de38</load_address>
         <run_address>0x2000de38</run_address>
         <size>0xa0</size>
         <input_file_ref idref="fl-13"/>
      </object_component>
      <object_component id="oc-45">
         <name>.text</name>
         <load_address>0x2000ded8</load_address>
         <run_address>0x2000ded8</run_address>
         <size>0x9c</size>
         <input_file_ref idref="fl-e1"/>
      </object_component>
      <object_component id="oc-9d9">
         <name>.text:_SlDrvDeviceEventHandler</name>
         <load_address>0x2000df74</load_address>
         <run_address>0x2000df74</run_address>
         <size>0x9a</size>
         <input_file_ref idref="fl-12"/>
      </object_component>
      <object_component id="oc-15a">
         <name>.text:sl_DevSet</name>
         <load_address>0x2000e010</load_address>
         <run_address>0x2000e010</run_address>
         <size>0x98</size>
         <input_file_ref idref="fl-12"/>
      </object_component>
      <object_component id="oc-276">
         <name>.text:sl_NetCfgSet</name>
         <load_address>0x2000e0a8</load_address>
         <run_address>0x2000e0a8</run_address>
         <size>0x98</size>
         <input_file_ref idref="fl-15"/>
      </object_component>
      <object_component id="oc-18d">
         <name>.text:sl_SetSockOpt</name>
         <load_address>0x2000e140</load_address>
         <run_address>0x2000e140</run_address>
         <size>0x98</size>
         <input_file_ref idref="fl-16"/>
      </object_component>
      <object_component id="oc-27c">
         <name>.text:sl_WlanSet</name>
         <load_address>0x2000e1d8</load_address>
         <run_address>0x2000e1d8</run_address>
         <size>0x98</size>
         <input_file_ref idref="fl-17"/>
      </object_component>
      <object_component id="oc-8a2">
         <name>.text</name>
         <load_address>0x2000e270</load_address>
         <run_address>0x2000e270</run_address>
         <size>0x96</size>
         <input_file_ref idref="fl-e2"/>
      </object_component>
      <object_component id="oc-31c">
         <name>.text:PRCMPeripheralClockGet</name>
         <load_address>0x2000e308</load_address>
         <run_address>0x2000e308</run_address>
         <size>0x94</size>
         <input_file_ref idref="fl-1c"/>
      </object_component>
      <object_component id="oc-9ed">
         <name>.text:_sl_HandleAsync_DnsGetHostByName</name>
         <load_address>0x2000e39c</load_address>
         <run_address>0x2000e39c</run_address>
         <size>0x90</size>
         <input_file_ref idref="fl-14"/>
      </object_component>
      <object_component id="oc-99c">
         <name>.text:_sl_HandleAsync_PingResponse</name>
         <load_address>0x2000e42c</load_address>
         <run_address>0x2000e42c</run_address>
         <size>0x90</size>
         <input_file_ref idref="fl-14"/>
      </object_component>
      <object_component id="oc-264">
         <name>.text:sl_WlanPolicySet</name>
         <load_address>0x2000e4bc</load_address>
         <run_address>0x2000e4bc</run_address>
         <size>0x90</size>
         <input_file_ref idref="fl-17"/>
      </object_component>
      <object_component id="oc-9a3">
         <name>.text:SetupDMAReceive</name>
         <load_address>0x2000e54c</load_address>
         <run_address>0x2000e54c</run_address>
         <size>0x8c</size>
         <input_file_ref idref="fl-18"/>
      </object_component>
      <object_component id="oc-882">
         <name>.text:SetupDMASend</name>
         <load_address>0x2000e5d8</load_address>
         <run_address>0x2000e5d8</run_address>
         <size>0x8c</size>
         <input_file_ref idref="fl-18"/>
      </object_component>
      <object_component id="oc-986">
         <name>.text:_SlDrvIsTimeoutExpired</name>
         <load_address>0x2000e664</load_address>
         <run_address>0x2000e664</run_address>
         <size>0x8c</size>
         <input_file_ref idref="fl-13"/>
      </object_component>
      <object_component id="oc-a32">
         <name>.text:_sl_HandleAsync_InitComplete</name>
         <load_address>0x2000e6f0</load_address>
         <run_address>0x2000e6f0</run_address>
         <size>0x8c</size>
         <input_file_ref idref="fl-12"/>
      </object_component>
      <object_component id="oc-187">
         <name>.text:sl_Socket</name>
         <load_address>0x2000e77c</load_address>
         <run_address>0x2000e77c</run_address>
         <size>0x8c</size>
         <input_file_ref idref="fl-16"/>
      </object_component>
      <object_component id="oc-7bf">
         <name>.text:spi_Write</name>
         <load_address>0x2000e808</load_address>
         <run_address>0x2000e808</run_address>
         <size>0x8c</size>
         <input_file_ref idref="fl-18"/>
      </object_component>
      <object_component id="oc-6c0">
         <name>.text:PinConfigSet</name>
         <load_address>0x2000e894</load_address>
         <run_address>0x2000e894</run_address>
         <size>0x88</size>
         <input_file_ref idref="fl-1b"/>
      </object_component>
      <object_component id="oc-7d7">
         <name>.text:__aeabi_cdcmple</name>
         <load_address>0x2000e91c</load_address>
         <run_address>0x2000e91c</run_address>
         <size>0x86</size>
         <input_file_ref idref="fl-ef"/>
      </object_component>
      <object_component id="oc-8b3">
         <name>.text:__aeabi_cdrcmple</name>
         <load_address>0x2000e9a2</load_address>
         <run_address>0x2000e9a2</run_address>
         <size>0x86</size>
         <input_file_ref idref="fl-ef"/>
      </object_component>
      <object_component id="oc-509">
         <name>.text:NwpPowerOnPreamble</name>
         <load_address>0x2000ea28</load_address>
         <run_address>0x2000ea28</run_address>
         <size>0x84</size>
         <input_file_ref idref="fl-18"/>
      </object_component>
      <object_component id="oc-28e">
         <name>.text:sl_WlanRxFilterSet</name>
         <load_address>0x2000eaac</load_address>
         <run_address>0x2000eaac</run_address>
         <size>0x84</size>
         <input_file_ref idref="fl-17"/>
      </object_component>
      <object_component id="oc-390">
         <name>.text:GPIOIntTypeSet</name>
         <load_address>0x2000eb30</load_address>
         <run_address>0x2000eb30</run_address>
         <size>0x82</size>
         <input_file_ref idref="fl-19"/>
      </object_component>
      <object_component id="oc-a15">
         <name>.text:_sl_HandleAsync_Connect</name>
         <load_address>0x2000ebb4</load_address>
         <run_address>0x2000ebb4</run_address>
         <size>0x80</size>
         <input_file_ref idref="fl-16"/>
      </object_component>
      <object_component id="oc-9a9">
         <name>.text:spi_Read_CPU</name>
         <load_address>0x2000ec34</load_address>
         <run_address>0x2000ec34</run_address>
         <size>0x80</size>
         <input_file_ref idref="fl-18"/>
      </object_component>
      <object_component id="oc-894">
         <name>.text:spi_Write_CPU</name>
         <load_address>0x2000ecb4</load_address>
         <run_address>0x2000ecb4</run_address>
         <size>0x80</size>
         <input_file_ref idref="fl-18"/>
      </object_component>
      <object_component id="oc-af">
         <name>.text</name>
         <load_address>0x2000ed34</load_address>
         <run_address>0x2000ed34</run_address>
         <size>0x7a</size>
         <input_file_ref idref="fl-e3"/>
      </object_component>
      <object_component id="oc-561">
         <name>.text:spi_Close</name>
         <load_address>0x2000edb0</load_address>
         <run_address>0x2000edb0</run_address>
         <size>0x78</size>
         <input_file_ref idref="fl-18"/>
      </object_component>
      <object_component id="oc-322">
         <name>.text:UARTConfigSetExpClk</name>
         <load_address>0x2000ee28</load_address>
         <run_address>0x2000ee28</run_address>
         <size>0x76</size>
         <input_file_ref idref="fl-1f"/>
      </object_component>
      <object_component id="oc-64b">
         <name>.text:split</name>
         <load_address>0x2000eea0</load_address>
         <run_address>0x2000eea0</run_address>
         <size>0x70</size>
         <input_file_ref idref="fl-e8"/>
      </object_component>
      <object_component id="oc-8d3">
         <name>.text:_mcpy</name>
         <load_address>0x2000ef10</load_address>
         <run_address>0x2000ef10</run_address>
         <size>0x6e</size>
         <input_file_ref idref="fl-ec"/>
      </object_component>
      <object_component id="oc-a4a">
         <name>.text:_SlDrvCmdSend</name>
         <load_address>0x2000ef80</load_address>
         <run_address>0x2000ef80</run_address>
         <size>0x6c</size>
         <input_file_ref idref="fl-13"/>
      </object_component>
      <object_component id="oc-9ff">
         <name>.text:_sl_NetAppSendTokenValue</name>
         <load_address>0x2000efec</load_address>
         <run_address>0x2000efec</run_address>
         <size>0x6c</size>
         <input_file_ref idref="fl-14"/>
      </object_component>
      <object_component id="oc-3ee">
         <name>.text:TimerIntUnregister</name>
         <load_address>0x2000f058</load_address>
         <run_address>0x2000f058</run_address>
         <size>0x68</size>
         <input_file_ref idref="fl-1e"/>
      </object_component>
      <object_component id="oc-12">
         <name>.text:decompress:lzss:__TI_decompress_lzss</name>
         <load_address>0x2000f0c0</load_address>
         <run_address>0x2000f0c0</run_address>
         <size>0x68</size>
         <input_file_ref idref="fl-e6"/>
      </object_component>
      <object_component id="oc-a0f">
         <name>.text:_sl_HandleAsync_Accept</name>
         <load_address>0x2000f128</load_address>
         <run_address>0x2000f128</run_address>
         <size>0x64</size>
         <input_file_ref idref="fl-16"/>
      </object_component>
      <object_component id="oc-282">
         <name>.text:sl_NetAppMDNSUnRegisterService</name>
         <load_address>0x2000f18c</load_address>
         <run_address>0x2000f18c</run_address>
         <size>0x64</size>
         <input_file_ref idref="fl-14"/>
      </object_component>
      <object_component id="oc-477">
         <name>.text:uDMAChannelAttributeDisable</name>
         <load_address>0x2000f1f0</load_address>
         <run_address>0x2000f1f0</run_address>
         <size>0x64</size>
         <input_file_ref idref="fl-20"/>
      </object_component>
      <object_component id="oc-49b">
         <name>.text:uDMAChannelAttributeEnable</name>
         <load_address>0x2000f254</load_address>
         <run_address>0x2000f254</run_address>
         <size>0x64</size>
         <input_file_ref idref="fl-20"/>
      </object_component>
      <object_component id="oc-199">
         <name>.text:sl_Close</name>
         <load_address>0x2000f2b8</load_address>
         <run_address>0x2000f2b8</run_address>
         <size>0x60</size>
         <input_file_ref idref="fl-16"/>
      </object_component>
      <object_component id="oc-26a">
         <name>.text:sl_WlanProfileDel</name>
         <load_address>0x2000f318</load_address>
         <run_address>0x2000f318</run_address>
         <size>0x60</size>
         <input_file_ref idref="fl-17"/>
      </object_component>
      <object_component id="oc-252">
         <name>.text:sl_WlanSetMode</name>
         <load_address>0x2000f378</load_address>
         <run_address>0x2000f378</run_address>
         <size>0x60</size>
         <input_file_ref idref="fl-17"/>
      </object_component>
      <object_component id="oc-8e8">
         <name>.text:frexp</name>
         <load_address>0x2000f3d8</load_address>
         <run_address>0x2000f3d8</run_address>
         <size>0x5c</size>
         <input_file_ref idref="fl-101"/>
      </object_component>
      <object_component id="oc-755">
         <name>.text:IntPendClear</name>
         <load_address>0x2000f434</load_address>
         <run_address>0x2000f434</run_address>
         <size>0x58</size>
         <input_file_ref idref="fl-1a"/>
      </object_component>
      <object_component id="oc-3be">
         <name>.text:PRCMPeripheralReset</name>
         <load_address>0x2000f48c</load_address>
         <run_address>0x2000f48c</run_address>
         <size>0x58</size>
         <input_file_ref idref="fl-1c"/>
      </object_component>
      <object_component id="oc-7e2">
         <name>.text:_pconv_f</name>
         <load_address>0x2000f4e4</load_address>
         <run_address>0x2000f4e4</run_address>
         <size>0x56</size>
         <input_file_ref idref="fl-ec"/>
      </object_component>
      <object_component id="oc-410">
         <name>.text:IntPrioritySet</name>
         <load_address>0x2000f53c</load_address>
         <run_address>0x2000f53c</run_address>
         <size>0x54</size>
         <input_file_ref idref="fl-1a"/>
      </object_component>
      <object_component id="oc-a1b">
         <name>.text:_sl_HandleAsync_Select</name>
         <load_address>0x2000f590</load_address>
         <run_address>0x2000f590</run_address>
         <size>0x54</size>
         <input_file_ref idref="fl-16"/>
      </object_component>
      <object_component id="oc-8bd">
         <name>.text:ltoa</name>
         <load_address>0x2000f5e4</load_address>
         <run_address>0x2000f5e4</run_address>
         <size>0x54</size>
         <input_file_ref idref="fl-fc"/>
      </object_component>
      <object_component id="oc-8cd">
         <name>.text:_ecpy</name>
         <load_address>0x2000f638</load_address>
         <run_address>0x2000f638</run_address>
         <size>0x52</size>
         <input_file_ref idref="fl-ec"/>
      </object_component>
      <object_component id="oc-545">
         <name>.text:_SlDrvRxIrqHandler</name>
         <load_address>0x2000f68c</load_address>
         <run_address>0x2000f68c</run_address>
         <size>0x50</size>
         <input_file_ref idref="fl-13"/>
      </object_component>
      <object_component id="oc-a21">
         <name>.text:_sl_HandleAsync_Stop</name>
         <load_address>0x2000f6dc</load_address>
         <run_address>0x2000f6dc</run_address>
         <size>0x50</size>
         <input_file_ref idref="fl-12"/>
      </object_component>
      <object_component id="oc-1c5">
         <name>.text</name>
         <load_address>0x2000f72c</load_address>
         <run_address>0x2000f72c</run_address>
         <size>0x50</size>
         <input_file_ref idref="fl-6"/>
      </object_component>
      <object_component id="oc-733">
         <name>.text:SPIIntEnable</name>
         <load_address>0x2000f77c</load_address>
         <run_address>0x2000f77c</run_address>
         <size>0x4c</size>
         <input_file_ref idref="fl-1d"/>
      </object_component>
      <object_component id="oc-51b">
         <name>.text:_SlDrvProtectAsyncRespSetting</name>
         <load_address>0x2000f7c8</load_address>
         <run_address>0x2000f7c8</run_address>
         <size>0x4c</size>
         <input_file_ref idref="fl-13"/>
      </object_component>
      <object_component id="oc-2fb">
         <name>.text:_sl_BuildAddress</name>
         <load_address>0x2000f814</load_address>
         <run_address>0x2000f814</run_address>
         <size>0x4c</size>
         <input_file_ref idref="fl-16"/>
      </object_component>
      <object_component id="oc-7cb">
         <name>.text:atoi</name>
         <load_address>0x2000f860</load_address>
         <run_address>0x2000f860</run_address>
         <size>0x4c</size>
         <input_file_ref idref="fl-fa"/>
      </object_component>
      <object_component id="oc-471">
         <name>.text:uDMAChannelAssign</name>
         <load_address>0x2000f8ac</load_address>
         <run_address>0x2000f8ac</run_address>
         <size>0x4c</size>
         <input_file_ref idref="fl-20"/>
      </object_component>
      <object_component id="oc-86a">
         <name>.text:SPIIntClear</name>
         <load_address>0x2000f8f8</load_address>
         <run_address>0x2000f8f8</run_address>
         <size>0x48</size>
         <input_file_ref idref="fl-1d"/>
      </object_component>
      <object_component id="oc-57d">
         <name>.text:_SlDrvBasicCmd</name>
         <load_address>0x2000f940</load_address>
         <run_address>0x2000f940</run_address>
         <size>0x48</size>
         <input_file_ref idref="fl-13"/>
      </object_component>
      <object_component id="oc-8b8">
         <name>.text</name>
         <load_address>0x2000f988</load_address>
         <run_address>0x2000f988</run_address>
         <size>0x48</size>
         <input_file_ref idref="fl-f2"/>
      </object_component>
      <object_component id="oc-859">
         <name>.text:SPIDmaMaskGet</name>
         <load_address>0x2000f9d0</load_address>
         <run_address>0x2000f9d0</run_address>
         <size>0x44</size>
         <input_file_ref idref="fl-1d"/>
      </object_component>
      <object_component id="oc-3c4">
         <name>.text:TimerConfigure</name>
         <load_address>0x2000fa14</load_address>
         <run_address>0x2000fa14</run_address>
         <size>0x44</size>
         <input_file_ref idref="fl-1e"/>
      </object_component>
      <object_component id="oc-a43">
         <name>.text:_SlDrvHandleHttpServerEvents</name>
         <load_address>0x2000fa58</load_address>
         <run_address>0x2000fa58</run_address>
         <size>0x44</size>
         <input_file_ref idref="fl-13"/>
      </object_component>
      <object_component id="oc-1e3">
         <name>.text:__TI_auto_init_nobinit_nopinit:__TI_auto_init_nobinit_nopinit</name>
         <load_address>0x2000fa9c</load_address>
         <run_address>0x2000fa9c</run_address>
         <size>0x44</size>
         <input_file_ref idref="fl-f4"/>
      </object_component>
      <object_component id="oc-93c">
         <name>.text:cc_SetupTransfer</name>
         <load_address>0x2000fae0</load_address>
         <run_address>0x2000fae0</run_address>
         <size>0x44</size>
         <input_file_ref idref="fl-18"/>
      </object_component>
      <object_component id="oc-6ba">
         <name>.text:PinModeSet</name>
         <load_address>0x2000fb24</load_address>
         <run_address>0x2000fb24</run_address>
         <size>0x40</size>
         <input_file_ref idref="fl-1b"/>
      </object_component>
      <object_component id="oc-9e5">
         <name>.text:_SlDrvHandleNetAppEvents</name>
         <load_address>0x2000fb64</load_address>
         <run_address>0x2000fb64</run_address>
         <size>0x40</size>
         <input_file_ref idref="fl-13"/>
      </object_component>
      <object_component id="oc-9df">
         <name>.text:_SlDrvHandleWlanEvents</name>
         <load_address>0x2000fba4</load_address>
         <run_address>0x2000fba4</run_address>
         <size>0x40</size>
         <input_file_ref idref="fl-13"/>
      </object_component>
      <object_component id="oc-533">
         <name>.text:_SlDrvSyncObjWaitTimeout</name>
         <load_address>0x2000fbe4</load_address>
         <run_address>0x2000fbe4</run_address>
         <size>0x40</size>
         <input_file_ref idref="fl-13"/>
      </object_component>
      <object_component id="oc-2f5">
         <name>.text:_sl_TruncatePayloadByProtocol</name>
         <load_address>0x2000fc24</load_address>
         <run_address>0x2000fc24</run_address>
         <size>0x40</size>
         <input_file_ref idref="fl-16"/>
      </object_component>
      <object_component id="oc-32e">
         <name>.text:vsnprintf</name>
         <load_address>0x2000fc64</load_address>
         <run_address>0x2000fc64</run_address>
         <size>0x40</size>
         <input_file_ref idref="fl-e0"/>
      </object_component>
      <object_component id="oc-8e0">
         <name>.text:_fcpy</name>
         <load_address>0x2000fca4</load_address>
         <run_address>0x2000fca4</run_address>
         <size>0x3e</size>
         <input_file_ref idref="fl-ec"/>
      </object_component>
      <object_component id="oc-a06">
         <name>.text:CopyPingResultsToReport</name>
         <load_address>0x2000fce2</load_address>
         <run_address>0x2000fce2</run_address>
         <size>0x3c</size>
         <input_file_ref idref="fl-14"/>
      </object_component>
      <object_component id="oc-3b8">
         <name>.text:PRCMPeripheralClkEnable</name>
         <load_address>0x2000fd20</load_address>
         <run_address>0x2000fd20</run_address>
         <size>0x3c</size>
         <input_file_ref idref="fl-1c"/>
      </object_component>
      <object_component id="oc-a2b">
         <name>.text:simplelink_timerA2_start</name>
         <load_address>0x2000fd5c</load_address>
         <run_address>0x2000fd5c</run_address>
         <size>0x3c</size>
         <input_file_ref idref="fl-18"/>
      </object_component>
      <object_component id="oc-495">
         <name>.text:uDMAChannelControlSet</name>
         <load_address>0x2000fd98</load_address>
         <run_address>0x2000fd98</run_address>
         <size>0x3c</size>
         <input_file_ref idref="fl-20"/>
      </object_component>
      <object_component id="oc-521">
         <name>.text:NwpPowerOff</name>
         <load_address>0x2000fdd4</load_address>
         <run_address>0x2000fdd4</run_address>
         <size>0x38</size>
         <input_file_ref idref="fl-18"/>
      </object_component>
      <object_component id="oc-e3">
         <name>.text</name>
         <load_address>0x2000fe0c</load_address>
         <run_address>0x2000fe0c</run_address>
         <size>0x38</size>
         <input_file_ref idref="fl-29"/>
      </object_component>
      <object_component id="oc-270">
         <name>.text:sl_WlanDisconnect</name>
         <load_address>0x2000fe44</load_address>
         <run_address>0x2000fe44</run_address>
         <size>0x38</size>
         <input_file_ref idref="fl-17"/>
      </object_component>
      <object_component id="oc-4c4">
         <name>.text:GPIODirModeSet</name>
         <load_address>0x2000fe7c</load_address>
         <run_address>0x2000fe7c</run_address>
         <size>0x36</size>
         <input_file_ref idref="fl-19"/>
      </object_component>
      <object_component id="oc-29d">
         <name>.text:strncpy</name>
         <load_address>0x2000feb2</load_address>
         <run_address>0x2000feb2</run_address>
         <size>0x36</size>
         <input_file_ref idref="fl-ea"/>
      </object_component>
      <object_component id="oc-52d">
         <name>.text:NwpPowerOn</name>
         <load_address>0x2000fee8</load_address>
         <run_address>0x2000fee8</run_address>
         <size>0x34</size>
         <input_file_ref idref="fl-18"/>
      </object_component>
      <object_component id="oc-715">
         <name>.text:PRCMPeripheralStatusGet</name>
         <load_address>0x2000ff1c</load_address>
         <run_address>0x2000ff1c</run_address>
         <size>0x34</size>
         <input_file_ref idref="fl-1c"/>
      </object_component>
      <object_component id="oc-72d">
         <name>.text:SPIFIFOLevelSet</name>
         <load_address>0x2000ff50</load_address>
         <run_address>0x2000ff50</run_address>
         <size>0x34</size>
         <input_file_ref idref="fl-1d"/>
      </object_component>
      <object_component id="oc-4be">
         <name>.text:PinTypeGPIO</name>
         <load_address>0x2000ff84</load_address>
         <run_address>0x2000ff84</run_address>
         <size>0x30</size>
         <input_file_ref idref="fl-1b"/>
      </object_component>
      <object_component id="oc-61b">
         <name>.text:UARTDisable</name>
         <load_address>0x2000ffb4</load_address>
         <run_address>0x2000ffb4</run_address>
         <size>0x30</size>
         <input_file_ref idref="fl-1f"/>
      </object_component>
      <object_component id="oc-62f">
         <name>.text:_outs</name>
         <load_address>0x2000ffe4</load_address>
         <run_address>0x2000ffe4</run_address>
         <size>0x30</size>
         <input_file_ref idref="fl-e0"/>
      </object_component>
      <object_component id="oc-8c3">
         <name>.text</name>
         <load_address>0x20010014</load_address>
         <run_address>0x20010014</run_address>
         <size>0x2e</size>
         <input_file_ref idref="fl-f3"/>
      </object_component>
      <object_component id="oc-745">
         <name>.text:DmaSpiSwIntHandler</name>
         <load_address>0x20010044</load_address>
         <run_address>0x20010044</run_address>
         <size>0x2c</size>
         <input_file_ref idref="fl-18"/>
      </object_component>
      <object_component id="oc-43e">
         <name>.text:PRCMSysResetCauseGet</name>
         <load_address>0x20010070</load_address>
         <run_address>0x20010070</run_address>
         <size>0x2c</size>
         <input_file_ref idref="fl-1c"/>
      </object_component>
      <object_component id="oc-3d6">
         <name>.text:TimerLoadSet</name>
         <load_address>0x2001009c</load_address>
         <run_address>0x2001009c</run_address>
         <size>0x2a</size>
         <input_file_ref idref="fl-1e"/>
      </object_component>
      <object_component id="oc-3ca">
         <name>.text:TimerPrescaleSet</name>
         <load_address>0x200100c6</load_address>
         <run_address>0x200100c6</run_address>
         <size>0x2a</size>
         <input_file_ref idref="fl-1e"/>
      </object_component>
      <object_component id="oc-450">
         <name>.text:PRCMPeripheralClkDisable</name>
         <load_address>0x200100f0</load_address>
         <run_address>0x200100f0</run_address>
         <size>0x28</size>
         <input_file_ref idref="fl-1c"/>
      </object_component>
      <object_component id="oc-5eb">
         <name>.text:_SlDrvObjGlobalLockWaitForever</name>
         <load_address>0x20010118</load_address>
         <run_address>0x20010118</run_address>
         <size>0x28</size>
         <input_file_ref idref="fl-13"/>
      </object_component>
      <object_component id="oc-5b8">
         <name>.text:_SlDrvProtectionObjLockWaitForever</name>
         <load_address>0x20010140</load_address>
         <run_address>0x20010140</run_address>
         <size>0x28</size>
         <input_file_ref idref="fl-13"/>
      </object_component>
      <object_component id="oc-4fa">
         <name>.text:free_list_insert</name>
         <load_address>0x20010168</load_address>
         <run_address>0x20010168</run_address>
         <size>0x28</size>
         <input_file_ref idref="fl-e8"/>
      </object_component>
      <object_component id="oc-527">
         <name>.text:NwpRegisterInterruptHandler</name>
         <load_address>0x20010190</load_address>
         <run_address>0x20010190</run_address>
         <size>0x26</size>
         <input_file_ref idref="fl-18"/>
      </object_component>
      <object_component id="oc-a5b">
         <name>.text</name>
         <load_address>0x200101b6</load_address>
         <run_address>0x200101b6</run_address>
         <size>0x26</size>
         <input_file_ref idref="fl-4"/>
      </object_component>
      <object_component id="oc-41c">
         <name>.text:IntUnregister</name>
         <load_address>0x200101dc</load_address>
         <run_address>0x200101dc</run_address>
         <size>0x24</size>
         <input_file_ref idref="fl-1a"/>
      </object_component>
      <object_component id="oc-621">
         <name>.text:UARTEnable</name>
         <load_address>0x20010200</load_address>
         <run_address>0x20010200</run_address>
         <size>0x24</size>
         <input_file_ref idref="fl-1f"/>
      </object_component>
      <object_component id="oc-5f1">
         <name>.text:_SlDrvGlobalObjUnLock</name>
         <load_address>0x20010224</load_address>
         <run_address>0x20010224</run_address>
         <size>0x24</size>
         <input_file_ref idref="fl-13"/>
      </object_component>
      <object_component id="oc-5be">
         <name>.text:_SlDrvProtectionObjUnLock</name>
         <load_address>0x20010248</load_address>
         <run_address>0x20010248</run_address>
         <size>0x24</size>
         <input_file_ref idref="fl-13"/>
      </object_component>
      <object_component id="oc-5c4">
         <name>.text:_SlDrvSyncObjWaitForever</name>
         <load_address>0x2001026c</load_address>
         <run_address>0x2001026c</run_address>
         <size>0x24</size>
         <input_file_ref idref="fl-13"/>
      </object_component>
      <object_component id="oc-63">
         <name>.text:_c_int00_noargs:_c_int00_noargs</name>
         <load_address>0x20010290</load_address>
         <run_address>0x20010290</run_address>
         <size>0x24</size>
         <input_file_ref idref="fl-eb"/>
      </object_component>
      <object_component id="oc-340">
         <name>.text:memmove</name>
         <load_address>0x200102b4</load_address>
         <run_address>0x200102b4</run_address>
         <size>0x24</size>
         <input_file_ref idref="fl-e7"/>
      </object_component>
      <object_component id="oc-709">
         <name>.text:SPIReset</name>
         <load_address>0x200102d8</load_address>
         <run_address>0x200102d8</run_address>
         <size>0x22</size>
         <input_file_ref idref="fl-1d"/>
      </object_component>
      <object_component id="oc-88e">
         <name>.text:SPIWordCountSet</name>
         <load_address>0x200102fa</load_address>
         <run_address>0x200102fa</run_address>
         <size>0x22</size>
         <input_file_ref idref="fl-1d"/>
      </object_component>
      <object_component id="oc-5df">
         <name>.text:_SlDrvObjLockWaitForever</name>
         <load_address>0x2001031c</load_address>
         <run_address>0x2001031c</run_address>
         <size>0x22</size>
         <input_file_ref idref="fl-13"/>
      </object_component>
      <object_component id="oc-3a2">
         <name>.text:GPIOPinWrite</name>
         <load_address>0x2001033e</load_address>
         <run_address>0x2001033e</run_address>
         <size>0x20</size>
         <input_file_ref idref="fl-19"/>
      </object_component>
      <object_component id="oc-40a">
         <name>.text:IntRegister</name>
         <load_address>0x20010360</load_address>
         <run_address>0x20010360</run_address>
         <size>0x20</size>
         <input_file_ref idref="fl-1a"/>
      </object_component>
      <object_component id="oc-55b">
         <name>.text:NwpPrePowerOffTimout0</name>
         <load_address>0x20010380</load_address>
         <run_address>0x20010380</run_address>
         <size>0x20</size>
         <input_file_ref idref="fl-18"/>
      </object_component>
      <object_component id="oc-9cd">
         <name>.text:TimerGetCurrentTimestamp</name>
         <load_address>0x200103a0</load_address>
         <run_address>0x200103a0</run_address>
         <size>0x20</size>
         <input_file_ref idref="fl-18"/>
      </object_component>
      <object_component id="oc-3e2">
         <name>.text:TimerDisable</name>
         <load_address>0x200103c0</load_address>
         <run_address>0x200103c0</run_address>
         <size>0x1e</size>
         <input_file_ref idref="fl-1e"/>
      </object_component>
      <object_component id="oc-3dc">
         <name>.text:TimerEnable</name>
         <load_address>0x200103de</load_address>
         <run_address>0x200103de</run_address>
         <size>0x1e</size>
         <input_file_ref idref="fl-1e"/>
      </object_component>
      <object_component id="oc-163">
         <name>.text:TimerIntStatus</name>
         <load_address>0x200103fc</load_address>
         <run_address>0x200103fc</run_address>
         <size>0x1e</size>
         <input_file_ref idref="fl-1e"/>
      </object_component>
      <object_component id="oc-328">
         <name>.text:UARTCharPut</name>
         <load_address>0x2001041a</load_address>
         <run_address>0x2001041a</run_address>
         <size>0x1e</size>
         <input_file_ref idref="fl-1f"/>
      </object_component>
      <object_component id="oc-5e5">
         <name>.text:_SlDrvObjUnLock</name>
         <load_address>0x20010438</load_address>
         <run_address>0x20010438</run_address>
         <size>0x1e</size>
         <input_file_ref idref="fl-13"/>
      </object_component>
      <object_component id="oc-770">
         <name>.text:_SlDrvSyncObjSignal</name>
         <load_address>0x20010456</load_address>
         <run_address>0x20010456</run_address>
         <size>0x1e</size>
         <input_file_ref idref="fl-13"/>
      </object_component>
      <object_component id="oc-71b">
         <name>.text:cc_UDMAChannelSelect</name>
         <load_address>0x20010474</load_address>
         <run_address>0x20010474</run_address>
         <size>0x1e</size>
         <input_file_ref idref="fl-18"/>
      </object_component>
      <object_component id="oc-3f4">
         <name>.text:TimerValueGet</name>
         <load_address>0x20010492</load_address>
         <run_address>0x20010492</run_address>
         <size>0x1c</size>
         <input_file_ref idref="fl-1e"/>
      </object_component>
      <object_component id="oc-33a">
         <name>.text:UARTCharGetNonBlocking</name>
         <load_address>0x200104ae</load_address>
         <run_address>0x200104ae</run_address>
         <size>0x1c</size>
         <input_file_ref idref="fl-1f"/>
      </object_component>
      <object_component id="oc-980">
         <name>.text:_SlDrvStartMeasureTimeout</name>
         <load_address>0x200104ca</load_address>
         <run_address>0x200104ca</run_address>
         <size>0x1c</size>
         <input_file_ref idref="fl-13"/>
      </object_component>
      <object_component id="oc-4f4">
         <name>.text:free_list_remove</name>
         <load_address>0x200104e8</load_address>
         <run_address>0x200104e8</run_address>
         <size>0x1c</size>
         <input_file_ref idref="fl-e8"/>
      </object_component>
      <object_component id="oc-7f4">
         <name>.text:memccpy</name>
         <load_address>0x20010504</load_address>
         <run_address>0x20010504</run_address>
         <size>0x1c</size>
         <input_file_ref idref="fl-fd"/>
      </object_component>
      <object_component id="oc-483">
         <name>.text:uDMAChannelDisable</name>
         <load_address>0x20010520</load_address>
         <run_address>0x20010520</run_address>
         <size>0x1c</size>
         <input_file_ref idref="fl-20"/>
      </object_component>
      <object_component id="oc-4a7">
         <name>.text:uDMAChannelEnable</name>
         <load_address>0x2001053c</load_address>
         <run_address>0x2001053c</run_address>
         <size>0x1c</size>
         <input_file_ref idref="fl-20"/>
      </object_component>
      <object_component id="oc-47d">
         <name>.text:uDMAChannelRequest</name>
         <load_address>0x20010558</load_address>
         <run_address>0x20010558</run_address>
         <size>0x1c</size>
         <input_file_ref idref="fl-20"/>
      </object_component>
      <object_component id="oc-39c">
         <name>.text:GPIOIntEnable</name>
         <load_address>0x20010574</load_address>
         <run_address>0x20010574</run_address>
         <size>0x1a</size>
         <input_file_ref idref="fl-19"/>
      </object_component>
      <object_component id="oc-4b8">
         <name>.text:PinTypeUART</name>
         <load_address>0x2001058e</load_address>
         <run_address>0x2001058e</run_address>
         <size>0x1a</size>
         <input_file_ref idref="fl-1b"/>
      </object_component>
      <object_component id="oc-78d">
         <name>.text:SPIDmaDisable</name>
         <load_address>0x200105a8</load_address>
         <run_address>0x200105a8</run_address>
         <size>0x1a</size>
         <input_file_ref idref="fl-1d"/>
      </object_component>
      <object_component id="oc-727">
         <name>.text:SPIDmaEnable</name>
         <load_address>0x200105c2</load_address>
         <run_address>0x200105c2</run_address>
         <size>0x1a</size>
         <input_file_ref idref="fl-1d"/>
      </object_component>
      <object_component id="oc-787">
         <name>.text:SPIFIFODisable</name>
         <load_address>0x200105dc</load_address>
         <run_address>0x200105dc</run_address>
         <size>0x1a</size>
         <input_file_ref idref="fl-1d"/>
      </object_component>
      <object_component id="oc-721">
         <name>.text:SPIFIFOEnable</name>
         <load_address>0x200105f6</load_address>
         <run_address>0x200105f6</run_address>
         <size>0x1a</size>
         <input_file_ref idref="fl-1d"/>
      </object_component>
      <object_component id="oc-3a8">
         <name>.text:GPIOPinRead</name>
         <load_address>0x20010610</load_address>
         <run_address>0x20010610</run_address>
         <size>0x18</size>
         <input_file_ref idref="fl-19"/>
      </object_component>
      <object_component id="oc-6fd">
         <name>.text:SPICSDisable</name>
         <load_address>0x20010628</load_address>
         <run_address>0x20010628</run_address>
         <size>0x18</size>
         <input_file_ref idref="fl-1d"/>
      </object_component>
      <object_component id="oc-888">
         <name>.text:SPICSEnable</name>
         <load_address>0x20010640</load_address>
         <run_address>0x20010640</run_address>
         <size>0x18</size>
         <input_file_ref idref="fl-1d"/>
      </object_component>
      <object_component id="oc-703">
         <name>.text:SPIDisable</name>
         <load_address>0x20010658</load_address>
         <run_address>0x20010658</run_address>
         <size>0x18</size>
         <input_file_ref idref="fl-1d"/>
      </object_component>
      <object_component id="oc-739">
         <name>.text:SPIEnable</name>
         <load_address>0x20010670</load_address>
         <run_address>0x20010670</run_address>
         <size>0x18</size>
         <input_file_ref idref="fl-1d"/>
      </object_component>
      <object_component id="oc-3e8">
         <name>.text:TimerIntDisable</name>
         <load_address>0x20010688</load_address>
         <run_address>0x20010688</run_address>
         <size>0x18</size>
         <input_file_ref idref="fl-1e"/>
      </object_component>
      <object_component id="oc-3d0">
         <name>.text:TimerIntEnable</name>
         <load_address>0x200106a0</load_address>
         <run_address>0x200106a0</run_address>
         <size>0x18</size>
         <input_file_ref idref="fl-1e"/>
      </object_component>
      <object_component id="oc-334">
         <name>.text:UARTCharsAvail</name>
         <load_address>0x200106b8</load_address>
         <run_address>0x200106b8</run_address>
         <size>0x18</size>
         <input_file_ref idref="fl-1f"/>
      </object_component>
      <object_component id="oc-635">
         <name>.text:_outc</name>
         <load_address>0x200106d0</load_address>
         <run_address>0x200106d0</run_address>
         <size>0x18</size>
         <input_file_ref idref="fl-e0"/>
      </object_component>
      <object_component id="oc-53f">
         <name>.text:_sl_GetStartResponseConvert</name>
         <load_address>0x200106e8</load_address>
         <run_address>0x200106e8</run_address>
         <size>0x18</size>
         <input_file_ref idref="fl-12"/>
      </object_component>
      <object_component id="oc-444">
         <name>.text:PRCMHIBRegRead</name>
         <load_address>0x20010700</load_address>
         <run_address>0x20010700</run_address>
         <size>0x16</size>
         <input_file_ref idref="fl-1c"/>
      </object_component>
      <object_component id="oc-44a">
         <name>.text:PRCMHIBRegWrite</name>
         <load_address>0x20010716</load_address>
         <run_address>0x20010716</run_address>
         <size>0x16</size>
         <input_file_ref idref="fl-1c"/>
      </object_component>
      <object_component id="oc-5a2">
         <name>.text:_SlDrvMemZero</name>
         <load_address>0x2001072c</load_address>
         <run_address>0x2001072c</run_address>
         <size>0x16</size>
         <input_file_ref idref="fl-13"/>
      </object_component>
      <object_component id="oc-8f4">
         <name>.text:strchr</name>
         <load_address>0x20010742</load_address>
         <run_address>0x20010742</run_address>
         <size>0x16</size>
         <input_file_ref idref="fl-fe"/>
      </object_component>
      <object_component id="oc-433">
         <name>.text:CPUcpsie</name>
         <load_address>0x20010758</load_address>
         <run_address>0x20010758</run_address>
         <size>0x14</size>
         <input_file_ref idref="fl-22"/>
      </object_component>
      <object_component id="oc-396">
         <name>.text:GPIOIntClear</name>
         <load_address>0x2001076c</load_address>
         <run_address>0x2001076c</run_address>
         <size>0x14</size>
         <input_file_ref idref="fl-19"/>
      </object_component>
      <object_component id="oc-1a3">
         <name>.text:IntVTableBaseSet</name>
         <load_address>0x20010780</load_address>
         <run_address>0x20010780</run_address>
         <size>0x14</size>
         <input_file_ref idref="fl-1a"/>
      </object_component>
      <object_component id="oc-181">
         <name>.text:strlen</name>
         <load_address>0x20010794</load_address>
         <run_address>0x20010794</run_address>
         <size>0x14</size>
         <input_file_ref idref="fl-e9"/>
      </object_component>
      <object_component id="oc-46b">
         <name>.text:uDMAControlBaseSet</name>
         <load_address>0x200107a8</load_address>
         <run_address>0x200107a8</run_address>
         <size>0x14</size>
         <input_file_ref idref="fl-20"/>
      </object_component>
      <object_component id="oc-45f">
         <name>.text:uDMAIntClear</name>
         <load_address>0x200107bc</load_address>
         <run_address>0x200107bc</run_address>
         <size>0x14</size>
         <input_file_ref idref="fl-20"/>
      </object_component>
      <object_component id="oc-169">
         <name>.text:TimerIntClear</name>
         <load_address>0x200107d0</load_address>
         <run_address>0x200107d0</run_address>
         <size>0x12</size>
         <input_file_ref idref="fl-1e"/>
      </object_component>
      <object_component id="oc-489">
         <name>.text:uDMAIntUnregister</name>
         <load_address>0x200107e2</load_address>
         <run_address>0x200107e2</run_address>
         <size>0x12</size>
         <input_file_ref idref="fl-20"/>
      </object_component>
      <object_component id="oc-7fa">
         <name>.text:wcslen</name>
         <load_address>0x200107f4</load_address>
         <run_address>0x200107f4</run_address>
         <size>0x12</size>
         <input_file_ref idref="fl-100"/>
      </object_component>
      <object_component id="oc-9f9">
         <name>.text:_SlDrvDispatchHttpServerEvents</name>
         <load_address>0x20010806</load_address>
         <run_address>0x20010806</run_address>
         <size>0x10</size>
         <input_file_ref idref="fl-13"/>
      </object_component>
      <object_component id="oc-2ef">
         <name>.text:_SlDrvResetCmdExt</name>
         <load_address>0x20010816</load_address>
         <run_address>0x20010816</run_address>
         <size>0xe</size>
         <input_file_ref idref="fl-13"/>
      </object_component>
      <object_component id="oc-18">
         <name>.text:decompress:none:__TI_decompress_none</name>
         <load_address>0x20010824</load_address>
         <run_address>0x20010824</run_address>
         <size>0xe</size>
         <input_file_ref idref="fl-e5"/>
      </object_component>
      <object_component id="oc-26">
         <name>.text</name>
         <load_address>0x20010832</load_address>
         <run_address>0x20010832</run_address>
         <size>0xe</size>
         <input_file_ref idref="fl-7"/>
      </object_component>
      <object_component id="oc-74e">
         <name>.text:NwpMaskInterrupt</name>
         <load_address>0x20010840</load_address>
         <run_address>0x20010840</run_address>
         <size>0xc</size>
         <input_file_ref idref="fl-18"/>
      </object_component>
      <object_component id="oc-75c">
[...]
      <symbol id="sm-1330">
         <name>vTaskSuspendAll</name>
         <value>0x20004c21</value>
         <object_component_ref idref="oc-82"/>
      </symbol>
      <symbol id="sm-1331">
         <name>vTaskPlaceOnEventList</name>
         <value>0x20005005</value>
         <object_component_ref idref="oc-82"/>
      </symbol>
      <symbol id="sm-1332">
         <name>vTaskSetTaskNumber</name>
         <value>0x20005239</value>
         <object_component_ref idref="oc-82"/>
      </symbol>
      <symbol id="sm-1333">
         <name>uxTaskPriorityGetFromISR</name>
         <value>0x20004839</value>
         <object_component_ref idref="oc-82"/>
      </symbol>
      <symbol id="sm-1334">
         <name>ulTaskNotifyTake</name>
         <value>0x200057c5</value>
         <object_component_ref idref="oc-82"/>
      </symbol>
      <symbol id="sm-1335">
         <name>pcTaskGetName</name>
         <value>0x20004d43</value>
         <object_component_ref idref="oc-82"/>
      </symbol>
      <symbol id="sm-1336">
         <name>xTaskCheckForTimeOut</name>
         <value>0x20005189</value>
         <object_component_ref idref="oc-82"/>
      </symbol>
      <symbol id="sm-1337">
         <name>vTaskRemoveFromUnorderedEventList</name>
         <value>0x200050d9</value>
         <object_component_ref idref="oc-82"/>
      </symbol>
      <symbol id="sm-1338">
         <name>vTaskPrioritySet</name>
         <value>0x20004885</value>
         <object_component_ref idref="oc-82"/>
      </symbol>
      <symbol id="sm-1339">
         <name>xTaskPriorityDisinherit</name>
         <value>0x20005609</value>
         <object_component_ref idref="oc-82"/>
      </symbol>
      <symbol id="sm-133a">
         <name>vTaskStartScheduler</name>
         <value>0x20004bb5</value>
         <object_component_ref idref="oc-82"/>
      </symbol>
      <symbol id="sm-133b">
         <name>vTaskInternalSetTimeOutState</name>
         <value>0x20005161</value>
         <object_component_ref idref="oc-82"/>
      </symbol>
      <symbol id="sm-133c">
         <name>xTaskNotifyStateClear</name>
         <value>0x20005b8f</value>
         <object_component_ref idref="oc-82"/>
      </symbol>
      <symbol id="sm-133d">
         <name>pvTaskIncrementMutexHeldCount</name>
         <value>0x200057a7</value>
         <object_component_ref idref="oc-82"/>
      </symbol>
      <symbol id="sm-133e">
         <name>xTaskGenericNotify</name>
         <value>0x200058e7</value>
         <object_component_ref idref="oc-82"/>
      </symbol>
      <symbol id="sm-133f">
         <name>vTaskPriorityDisinheritAfterTimeout</name>
         <value>0x200056ad</value>
         <object_component_ref idref="oc-82"/>
      </symbol>
      <symbol id="sm-1340">
         <name>xTaskCreate</name>
         <value>0x20004401</value>
         <object_component_ref idref="oc-82"/>
      </symbol>
      <symbol id="sm-1341">
         <name>vTaskDelayUntil</name>
         <value>0x200046a9</value>
         <object_component_ref idref="oc-82"/>
      </symbol>
      <symbol id="sm-1342">
         <name>uxTaskGetTaskNumber</name>
         <value>0x20005219</value>
         <object_component_ref idref="oc-82"/>
      </symbol>
      <symbol id="sm-1343">
         <name>vTaskEndScheduler</name>
         <value>0x20004bff</value>
         <object_component_ref idref="oc-82"/>
      </symbol>
      <symbol id="sm-1344">
         <name>xTaskNotifyWait</name>
         <value>0x20005845</value>
         <object_component_ref idref="oc-82"/>
      </symbol>
      <symbol id="sm-1345">
         <name>vTaskMissedYield</name>
         <value>0x20005207</value>
         <object_component_ref idref="oc-82"/>
      </symbol>
      <symbol id="sm-1346">
         <name>uxTaskGetNumberOfTasks</name>
         <value>0x20004d3d</value>
         <object_component_ref idref="oc-82"/>
      </symbol>
      <symbol id="sm-1347">
         <name>xTaskGenericNotifyFromISR</name>
         <value>0x200059d1</value>
         <object_component_ref idref="oc-82"/>
      </symbol>
      <symbol id="sm-1348">
         <name>vTaskGetInfo</name>
         <value>0x200052f9</value>
         <object_component_ref idref="oc-82"/>
      </symbol>
      <symbol id="sm-1349">
         <name>uxTaskPriorityGet</name>
         <value>0x20004809</value>
         <object_component_ref idref="oc-82"/>
      </symbol>
      <symbol id="sm-134a">
         <name>xTaskResumeAll</name>
         <value>0x20004c31</value>
         <object_component_ref idref="oc-82"/>
      </symbol>
      <symbol id="sm-134b">
         <name>xTaskGetTickCount</name>
         <value>0x20004d15</value>
         <object_component_ref idref="oc-82"/>
      </symbol>
      <symbol id="sm-134c">
         <name>uxTaskGetSystemState</name>
         <value>0x20004d69</value>
         <object_component_ref idref="oc-82"/>
      </symbol>
      <symbol id="sm-134d">
         <name>vTaskDelete</name>
         <value>0x200045fb</value>
         <object_component_ref idref="oc-82"/>
      </symbol>
      <symbol id="sm-134e">
         <name>pxCurrentTCB</name>
         <value>0x2001f8f0</value>
         <object_component_ref idref="oc-7c"/>
      </symbol>
      <symbol id="sm-134f">
         <name>vTaskNotifyGiveFromISR</name>
         <value>0x20005ae1</value>
         <object_component_ref idref="oc-82"/>
      </symbol>
      <symbol id="sm-1350">
         <name>eTaskGetState</name>
         <value>0x20004775</value>
         <object_component_ref idref="oc-82"/>
      </symbol>
      <symbol id="sm-1351">
         <name>vTaskSuspend</name>
         <value>0x2000499d</value>
         <object_component_ref idref="oc-82"/>
      </symbol>
      <symbol id="sm-1352">
         <name>xTaskGetIdleTaskHandle</name>
         <value>0x20004e3b</value>
         <object_component_ref idref="oc-82"/>
      </symbol>
      <symbol id="sm-1353">
         <name>xTaskGetTickCountFromISR</name>
         <value>0x20004d29</value>
         <object_component_ref idref="oc-82"/>
      </symbol>
      <symbol id="sm-1354">
         <name>vTaskResume</name>
         <value>0x20004aad</value>
         <object_component_ref idref="oc-82"/>
      </symbol>
      <symbol id="sm-1355">
         <name>vTaskSetTimeOutState</name>
         <value>0x2000513b</value>
         <object_component_ref idref="oc-82"/>
      </symbol>
      <symbol id="sm-1356">
         <name>xTaskIncrementTick</name>
         <value>0x20004e61</value>
         <object_component_ref idref="oc-82"/>
      </symbol>
      <symbol id="sm-1357">
         <name>vTaskSwitchContext</name>
         <value>0x20004f89</value>
         <object_component_ref idref="oc-82"/>
      </symbol>
      <symbol id="sm-1358">
         <name>uxTaskResetEventItemValue</name>
         <value>0x20005785</value>
         <object_component_ref idref="oc-82"/>
      </symbol>
      <symbol id="sm-1359">
         <name>xTaskGetSchedulerState</name>
         <value>0x200054db</value>
         <object_component_ref idref="oc-82"/>
      </symbol>
      <symbol id="sm-135a">
         <name>xTaskResumeFromISR</name>
         <value>0x20004b27</value>
         <object_component_ref idref="oc-82"/>
      </symbol>
      <symbol id="sm-135b">
         <name>xTaskGetCurrentTaskHandle</name>
         <value>0x200054cb</value>
         <object_component_ref idref="oc-82"/>
      </symbol>
      <symbol id="sm-135c">
         <name>vTaskPlaceOnUnorderedEventList</name>
         <value>0x20005021</value>
         <object_component_ref idref="oc-82"/>
      </symbol>
      <symbol id="sm-135d">
         <name>xTaskRemoveFromEventList</name>
         <value>0x2000505d</value>
         <object_component_ref idref="oc-82"/>
      </symbol>
      <symbol id="sm-135e">
         <name>xTaskPriorityInherit</name>
         <value>0x20005529</value>
         <object_component_ref idref="oc-82"/>
      </symbol>
      <symbol id="sm-136e">
         <name>pvPortMalloc</name>
         <value>0x2000fe0d</value>
         <object_component_ref idref="oc-e3"/>
      </symbol>
      <symbol id="sm-136f">
         <name>vPortFree</name>
         <value>0x2000fe2d</value>
         <object_component_ref idref="oc-e3"/>
      </symbol>
      <symbol id="sm-1385">
         <name>uxListRemove</name>
         <value>0x2000c595</value>
         <object_component_ref idref="oc-e9"/>
      </symbol>
      <symbol id="sm-1386">
         <name>vListInsert</name>
         <value>0x2000c52f</value>
         <object_component_ref idref="oc-e9"/>
      </symbol>
      <symbol id="sm-1387">
         <name>vListInitialiseItem</name>
         <value>0x2000c4e3</value>
         <object_component_ref idref="oc-e9"/>
      </symbol>
      <symbol id="sm-1388">
         <name>vListInsertEnd</name>
         <value>0x2000c4f3</value>
         <object_component_ref idref="oc-e9"/>
      </symbol>
      <symbol id="sm-1389">
         <name>vListInitialise</name>
         <value>0x2000c4b3</value>
         <object_component_ref idref="oc-e9"/>
      </symbol>
      <symbol id="sm-13b8">
         <name>vsnprintf</name>
         <value>0x2000fc65</value>
         <object_component_ref idref="oc-32e"/>
      </symbol>
      <symbol id="sm-13d3">
         <name>memcpy</name>
         <value>0x2000ded9</value>
         <object_component_ref idref="oc-45"/>
      </symbol>
      <symbol id="sm-13d4">
         <name>__aeabi_memcpy</name>
         <value>0x2000ded9</value>
         <object_component_ref idref="oc-45"/>
      </symbol>
      <symbol id="sm-13d5">
         <name>__aeabi_memcpy8</name>
         <value>0x2000ded9</value>
         <object_component_ref idref="oc-45"/>
      </symbol>
      <symbol id="sm-13d6">
         <name>__aeabi_memcpy4</name>
         <value>0x2000ded9</value>
         <object_component_ref idref="oc-45"/>
      </symbol>
      <symbol id="sm-13e3">
         <name>__aeabi_uldivmod</name>
         <value>0x2000e271</value>
         <object_component_ref idref="oc-8a2"/>
      </symbol>
      <symbol id="sm-13f2">
         <name>__aeabi_memset</name>
         <value>0x2000ed37</value>
         <object_component_ref idref="oc-af"/>
      </symbol>
      <symbol id="sm-13f3">
         <name>memset</name>
         <value>0x2000ed3d</value>
         <object_component_ref idref="oc-af"/>
      </symbol>
      <symbol id="sm-13f4">
         <name>__aeabi_memset8</name>
         <value>0x2000ed37</value>
         <object_component_ref idref="oc-af"/>
      </symbol>
      <symbol id="sm-13f5">
         <name>__aeabi_memset4</name>
         <value>0x2000ed37</value>
         <object_component_ref idref="oc-af"/>
      </symbol>
      <symbol id="sm-13f6">
         <name>__aeabi_memclr8</name>
         <value>0x2000ed35</value>
         <object_component_ref idref="oc-af"/>
      </symbol>
      <symbol id="sm-13f7">
         <name>__aeabi_memclr4</name>
         <value>0x2000ed35</value>
         <object_component_ref idref="oc-af"/>
      </symbol>
      <symbol id="sm-13f8">
         <name>__aeabi_memclr</name>
         <value>0x2000ed35</value>
         <object_component_ref idref="oc-af"/>
      </symbol>
      <symbol id="sm-140a">
         <name>__TI_zero_init</name>
         <value>0x20010865</value>
         <object_component_ref idref="oc-57"/>
      </symbol>
      <symbol id="sm-1421">
         <name>__TI_decompress_none</name>
         <value>0x20010825</value>
         <object_component_ref idref="oc-18"/>
      </symbol>
      <symbol id="sm-1444">
         <name>__TI_decompress_lzss</name>
         <value>0x2000f0c1</value>
         <object_component_ref idref="oc-12"/>
      </symbol>
      <symbol id="sm-1454">
         <name>memmove</name>
         <value>0x200102b5</value>
         <object_component_ref idref="oc-340"/>
      </symbol>
      <symbol id="sm-14f2">
         <name>_sys_memory</name>
         <value>0x20017000</value>
         <object_component_ref idref="oc-20"/>
      </symbol>
      <symbol id="sm-14f3">
         <name>free</name>
         <value>0x2000d1dd</value>
         <object_component_ref idref="oc-231"/>
      </symbol>
      <symbol id="sm-14f4">
         <name>realloc</name>
         <value>0x2000d0f5</value>
         <object_component_ref idref="oc-346"/>
      </symbol>
      <symbol id="sm-14f5">
         <name>memalign</name>
         <value>0x2000c93d</value>
         <object_component_ref idref="oc-4ed"/>
      </symbol>
      <symbol id="sm-14f6">
         <name>malloc</name>
         <value>0x200108a9</value>
         <object_component_ref idref="oc-22b"/>
      </symbol>
      <symbol id="sm-14f7">
         <name>aligned_alloc</name>
         <value>0x2000c93d</value>
         <object_component_ref idref="oc-4ed"/>
      </symbol>
      <symbol id="sm-1505">
         <name>strlen</name>
         <value>0x20010795</value>
         <object_component_ref idref="oc-181"/>
      </symbol>
      <symbol id="sm-1515">
         <name>strncpy</name>
         <value>0x2000feb3</value>
         <object_component_ref idref="oc-29d"/>
      </symbol>
      <symbol id="sm-1527">
         <name>__stack</name>
         <value>0x2002f800</value>
         <object_component_ref idref="oc-23"/>
      </symbol>
      <symbol id="sm-1528">
         <name>_c_int00_noargs</name>
         <value>0x20010291</value>
         <object_component_ref idref="oc-63"/>
      </symbol>
      <symbol id="sm-168d">
         <name>__TI_printfi</name>
         <value>0x20007d39</value>
         <object_component_ref idref="oc-629"/>
      </symbol>
      <symbol id="sm-1697">
         <name>__aeabi_idiv0</name>
         <value>0x2000dadb</value>
         <object_component_ref idref="oc-94b"/>
      </symbol>
      <symbol id="sm-1698">
         <name>__aeabi_ldiv0</name>
         <value>0x2000dadb</value>
         <object_component_ref idref="oc-94b"/>
      </symbol>
      <symbol id="sm-16af">
         <name>__aeabi_dsub</name>
         <value>0x2000b149</value>
         <object_component_ref idref="oc-8c8"/>
      </symbol>
      <symbol id="sm-16b0">
         <name>__aeabi_dadd</name>
         <value>0x2000b153</value>
         <object_component_ref idref="oc-8c8"/>
      </symbol>
      <symbol id="sm-16d2">
         <name>__aeabi_cdcmpeq</name>
         <value>0x2000e91d</value>
         <object_component_ref idref="oc-7d7"/>
      </symbol>
      <symbol id="sm-16d3">
         <name>__aeabi_cdcmple</name>
         <value>0x2000e91d</value>
         <object_component_ref idref="oc-7d7"/>
      </symbol>
      <symbol id="sm-16d4">
         <name>__aeabi_cdrcmple</name>
         <value>0x2000e9a3</value>
         <object_component_ref idref="oc-8b3"/>
      </symbol>
      <symbol id="sm-16e8">
         <name>__aeabi_ddiv</name>
         <value>0x2000c37d</value>
         <object_component_ref idref="oc-8ae"/>
      </symbol>
      <symbol id="sm-16f3">
         <name>__aeabi_dmul</name>
         <value>0x2000cb59</value>
         <object_component_ref idref="oc-8a9"/>
      </symbol>
      <symbol id="sm-16fd">
         <name>__aeabi_d2iz</name>
         <value>0x2000f989</value>
         <object_component_ref idref="oc-8b8"/>
      </symbol>
      <symbol id="sm-1707">
         <name>__aeabi_i2d</name>
         <value>0x20010015</value>
         <object_component_ref idref="oc-8c3"/>
      </symbol>
      <symbol id="sm-172f">
         <name>__TI_auto_init_nobinit_nopinit</name>
         <value>0x2000fa9d</value>
         <object_component_ref idref="oc-1e3"/>
      </symbol>
      <symbol id="sm-1739">
         <name>_system_pre_init</name>
         <value>0x200108b7</value>
         <object_component_ref idref="oc-b5"/>
      </symbol>
      <symbol id="sm-1745">
         <name>C$$EXIT</name>
         <value>0x200108bb</value>
         <object_component_ref idref="oc-1d7"/>
      </symbol>
      <symbol id="sm-1746">
         <name>abort</name>
         <value>0x200108bb</value>
         <object_component_ref idref="oc-1d7"/>
      </symbol>
      <symbol id="sm-175b">
         <name>_nop</name>
         <value>0x2000b2ff</value>
         <object_component_ref idref="oc-6cb"/>
      </symbol>
      <symbol id="sm-175c">
         <name>_lock</name>
         <value>0x2001f984</value>
         <object_component_ref idref="oc-4cf"/>
      </symbol>
      <symbol id="sm-175d">
         <name>_unlock</name>
         <value>0x2001f988</value>
         <object_component_ref idref="oc-4cf"/>
      </symbol>
      <symbol id="sm-1774">
         <name>atoi</name>
         <value>0x2000f861</value>
         <object_component_ref idref="oc-7cb"/>
      </symbol>
      <symbol id="sm-177f">
         <name>_ctypes_</name>
         <value>0x200108c0</value>
         <object_component_ref idref="oc-89d"/>
      </symbol>
      <symbol id="sm-178e">
         <name>ltoa</name>
         <value>0x2000f5e5</value>
         <object_component_ref idref="oc-8bd"/>
      </symbol>
      <symbol id="sm-179e">
         <name>memccpy</name>
         <value>0x20010505</value>
         <object_component_ref idref="oc-7f4"/>
      </symbol>
      <symbol id="sm-17ae">
         <name>strchr</name>
         <value>0x20010743</value>
         <object_component_ref idref="oc-8f4"/>
      </symbol>
      <symbol id="sm-17c4">
         <name>__aeabi_errno_addr</name>
         <value>0x200108a1</value>
         <object_component_ref idref="oc-800"/>
      </symbol>
      <symbol id="sm-17c5">
         <name>errno</name>
         <value>0x2001f998</value>
         <object_component_ref idref="oc-904"/>
      </symbol>
      <symbol id="sm-17de">
         <name>wcslen</name>
         <value>0x200107f5</value>
         <object_component_ref idref="oc-7fa"/>
      </symbol>
      <symbol id="sm-17fe">
         <name>frexpl</name>
         <value>0x2000f3d9</value>
         <object_component_ref idref="oc-8e8"/>
      </symbol>
      <symbol id="sm-17ff">
         <name>frexp</name>
         <value>0x2000f3d9</value>
         <object_component_ref idref="oc-8e8"/>
      </symbol>
      <symbol id="sm-181d">
         <name>scalbn</name>
         <value>0x2000d635</value>
         <object_component_ref idref="oc-8ee"/>
      </symbol>
      <symbol id="sm-181e">
         <name>scalbnl</name>
         <value>0x2000d635</value>
         <object_component_ref idref="oc-8ee"/>
      </symbol>
      <symbol id="sm-181f">
         <name>ldexpl</name>
         <value>0x2000d635</value>
         <object_component_ref idref="oc-8ee"/>
      </symbol>
      <symbol id="sm-1820">
         <name>ldexp</name>
         <value>0x2000d635</value>
         <object_component_ref idref="oc-8ee"/>
      </symbol>
      <symbol id="sm-182a">
         <name>copysign</name>
         <value>0x20010859</value>
         <object_component_ref idref="oc-964"/>
      </symbol>
      <symbol id="sm-182b">
         <name>copysignl</name>
         <value>0x20010859</value>
         <object_component_ref idref="oc-964"/>
      </symbol>
      <symbol id="sm-182c">
         <name>__TI_static_base__</name>
         <value>0x20010f58</value>
      </symbol>
      <symbol id="sm-182f">
         <name>__mpu_init</name>
         <value>0x0</value>
      </symbol>
      <symbol id="sm-1830">
         <name>_system_post_cinit</name>
         <value>0x0</value>
      </symbol>
   </symbol_table>
   <title>Link successful</title>
</link_info>
